======================================================================
MCP Router - Automated Test Orchestrator
======================================================================
Target URL: https://ifinsta.com
Test Profile: standard
Started at: 2026-04-08T05:02:27.570Z
======================================================================

node : [2026-04-08T05:02:27.574Z] [INFO ] [orchestrator] Starting 
orchestration  | 
{"url":"https://ifinsta.com","profile":"standard","viewports":2}
At line:1 char:1
+ node bin/run-test.js https://ifinsta.com standard 2>&1 | Tee-Object - ...
+ ~~~~~~~~~~~~~~~~~~~~~~~~~~~~~~~~~~~~~~~~~~~~~~~~~~~~~~
    + CategoryInfo          : NotSpecified: ([2026-04-08T05:...,"viewports":2} 
   :String) [], RemoteException
    + FullyQualifiedErrorId : NativeCommandError
 
[2026-04-08T05:02:27.584Z] [INFO ] [orchestrator] Running steps for viewport  
| {"label":"Desktop","width":1440,"height":900}
[2026-04-08T05:02:27.591Z] [INFO ] [extension-bridge] WebSocket server started 
 | {"port":9315}
[2026-04-08T05:02:27.592Z] [INFO ] [browser-manager] Launching browser  | 
{"sessionId":"session_1775624547592_rhi24x7","browserType":"chrome"}
[2026-04-08T05:02:27.594Z] [INFO ] [browser-manager] Launching Chrome  | 
{"chromePath":"C:\\Program Files\\Google\\Chrome\\Application\\chrome.exe","ext
ensionDir":"C:\\Users\\user\\CascadeProjects\\mcp-router-for-antigravity\\chrom
e-extension","userDataDir":"C:\\Users\\user\\AppData\\Local\\Temp\\mcp-chrome-O
lCAVy"}
[2026-04-08T05:02:43.477Z] [INFO ] [extension-bridge] New WebSocket connection 
received
[2026-04-08T05:02:43.479Z] [INFO ] [extension-bridge] Extension connected  | 
{"extensionId":"pikndedbealneelekdingglagohngehd"}
[2026-04-08T05:02:43.567Z] [INFO ] [browser-manager] Chrome launched and 
extension connected  | {"extensionId":"pikndedbealneelekdingglagohngehd","userD
ataDir":"C:\\Users\\user\\AppData\\Local\\Temp\\mcp-chrome-OlCAVy"}
[2026-04-08T05:02:43.568Z] [INFO ] [browser-manager] Browser launched 
successfully  | {"sessionId":"session_1775624547592_rhi24x7","extensionId":"pik
ndedbealneelekdingglagohngehd"}
[2026-04-08T05:02:43.573Z] [INFO ] [extension-bridge] New WebSocket connection 
received
[2026-04-08T05:02:43.578Z] [WARN ] [extension-bridge] Replacing existing 
connection for extension  | {"extensionId":"pikndedbealneelekdingglagohngehd"}
[2026-04-08T05:02:43.584Z] [INFO ] [extension-bridge] Extension connected  | 
{"extensionId":"pikndedbealneelekdingglagohngehd"}
[2026-04-08T05:02:43.590Z] [INFO ] [extension-bridge] Extension disconnected  
| {"extensionId":"pikndedbealneelekdingglagohngehd"}
[2026-04-08T05:02:43.591Z] [WARN ] [extension-bridge] Command 'navigate' 
failed, will retry  | {"extensionId":"pikndedbealneelekdingglagohngehd","attemp
t":1,"error":"Extension 'pikndedbealneelekdingglagohngehd' disconnected"}
[2026-04-08T05:02:44.632Z] [INFO ] [extension-bridge] New WebSocket connection 
received
[2026-04-08T05:02:44.635Z] [INFO ] [extension-bridge] Extension connected  | 
{"extensionId":"pikndedbealneelekdingglagohngehd"}
[2026-04-08T05:02:47.914Z] [INFO ] [browser-manager] Navigation completed  | {"
sessionId":"session_1775624547592_rhi24x7","url":"https://ifinsta.com","loadTim
e":2309}
[2026-04-08T05:02:47.915Z] [INFO ] [orchestrator] Tab ID captured from 
navigation  | {"tabId":48936847}
[2026-04-08T05:02:49.925Z] [INFO ] [browser-bridge] Web Vitals received from 
extension  | {"result":"object","tabId":48936847}
[2026-04-08T05:02:50.031Z] [ERROR] [browser-manager] Screenshot failed  | 
{"sessionId":"session_1775624547592_rhi24x7"}  | ERROR: Either the 
'<all_urls>' or 'activeTab' permission is required.
[2026-04-08T05:02:50.032Z] [ERROR] [orchestrator] Step 'screenshot-Desktop' 
failed  | ERROR: Screenshot failed: Either the '<all_urls>' or 'activeTab' 
permission is required.
[2026-04-08T05:02:50.032Z] [INFO ] [browser-bridge] Running design audit via 
extension  | {"tabId":48936847}
[2026-04-08T05:02:50.083Z] [INFO ] [browser-bridge] Design audit completed via 
extension
[2026-04-08T05:02:50.083Z] [INFO ] [browser-bridge] Starting profiling via 
extension  | {"options":{},"tabId":48936847}
[2026-04-08T05:02:50.530Z] [INFO ] [browser-bridge] Profiling started via 
extension  | {"profilingId":"578cc5fe-803a-4f1b-9a9c-8d65e9576c07"}
[2026-04-08T05:02:53.534Z] [INFO ] [browser-bridge] Stopping profiling via 
extension  | 
{"profilingId":"578cc5fe-803a-4f1b-9a9c-8d65e9576c07","tabId":48936847}
[2026-04-08T05:02:53.554Z] [INFO ] [browser-bridge] Profiling stopped via 
extension
[2026-04-08T05:02:53.554Z] [INFO ] [browser-manager] Closing browser session  
| {"sessionId":"session_1775624547592_rhi24x7"}
[2026-04-08T05:02:53.595Z] [INFO ] [extension-bridge] Disconnecting from 
extension  | {"extensionId":"pikndedbealneelekdingglagohngehd"}
[2026-04-08T05:02:53.596Z] [INFO ] [extension-bridge] Disconnected from 
extension  | {"extensionId":"pikndedbealneelekdingglagohngehd"}
[2026-04-08T05:02:53.596Z] [INFO ] [browser-manager] Browser session closed  | 
{"sessionId":"session_1775624547592_rhi24x7"}
[2026-04-08T05:02:53.596Z] [INFO ] [orchestrator] Running steps for viewport  
| {"label":"Mobile","width":375,"height":812}
[2026-04-08T05:02:53.596Z] [INFO ] [browser-manager] Launching browser  | 
{"sessionId":"session_1775624573596_u6sl27r","browserType":"chrome"}
[2026-04-08T05:02:53.599Z] [INFO ] [browser-manager] Launching Chrome  | 
{"chromePath":"C:\\Program Files\\Google\\Chrome\\Application\\chrome.exe","ext
ensionDir":"C:\\Users\\user\\CascadeProjects\\mcp-router-for-antigravity\\chrom
e-extension","userDataDir":"C:\\Users\\user\\AppData\\Local\\Temp\\mcp-chrome-P
On5DZ"}
[2026-04-08T05:02:53.607Z] [INFO ] [extension-bridge] Extension disconnected  
| {"extensionId":"pikndedbealneelekdingglagohngehd"}
[2026-04-08T05:02:54.651Z] [INFO ] [extension-bridge] New WebSocket connection 
received
[2026-04-08T05:02:54.654Z] [INFO ] [extension-bridge] Extension connected  | 
{"extensionId":"pikndedbealneelekdingglagohngehd"}
[2026-04-08T05:02:54.679Z] [INFO ] [browser-manager] Chrome launched and 
extension connected  | {"extensionId":"pikndedbealneelekdingglagohngehd","userD
ataDir":"C:\\Users\\user\\AppData\\Local\\Temp\\mcp-chrome-POn5DZ"}
[2026-04-08T05:02:54.679Z] [INFO ] [browser-manager] Browser launched 
successfully  | {"sessionId":"session_1775624573596_u6sl27r","extensionId":"pik
ndedbealneelekdingglagohngehd"}
[2026-04-08T05:02:56.899Z] [INFO ] [browser-manager] Chrome process exited  | {
"code":null,"userDataDir":"C:\\Users\\user\\AppData\\Local\\Temp\\mcp-chrome-Ol
CAVy"}
[2026-04-08T05:02:57.270Z] [INFO ] [browser-manager] Navigation completed  | {"
sessionId":"session_1775624573596_u6sl27r","url":"https://ifinsta.com","loadTim
e":2589}
[2026-04-08T05:02:57.271Z] [INFO ] [orchestrator] Tab ID captured from 
navigation  | {"tabId":48936851}
[2026-04-08T05:02:59.279Z] [INFO ] [browser-bridge] Web Vitals received from 
extension  | {"result":"object","tabId":48936851}
[2026-04-08T05:02:59.396Z] [ERROR] [browser-manager] Screenshot failed  | 
{"sessionId":"session_1775624573596_u6sl27r"}  | ERROR: Either the 
'<all_urls>' or 'activeTab' permission is required.
[2026-04-08T05:02:59.396Z] [ERROR] [orchestrator] Step 'screenshot-Mobile' 
failed  | ERROR: Screenshot failed: Either the '<all_urls>' or 'activeTab' 
permission is required.
[2026-04-08T05:02:59.396Z] [INFO ] [browser-bridge] Running design audit via 
extension  | {"tabId":48936851}
[2026-04-08T05:02:59.491Z] [INFO ] [browser-bridge] Design audit completed via 
extension
[2026-04-08T05:02:59.491Z] [INFO ] [browser-bridge] Starting profiling via 
extension  | {"options":{},"tabId":48936851}
[2026-04-08T05:03:00.207Z] [INFO ] [browser-bridge] Profiling started via 
extension  | {"profilingId":"278fa5da-561e-416c-9761-5afcc6a231dc"}
[2026-04-08T05:03:03.220Z] [INFO ] [browser-bridge] Stopping profiling via 
extension  | 
{"profilingId":"278fa5da-561e-416c-9761-5afcc6a231dc","tabId":48936851}
[2026-04-08T05:03:03.244Z] [INFO ] [browser-bridge] Profiling stopped via 
extension
[2026-04-08T05:03:03.244Z] [INFO ] [browser-manager] Closing browser session  
| {"sessionId":"session_1775624573596_u6sl27r"}
[2026-04-08T05:03:03.292Z] [INFO ] [extension-bridge] Disconnecting from 
extension  | {"extensionId":"pikndedbealneelekdingglagohngehd"}
[2026-04-08T05:03:03.293Z] [INFO ] [extension-bridge] Disconnected from 
extension  | {"extensionId":"pikndedbealneelekdingglagohngehd"}
[2026-04-08T05:03:03.294Z] [INFO ] [browser-manager] Browser session closed  | 
{"sessionId":"session_1775624573596_u6sl27r"}
[2026-04-08T05:03:03.295Z] [INFO ] [orchestrator] Orchestration complete  | {"u
rl":"https://ifinsta.com","profile":"standard","totalDuration":35721,"verdict":
"fail","passed":10,"failed":2,"skipped":0}

======================================================================
ORCHESTRATION REPORT
======================================================================

Overall Verdict: [31mFAIL[0m
Total Duration: 35.72s

--- Step Summary ---
Total Steps: 12
Passed: 10
Failed: 2
Skipped: 0

--- Step Results ---
  [32m[PASSED][0m launch-Desktop (15983ms)
  [32m[PASSED][0m navigate-Desktop (6355ms)
  [32m[PASSED][0m webVitals-Desktop (3ms)
  [31m[FAILED][0m screenshot-Desktop (106ms)
      Error: Screenshot failed: Either the '<all_urls>' or 'activeTab' permission is required.
  [32m[PASSED][0m designAudit-Desktop (51ms)
  [32m[PASSED][0m performanceProfile-Desktop (3471ms)
  [32m[PASSED][0m launch-Mobile (1084ms)
  [32m[PASSED][0m navigate-Mobile (4592ms)
  [32m[PASSED][0m webVitals-Mobile (7ms)
  [31m[FAILED][0m screenshot-Mobile (117ms)
      Error: Screenshot failed: Either the '<all_urls>' or 'activeTab' permission is required.
  [32m[PASSED][0m designAudit-Mobile (95ms)
  [32m[PASSED][0m performanceProfile-Mobile (3753ms)

--- Web Vitals ---
  LCP: 1644ms
  CLS: 0.0006863336160526077
  FID: nullms
  FCP: 1644ms
  TTFB: 568.3999999985099ms
  INP: nullms

--- Design Audit ---
  Color Contrast Violations: 37
  Images Missing Alt: 0
  Oversized Images: 4
  Undersized Touch Targets: 31
  Form Fields Without Labels: 0

--- Recommendations ---
  1. 37 color contrast violation(s) detected ΓÇö fix for WCAG AA compliance (minimum 4.5:1 ratio for normal text)
  2. 4 oversized image(s) ΓÇö compress and serve in modern formats (WebP/AVIF)
  3. 31 undersized touch target(s) ΓÇö increase to minimum 48x48px for mobile usability

======================================================================
FULL JSON REPORT
======================================================================
{
  "url": "https://ifinsta.com",
  "profile": "standard",
  "startTime": "2026-04-08T05:02:27.573Z",
  "endTime": "2026-04-08T05:03:03.294Z",
  "totalDuration": 35721,
  "steps": [
    {
      "name": "launch-Desktop",
      "status": "passed",
      "duration": 15983,
      "data": {
        "sessionId": "session_1775624547592_rhi24x7",
        "extensionId": "pikndedbealneelekdingglagohngehd",
        "viewport": "Desktop"
      }
    },
    {
      "name": "navigate-Desktop",
      "status": "passed",
      "duration": 6355,
      "data": {
        "success": true,
        "url": "https://ifinsta.com/",
        "loadTime": 2309,
        "title": "ifinsta - The Complete Business Platform for Growing Companies",
        "tabId": 48936847
      }
    },
    {
      "name": "webVitals-Desktop",
      "status": "passed",
      "duration": 3,
      "data": {
        "lcp": 1872,
        "fid": null,
        "cls": 0.000052474700572900784,
        "fcp": 1872,
        "ttfb": 815.3000000044703,
        "inp": null
      }
    },
    {
      "name": "screenshot-Desktop",
      "status": "failed",
      "duration": 106,
      "error": "Screenshot failed: Either the '<all_urls>' or 'activeTab' permission is required."
    },
    {
      "name": "designAudit-Desktop",
      "status": "passed",
      "duration": 51,
      "data": {
        "colorContrast": {
          "passes": [
            {
              "element": "a.ifinsta-visually-hidden",
              "selector": "a.ifinsta-visually-hidden",
              "foreground": "rgb(37, 99, 235)",
              "background": "rgba(0, 0, 0, 0)",
              "ratio": 5.17,
              "requiredAA": 4.5,
              "requiredAAA": 7,
              "level": "AA"
            },
            {
              "element": "div.ifinsta-guest-header__container",
              "selector": "header.ifinsta-guest-header > div.ifinsta-guest-header__container",
              "foreground": "rgb(26, 26, 26)",
              "background": "rgba(0, 0, 0, 0)",
              "ratio": 17.4,
              "requiredAA": 4.5,
              "requiredAAA": 7,
              "level": "AAA"
            },
            {
              "element": "div#guest-mobile-menu.ifinsta-guest-mobile-menu",
              "selector": "#guest-mobile-menu",
              "foreground": "rgb(26, 26, 26)",
              "background": "rgba(0, 0, 0, 0)",
              "ratio": 17.4,
              "requiredAA": 4.5,
              "requiredAAA": 7,
              "level": "AAA"
            },
            {
              "element": "div.ifinsta-guest-mobile-menu__panel",
              "selector": "#guest-mobile-menu > div.ifinsta-guest-mobile-menu__panel",
              "foreground": "rgb(26, 26, 26)",
              "background": "rgb(255, 255, 255)",
              "ratio": 17.4,
              "requiredAA": 4.5,
              "requiredAAA": 7,
              "level": "AAA"
            },
            {
              "element": "div.ifinsta-guest-mobile-menu__header",
              "selector": "#guest-mobile-menu > div.ifinsta-guest-mobile-menu__panel > div.ifinsta-guest-mobile-menu__header",
              "foreground": "rgb(26, 26, 26)",
              "background": "rgba(0, 0, 0, 0)",
              "ratio": 17.4,
              "requiredAA": 4.5,
              "requiredAAA": 7,
              "level": "AAA"
            },
            {
              "element": "span.ifinsta-guest-mobile-menu__title",
              "selector": "#guest-mobile-menu > div.ifinsta-guest-mobile-menu__panel > div.ifinsta-guest-mobile-menu__header > span.ifinsta-guest-mobile-menu__title",
              "foreground": "rgb(117, 117, 117)",
              "background": "rgba(0, 0, 0, 0)",
              "ratio": 4.61,
              "requiredAA": 4.5,
              "requiredAAA": 7,
              "level": "AA"
            },
            {
              "element": "a.ifinsta-guest-mobile-menu__link",
              "selector": "#guest-mobile-menu > div.ifinsta-guest-mobile-menu__panel > nav.ifinsta-guest-mobile-menu__nav > a.ifinsta-guest-mobile-menu__link",
              "foreground": "rgb(26, 26, 26)",
              "background": "rgba(0, 0, 0, 0)",
              "ratio": 17.4,
              "requiredAA": 4.5,
              "requiredAAA": 7,
              "level": "AAA"
            },
            {
              "element": "a.ifinsta-guest-mobile-menu__link",
              "selector": "#guest-mobile-menu > div.ifinsta-guest-mobile-menu__panel > nav.ifinsta-guest-mobile-menu__nav > a.ifinsta-guest-mobile-menu__link",
              "foreground": "rgb(26, 26, 26)",
              "background": "rgba(0, 0, 0, 0)",
              "ratio": 17.4,
              "requiredAA": 4.5,
              "requiredAAA": 7,
              "level": "AAA"
            },
            {
              "element": "span",
              "selector": "div.ifinsta-guest-mobile-menu__panel > nav.ifinsta-guest-mobile-menu__nav > a.ifinsta-guest-mobile-menu__link > span",
              "foreground": "rgb(26, 26, 26)",
              "background": "rgba(0, 0, 0, 0)",
              "ratio": 17.4,
              "requiredAA": 4.5,
              "requiredAAA": 7,
              "level": "AAA"
            },
            {
              "element": "a.ifinsta-guest-mobile-menu__link",
              "selector": "#guest-mobile-menu > div.ifinsta-guest-mobile-menu__panel > nav.ifinsta-guest-mobile-menu__nav > a.ifinsta-guest-mobile-menu__link",
              "foreground": "rgb(26, 26, 26)",
              "background": "rgba(0, 0, 0, 0)",
              "ratio": 17.4,
              "requiredAA": 4.5,
              "requiredAAA": 7,
              "level": "AAA"
            },
            {
              "element": "a.ifinsta-guest-mobile-menu__link",
              "selector": "#guest-mobile-menu > div.ifinsta-guest-mobile-menu__panel > nav.ifinsta-guest-mobile-menu__nav > a.ifinsta-guest-mobile-menu__link",
              "foreground": "rgb(26, 26, 26)",
              "background": "rgba(0, 0, 0, 0)",
              "ratio": 17.4,
              "requiredAA": 4.5,
              "requiredAAA": 7,
              "level": "AAA"
            },
            {
              "element": "a.ifinsta-guest-mobile-menu__link",
              "selector": "#guest-mobile-menu > div.ifinsta-guest-mobile-menu__panel > nav.ifinsta-guest-mobile-menu__nav > a.ifinsta-guest-mobile-menu__link",
              "foreground": "rgb(26, 26, 26)",
              "background": "rgba(0, 0, 0, 0)",
              "ratio": 17.4,
              "requiredAA": 4.5,
              "requiredAAA": 7,
              "level": "AAA"
            },
            {
              "element": "a.ifinsta-guest-mobile-menu__link",
              "selector": "#guest-mobile-menu > div.ifinsta-guest-mobile-menu__panel > nav.ifinsta-guest-mobile-menu__nav > a.ifinsta-guest-mobile-menu__link",
              "foreground": "rgb(26, 26, 26)",
              "background": "rgba(0, 0, 0, 0)",
              "ratio": 17.4,
              "requiredAA": 4.5,
              "requiredAAA": 7,
              "level": "AAA"
            },
            {
              "element": "div.ifinsta-guest-mobile-menu__footer",
              "selector": "#guest-mobile-menu > div.ifinsta-guest-mobile-menu__panel > div.ifinsta-guest-mobile-menu__footer",
              "foreground": "rgb(26, 26, 26)",
              "background": "rgba(0, 0, 0, 0)",
              "ratio": 17.4,
              "requiredAA": 4.5,
              "requiredAAA": 7,
              "level": "AAA"
            },
            {
              "element": "a.ifinsta-guest-btn.ifinsta-guest-btn--primary",
              "selector": "#guest-mobile-menu > div.ifinsta-guest-mobile-menu__panel > div.ifinsta-guest-mobile-menu__footer > a.ifinsta-guest-btn.ifinsta-guest-btn--primary",
              "foreground": "rgb(255, 255, 255)",
              "background": "rgb(37, 99, 235)",
              "ratio": 5.17,
              "requiredAA": 4.5,
              "requiredAAA": 7,
              "level": "AA"
            },
            {
              "element": "div.ifinsta-hero__container",
              "selector": "#main-content > section.ifinsta-hero.welcome-hero-custom > div.ifinsta-hero__container",
              "foreground": "rgb(26, 26, 26)",
              "background": "rgba(0, 0, 0, 0)",
              "ratio": 17.4,
              "requiredAA": 4.5,
              "requiredAAA": 7,
              "level": "AAA"
            },
            {
              "element": "div.welcome-hero-custom__grid",
              "selector": "#main-content > section.ifinsta-hero.welcome-hero-custom > div.ifinsta-hero__container > div.welcome-hero-custom__grid",
              "foreground": "rgb(26, 26, 26)",
              "background": "rgba(0, 0, 0, 0)",
              "ratio": 17.4,
              "requiredAA": 4.5,
              "requiredAAA": 7,
              "level": "AAA"
            },
            {
              "element": "div.ifinsta-hero__content",
              "selector": "section.ifinsta-hero.welcome-hero-custom > div.ifinsta-hero__container > div.welcome-hero-custom__grid > div.ifinsta-hero__content",
              "foreground": "rgb(26, 26, 26)",
              "background": "rgba(0, 0, 0, 0)",
              "ratio": 17.4,
              "requiredAA": 4.5,
              "requiredAAA": 7,
              "level": "AAA"
            },
            {
              "element": "div.welcome-hero__actions",
              "selector": "div.ifinsta-hero__container > div.welcome-hero-custom__grid > div.ifinsta-hero__content > div.welcome-hero__actions",
              "foreground": "rgb(26, 26, 26)",
              "background": "rgba(0, 0, 0, 0)",
              "ratio": 17.4,
              "requiredAA": 4.5,
              "requiredAAA": 7,
              "level": "AAA"
            },
            {
              "element": "a.ifinsta-guest-btn.ifinsta-guest-btn--primary.ifinsta-guest-btn--lg",
              "selector": "div.welcome-hero-custom__grid > div.ifinsta-hero__content > div.welcome-hero__actions > a.ifinsta-guest-btn.ifinsta-guest-btn--primary",
              "foreground": "rgb(255, 255, 255)",
              "background": "rgb(37, 99, 235)",
              "ratio": 5.17,
              "requiredAA": 4.5,
              "requiredAAA": 7,
              "level": "AA"
            },
            {
              "element": "a.ifinsta-guest-btn.ifinsta-guest-btn--secondary.ifinsta-guest-btn--lg",
              "selector": "div.welcome-hero-custom__grid > div.ifinsta-hero__content > div.welcome-hero__actions > a.ifinsta-guest-btn.ifinsta-guest-btn--secondary",
              "foreground": "rgb(26, 26, 26)",
              "background": "rgb(255, 255, 255)",
              "ratio": 17.4,
              "requiredAA": 4.5,
              "requiredAAA": 7,
              "level": "AAA"
            },
            {
              "element": "div.welcome-hero__mockup",
              "selector": "section.ifinsta-hero.welcome-hero-custom > div.ifinsta-hero__container > div.welcome-hero-custom__grid > div.welcome-hero__mockup",
              "foreground": "rgb(26, 26, 26)",
              "background": "rgba(0, 0, 0, 0)",
              "ratio": 17.4,
              "requiredAA": 4.5,
              "requiredAAA": 7,
              "level": "AAA"
            },
            {
              "element": "div.welcome-hero__browser-url",
              "selector": "div.welcome-hero__mockup > div.welcome-hero__browser > div.welcome-hero__browser-header > div.welcome-hero__browser-url",
              "foreground": "rgba(255, 255, 255, 0.4)",
              "background": "rgba(0, 0, 0, 0)",
              "ratio": 14.63,
              "requiredAA": 4.5,
              "requiredAAA": 7,
              "level": "AAA"
            },
            {
              "element": "div.welcome-hero__dash-stat",
              "selector": "div.welcome-hero__dashboard > div.welcome-hero__dash-main > div.welcome-hero__dash-stats > div.welcome-hero__dash-stat",
              "foreground": "rgb(26, 26, 26)",
              "background": "rgba(255, 255, 255, 0.03)",
              "ratio": 17.4,
              "requiredAA": 4.5,
              "requiredAAA": 7,
              "level": "AAA"
            },
            {
              "element": "div.welcome-hero__dash-stat",
              "selector": "div.welcome-hero__dashboard > div.welcome-hero__dash-main > div.welcome-hero__dash-stats > div.welcome-hero__dash-stat",
              "foreground": "rgb(26, 26, 26)",
              "background": "rgba(255, 255, 255, 0.03)",
              "ratio": 17.4,
              "requiredAA": 4.5,
              "requiredAAA": 7,
              "level": "AAA"
            },
            {
              "element": "div.welcome-hero__dash-stat",
              "selector": "div.welcome-hero__dashboard > div.welcome-hero__dash-main > div.welcome-hero__dash-stats > div.welcome-hero__dash-stat",
              "foreground": "rgb(26, 26, 26)",
              "background": "rgba(255, 255, 255, 0.03)",
              "ratio": 17.4,
              "requiredAA": 4.5,
              "requiredAAA": 7,
              "level": "AAA"
            },
            {
              "element": "div.welcome-hero__dash-chart",
              "selector": "div.welcome-hero__browser > div.welcome-hero__dashboard > div.welcome-hero__dash-main > div.welcome-hero__dash-chart",
              "foreground": "rgb(26, 26, 26)",
              "background": "rgba(255, 255, 255, 0.03)",
              "ratio": 17.4,
              "requiredAA": 4.5,
              "requiredAAA": 7,
              "level": "AAA"
            },
            {
              "element": "div.ifinsta-guest-container",
              "selector": "#main-content > section.welcome-logos > div.ifinsta-guest-container",
              "foreground": "rgb(26, 26, 26)",
              "background": "rgba(0, 0, 0, 0)",
              "ratio": 17.4,
              "requiredAA": 4.5,
              "requiredAAA": 7,
              "level": "AAA"
            },
            {
              "element": "div.welcome-logos__grid",
              "selector": "#main-content > section.welcome-logos > div.ifinsta-guest-container > div.welcome-logos__grid",
              "foreground": "rgb(26, 26, 26)",
              "background": "rgba(0, 0, 0, 0)",
              "ratio": 17.4,
              "requiredAA": 4.5,
              "requiredAAA": 7,
              "level": "AAA"
            },
            {
              "element": "div.ifinsta-guest-container",
              "selector": "#main-content > section.welcome-steps > div.ifinsta-guest-container",
              "foreground": "rgb(26, 26, 26)",
              "background": "rgba(0, 0, 0, 0)",
              "ratio": 17.4,
              "requiredAA": 4.5,
              "requiredAAA": 7,
              "level": "AAA"
            },
            {
              "element": "div.welcome-steps__header",
              "selector": "#main-content > section.welcome-steps > div.ifinsta-guest-container > div.welcome-steps__header",
              "foreground": "rgb(26, 26, 26)",
              "background": "rgba(0, 0, 0, 0)",
              "ratio": 17.4,
              "requiredAA": 4.5,
              "requiredAAA": 7,
              "level": "AAA"
            },
            {
              "element": "h2.welcome-steps__title",
              "selector": "section.welcome-steps > div.ifinsta-guest-container > div.welcome-steps__header > h2.welcome-steps__title",
              "foreground": "rgb(26, 26, 26)",
              "background": "rgba(0, 0, 0, 0)",
              "ratio": 17.4,
              "requiredAA": 3,
              "requiredAAA": 4.5,
              "level": "AAA"
            },
            {
              "element": "p.welcome-steps__lead",
              "selector": "section.welcome-steps > div.ifinsta-guest-container > div.welcome-steps__header > p.welcome-steps__lead",
              "foreground": "rgb(100, 116, 139)",
              "background": "rgba(0, 0, 0, 0)",
              "ratio": 4.76,
              "requiredAA": 4.5,
              "requiredAAA": 7,
              "level": "AA"
            },
            {
              "element": "div.welcome-steps__grid",
              "selector": "#main-content > section.welcome-steps > div.ifinsta-guest-container > div.welcome-steps__grid",
              "foreground": "rgb(26, 26, 26)",
              "background": "rgba(0, 0, 0, 0)",
              "ratio": 17.4,
              "requiredAA": 4.5,
              "requiredAAA": 7,
              "level": "AAA"
            },
            {
              "element": "div.welcome-step",
              "selector": "section.welcome-steps > div.ifinsta-guest-container > div.welcome-steps__grid > div.welcome-step",
              "foreground": "rgb(26, 26, 26)",
              "background": "rgba(0, 0, 0, 0)",
              "ratio": 17.4,
              "requiredAA": 4.5,
              "requiredAAA": 7,
              "level": "AAA"
            },
            {
              "element": "h3.welcome-step__title",
              "selector": "div.ifinsta-guest-container > div.welcome-steps__grid > div.welcome-step > h3.welcome-step__title",
              "foreground": "rgb(26, 26, 26)",
              "background": "rgba(0, 0, 0, 0)",
              "ratio": 17.4,
              "requiredAA": 4.5,
              "requiredAAA": 7,
              "level": "AAA"
            },
            {
              "element": "p.welcome-step__desc",
              "selector": "div.ifinsta-guest-container > div.welcome-steps__grid > div.welcome-step > p.welcome-step__desc",
              "foreground": "rgb(80, 80, 80)",
              "background": "rgba(0, 0, 0, 0)",
              "ratio": 8.06,
              "requiredAA": 4.5,
              "requiredAAA": 7,
              "level": "AAA"
            },
            {
              "element": "div.welcome-step",
              "selector": "section.welcome-steps > div.ifinsta-guest-container > div.welcome-steps__grid > div.welcome-step",
              "foreground": "rgb(26, 26, 26)",
              "background": "rgba(0, 0, 0, 0)",
              "ratio": 17.4,
              "requiredAA": 4.5,
              "requiredAAA": 7,
              "level": "AAA"
            },
            {
              "element": "h3.welcome-step__title",
              "selector": "div.ifinsta-guest-container > div.welcome-steps__grid > div.welcome-step > h3.welcome-step__title",
              "foreground": "rgb(26, 26, 26)",
              "background": "rgba(0, 0, 0, 0)",
              "ratio": 17.4,
              "requiredAA": 4.5,
              "requiredAAA": 7,
              "level": "AAA"
            },
            {
              "element": "p.welcome-step__desc",
              "selector": "div.ifinsta-guest-container > div.welcome-steps__grid > div.welcome-step > p.welcome-step__desc",
              "foreground": "rgb(80, 80, 80)",
              "background": "rgba(0, 0, 0, 0)",
              "ratio": 8.06,
              "requiredAA": 4.5,
              "requiredAAA": 7,
              "level": "AAA"
            },
            {
              "element": "div.welcome-step",
              "selector": "section.welcome-steps > div.ifinsta-guest-container > div.welcome-steps__grid > div.welcome-step",
              "foreground": "rgb(26, 26, 26)",
              "background": "rgba(0, 0, 0, 0)",
              "ratio": 17.4,
              "requiredAA": 4.5,
              "requiredAAA": 7,
              "level": "AAA"
            },
            {
              "element": "h3.welcome-step__title",
              "selector": "div.ifinsta-guest-container > div.welcome-steps__grid > div.welcome-step > h3.welcome-step__title",
              "foreground": "rgb(26, 26, 26)",
              "background": "rgba(0, 0, 0, 0)",
              "ratio": 17.4,
              "requiredAA": 4.5,
              "requiredAAA": 7,
              "level": "AAA"
            },
            {
              "element": "p.welcome-step__desc",
              "selector": "div.ifinsta-guest-container > div.welcome-steps__grid > div.welcome-step > p.welcome-step__desc",
              "foreground": "rgb(80, 80, 80)",
              "background": "rgba(0, 0, 0, 0)",
              "ratio": 8.06,
              "requiredAA": 4.5,
              "requiredAAA": 7,
              "level": "AAA"
            },
            {
              "element": "div.ifinsta-guest-container",
              "selector": "#main-content > section.welcome-discover > div.ifinsta-guest-container",
              "foreground": "rgb(26, 26, 26)",
              "background": "rgba(0, 0, 0, 0)",
              "ratio": 17.4,
              "requiredAA": 4.5,
              "requiredAAA": 7,
              "level": "AAA"
            },
            {
              "element": "div.welcome-discover__shell",
              "selector": "#main-content > section.welcome-discover > div.ifinsta-guest-container > div.welcome-discover__shell",
              "foreground": "rgb(26, 26, 26)",
              "background": "rgba(0, 0, 0, 0)",
              "ratio": 17.4,
              "requiredAA": 4.5,
              "requiredAAA": 7,
              "level": "AAA"
            },
            {
              "element": "div#discoverFilters.welcome-discover__intro",
              "selector": "#discoverFilters",
              "foreground": "rgb(26, 26, 26)",
              "background": "rgba(0, 0, 0, 0)",
              "ratio": 17.4,
              "requiredAA": 4.5,
              "requiredAAA": 7,
              "level": "AAA"
            },
            {
              "element": "h2.welcome-discover__intro-title",
              "selector": "#discoverFilters > h2.welcome-discover__intro-title",
              "foreground": "rgb(26, 26, 26)",
              "background": "rgba(0, 0, 0, 0)",
              "ratio": 17.4,
              "requiredAA": 3,
              "requiredAAA": 4.5,
              "level": "AAA"
            },
            {
              "element": "p.welcome-discover__intro-text",
              "selector": "#discoverFilters > p.welcome-discover__intro-text",
              "foreground": "rgb(80, 80, 80)",
              "background": "rgba(0, 0, 0, 0)",
              "ratio": 8.06,
              "requiredAA": 4.5,
              "requiredAAA": 7,
              "level": "AAA"
            },
            {
              "element": "div.dfilter__group",
              "selector": "#discoverFilters > div.dfilter__group",
              "foreground": "rgb(26, 26, 26)",
              "background": "rgba(0, 0, 0, 0)",
              "ratio": 17.4,
              "requiredAA": 4.5,
              "requiredAAA": 7,
              "level": "AAA"
            },
            {
              "element": "span.dfilter__label",
              "selector": "#discoverFilters > div.dfilter__group > span.dfilter__label",
              "foreground": "rgb(100, 116, 139)",
              "background": "rgba(0, 0, 0, 0)",
              "ratio": 4.76,
              "requiredAA": 4.5,
              "requiredAAA": 7,
              "level": "AA"
            },
            {
              "element": "div.dfilter__chips",
              "selector": "#discoverFilters > div.dfilter__group > div.dfilter__chips",
              "foreground": "rgb(26, 26, 26)",
              "background": "rgba(0, 0, 0, 0)",
              "ratio": 17.4,
              "requiredAA": 4.5,
              "requiredAAA": 7,
              "level": "AAA"
            },
            {
              "element": "button.dfilter__chip",
              "selector": "#discoverFilters > div.dfilter__group > div.dfilter__chips > button.dfilter__chip",
              "foreground": "rgb(51, 65, 85)",
              "background": "rgba(255, 255, 255, 0.84)",
              "ratio": 10.35,
              "requiredAA": 4.5,
              "requiredAAA": 7,
              "level": "AAA"
            },
            {
              "element": "div.dfilter__group",
              "selector": "#discoverFilters > div.dfilter__group",
              "foreground": "rgb(26, 26, 26)",
              "background": "rgba(0, 0, 0, 0)",
              "ratio": 17.4,
              "requiredAA": 4.5,
              "requiredAAA": 7,
              "level": "AAA"
            },
            {
              "element": "span.dfilter__label",
              "selector": "#discoverFilters > div.dfilter__group > span.dfilter__label",
              "foreground": "rgb(100, 116, 139)",
              "background": "rgba(0, 0, 0, 0)",
              "ratio": 4.76,
              "requiredAA": 4.5,
              "requiredAAA": 7,
              "level": "AA"
            },
            {
              "element": "div.dfilter__price-list",
              "selector": "#discoverFilters > div.dfilter__group > div.dfilter__price-list",
              "foreground": "rgb(26, 26, 26)",
              "background": "rgba(0, 0, 0, 0)",
              "ratio": 17.4,
              "requiredAA": 4.5,
              "requiredAAA": 7,
              "level": "AAA"
            },
            {
              "element": "label.dfilter__radio",
              "selector": "#discoverFilters > div.dfilter__group > div.dfilter__price-list > label.dfilter__radio",
              "foreground": "rgb(71, 85, 105)",
              "background": "rgba(0, 0, 0, 0)",
              "ratio": 7.58,
              "requiredAA": 4.5,
              "requiredAAA": 7,
              "level": "AAA"
            },
            {
              "element": "span.dfilter__radio-text",
              "selector": "div.dfilter__group > div.dfilter__price-list > label.dfilter__radio > span.dfilter__radio-text",
              "foreground": "rgb(26, 26, 26)",
              "background": "rgba(0, 0, 0, 0)",
              "ratio": 17.4,
              "requiredAA": 4.5,
              "requiredAAA": 7,
              "level": "AAA"
            },
            {
              "element": "label.dfilter__radio",
              "selector": "#discoverFilters > div.dfilter__group > div.dfilter__price-list > label.dfilter__radio",
              "foreground": "rgb(71, 85, 105)",
              "background": "rgba(0, 0, 0, 0)",
              "ratio": 7.58,
              "requiredAA": 4.5,
              "requiredAAA": 7,
              "level": "AAA"
            },
            {
              "element": "span.dfilter__radio-text",
              "selector": "div.dfilter__group > div.dfilter__price-list > label.dfilter__radio > span.dfilter__radio-text",
              "foreground": "rgb(71, 85, 105)",
              "background": "rgba(0, 0, 0, 0)",
              "ratio": 7.58,
              "requiredAA": 4.5,
              "requiredAAA": 7,
              "level": "AAA"
            },
            {
              "element": "label.dfilter__radio",
              "selector": "#discoverFilters > div.dfilter__group > div.dfilter__price-list > label.dfilter__radio",
              "foreground": "rgb(71, 85, 105)",
              "background": "rgba(0, 0, 0, 0)",
              "ratio": 7.58,
              "requiredAA": 4.5,
              "requiredAAA": 7,
              "level": "AAA"
            },
            {
              "element": "span.dfilter__radio-text",
              "selector": "div.dfilter__group > div.dfilter__price-list > label.dfilter__radio > span.dfilter__radio-text",
              "foreground": "rgb(71, 85, 105)",
              "background": "rgba(0, 0, 0, 0)",
              "ratio": 7.58,
              "requiredAA": 4.5,
              "requiredAAA": 7,
              "level": "AAA"
            },
            {
              "element": "label.dfilter__radio",
              "selector": "#discoverFilters > div.dfilter__group > div.dfilter__price-list > label.dfilter__radio",
              "foreground": "rgb(71, 85, 105)",
              "background": "rgba(0, 0, 0, 0)",
              "ratio": 7.58,
              "requiredAA": 4.5,
              "requiredAAA": 7,
              "level": "AAA"
            },
            {
              "element": "span.dfilter__radio-text",
              "selector": "div.dfilter__group > div.dfilter__price-list > label.dfilter__radio > span.dfilter__radio-text",
              "foreground": "rgb(71, 85, 105)",
              "background": "rgba(0, 0, 0, 0)",
              "ratio": 7.58,
              "requiredAA": 4.5,
              "requiredAAA": 7,
              "level": "AAA"
            },
            {
              "element": "label.dfilter__radio",
              "selector": "#discoverFilters > div.dfilter__group > div.dfilter__price-list > label.dfilter__radio",
              "foreground": "rgb(71, 85, 105)",
              "background": "rgba(0, 0, 0, 0)",
              "ratio": 7.58,
              "requiredAA": 4.5,
              "requiredAAA": 7,
              "level": "AAA"
            },
            {
              "element": "span.dfilter__radio-text",
              "selector": "div.dfilter__group > div.dfilter__price-list > label.dfilter__radio > span.dfilter__radio-text",
              "foreground": "rgb(71, 85, 105)",
              "background": "rgba(0, 0, 0, 0)",
              "ratio": 7.58,
              "requiredAA": 4.5,
              "requiredAAA": 7,
              "level": "AAA"
            },
            {
              "element": "div.dfilter__group",
              "selector": "#discoverFilters > div.dfilter__group",
              "foreground": "rgb(26, 26, 26)",
              "background": "rgba(0, 0, 0, 0)",
              "ratio": 17.4,
              "requiredAA": 4.5,
              "requiredAAA": 7,
              "level": "AAA"
            },
            {
              "element": "span.dfilter__label",
              "selector": "#discoverFilters > div.dfilter__group > span.dfilter__label",
              "foreground": "rgb(100, 116, 139)",
              "background": "rgba(0, 0, 0, 0)",
              "ratio": 4.76,
              "requiredAA": 4.5,
              "requiredAAA": 7,
              "level": "AA"
            },
            {
              "element": "div.dfilter__sort",
              "selector": "#discoverFilters > div.dfilter__group > div.dfilter__sort",
              "foreground": "rgb(26, 26, 26)",
              "background": "rgba(0, 0, 0, 0)",
              "ratio": 17.4,
              "requiredAA": 4.5,
              "requiredAAA": 7,
              "level": "AAA"
            },
            {
              "element": "button.dfilter__sort-btn",
              "selector": "#discoverFilters > div.dfilter__group > div.dfilter__sort > button.dfilter__sort-btn",
              "foreground": "rgb(51, 65, 85)",
              "background": "rgba(255, 255, 255, 0.84)",
              "ratio": 10.35,
              "requiredAA": 4.5,
              "requiredAAA": 7,
              "level": "AAA"
            },
            {
              "element": "button.dfilter__sort-btn",
              "selector": "#discoverFilters > div.dfilter__group > div.dfilter__sort > button.dfilter__sort-btn",
              "foreground": "rgb(51, 65, 85)",
              "background": "rgba(255, 255, 255, 0.84)",
              "ratio": 10.35,
              "requiredAA": 4.5,
              "requiredAAA": 7,
              "level": "AAA"
            },
            {
              "element": "a#discoverCtaLink.ifinsta-guest-btn.ifinsta-guest-btn--primary.dfilter__cta",
              "selector": "#discoverCtaLink",
              "foreground": "rgb(255, 255, 255)",
              "background": "rgb(37, 99, 235)",
              "ratio": 5.17,
              "requiredAA": 4.5,
              "requiredAAA": 7,
              "level": "AA"
            },
            {
              "element": "div.welcome-discover__products-panel.welcome-discover__products-panel--overflowing",
              "selector": "section.welcome-discover > div.ifinsta-guest-container > div.welcome-discover__shell > div.welcome-discover__products-panel.welcome-discover__products-panel--overflowing",
              "foreground": "rgb(26, 26, 26)",
              "background": "rgba(0, 0, 0, 0)",
              "ratio": 17.4,
              "requiredAA": 4.5,
              "requiredAAA": 7,
              "level": "AAA"
            },
            {
              "element": "div.welcome-discover__products-head",
              "selector": "div.ifinsta-guest-container > div.welcome-discover__shell > div.welcome-discover__products-panel.welcome-discover__products-panel--overflowing > div.welcome-discover__products-head",
              "foreground": "rgb(26, 26, 26)",
              "background": "rgba(0, 0, 0, 0)",
              "ratio": 17.4,
              "requiredAA": 4.5,
              "requiredAAA": 7,
              "level": "AAA"
            },
            {
              "element": "div",
              "selector": "div.welcome-discover__shell > div.welcome-discover__products-panel.welcome-discover__products-panel--overflowing > div.welcome-discover__products-head > div",
              "foreground": "rgb(26, 26, 26)",
              "background": "rgba(0, 0, 0, 0)",
              "ratio": 17.4,
              "requiredAA": 4.5,
              "requiredAAA": 7,
              "level": "AAA"
            },
            {
              "element": "p.welcome-discover__products-kicker",
              "selector": "div.welcome-discover__products-panel.welcome-discover__products-panel--overflowing > div.welcome-discover__products-head > div > p.welcome-discover__products-kicker",
              "foreground": "rgb(100, 116, 139)",
              "background": "rgba(0, 0, 0, 0)",
              "ratio": 4.76,
              "requiredAA": 4.5,
              "requiredAAA": 7,
              "level": "AA"
            },
            {
              "element": "h3.welcome-discover__products-title",
              "selector": "div.welcome-discover__products-panel.welcome-discover__products-panel--overflowing > div.welcome-discover__products-head > div > h3.welcome-discover__products-title",
              "foreground": "rgb(26, 26, 26)",
              "background": "rgba(0, 0, 0, 0)",
              "ratio": 17.4,
              "requiredAA": 3,
              "requiredAAA": 4.5,
              "level": "AAA"
            },
            {
              "element": "p.welcome-discover__products-meta",
              "selector": "div.welcome-discover__products-panel.welcome-discover__products-panel--overflowing > div.welcome-discover__products-head > div > p.welcome-discover__products-meta",
              "foreground": "rgb(80, 80, 80)",
              "background": "rgba(0, 0, 0, 0)",
              "ratio": 8.06,
              "requiredAA": 4.5,
              "requiredAAA": 7,
              "level": "AAA"
            },
            {
              "element": "span#discoverRailHint.welcome-discover__products-note",
              "selector": "#discoverRailHint",
              "foreground": "rgb(100, 116, 139)",
              "background": "rgba(0, 0, 0, 0)",
              "ratio": 4.76,
              "requiredAA": 4.5,
              "requiredAAA": 7,
              "level": "AA"
            },
            {
              "element": "div#discoverProductsRail.welcome-discover__rail.welcome-discover__rail--overflowing",
              "selector": "#discoverProductsRail",
              "foreground": "rgb(26, 26, 26)",
              "background": "rgba(0, 0, 0, 0)",
              "ratio": 17.4,
              "requiredAA": 4.5,
              "requiredAAA": 7,
              "level": "AAA"
            },
            {
              "element": "div#discoverProducts.welcome-discover__products",
              "selector": "#discoverProducts",
              "foreground": "rgb(26, 26, 26)",
              "background": "rgba(0, 0, 0, 0)",
              "ratio": 17.4,
              "requiredAA": 4.5,
              "requiredAAA": 7,
              "level": "AAA"
            },
            {
              "element": "a.welcome-discover-card",
              "selector": "#discoverProducts > a.welcome-discover-card",
              "foreground": "rgb(37, 99, 235)",
              "background": "rgba(0, 0, 0, 0)",
              "ratio": 5.17,
              "requiredAA": 4.5,
              "requiredAAA": 7,
              "level": "AA"
            },
            {
              "element": "div.welcome-discover-card__media",
              "selector": "#discoverProducts > a.welcome-discover-card > div.welcome-discover-card__media",
              "foreground": "rgb(37, 99, 235)",
              "background": "rgba(0, 0, 0, 0)",
              "ratio": 5.17,
              "requiredAA": 4.5,
              "requiredAAA": 7,
              "level": "AA"
            },
            {
              "element": "div.welcome-discover-card__body",
              "selector": "#discoverProducts > a.welcome-discover-card > div.welcome-discover-card__body",
              "foreground": "rgb(37, 99, 235)",
              "background": "rgba(0, 0, 0, 0)",
              "ratio": 5.17,
              "requiredAA": 4.5,
              "requiredAAA": 7,
              "level": "AA"
            },
            {
              "element": "div.welcome-discover-card__price",
              "selector": "#discoverProducts > a.welcome-discover-card > div.welcome-discover-card__body > div.welcome-discover-card__price",
              "foreground": "rgb(15, 118, 110)",
              "background": "rgba(0, 0, 0, 0)",
              "ratio": 5.47,
              "requiredAA": 3,
              "requiredAAA": 4.5,
              "level": "AAA"
            },
            {
              "element": "h3.welcome-discover-card__title",
              "selector": "#discoverProducts > a.welcome-discover-card > div.welcome-discover-card__body > h3.welcome-discover-card__title",
              "foreground": "rgb(26, 26, 26)",
              "background": "rgba(0, 0, 0, 0)",
              "ratio": 17.4,
              "requiredAA": 3,
              "requiredAAA": 4.5,
              "level": "AAA"
            },
            {
              "element": "p.welcome-discover-card__meta",
              "selector": "#discoverProducts > a.welcome-discover-card > div.welcome-discover-card__body > p.welcome-discover-card__meta",
              "foreground": "rgb(37, 99, 235)",
              "background": "rgba(0, 0, 0, 0)",
              "ratio": 5.17,
              "requiredAA": 4.5,
              "requiredAAA": 7,
              "level": "AA"
            },
            {
              "element": "span.welcome-discover-card__meta-label",
              "selector": "a.welcome-discover-card > div.welcome-discover-card__body > p.welcome-discover-card__meta > span.welcome-discover-card__meta-label",
              "foreground": "rgb(100, 116, 139)",
              "background": "rgba(0, 0, 0, 0)",
              "ratio": 4.76,
              "requiredAA": 4.5,
              "requiredAAA": 7,
              "level": "AA"
            },
            {
              "element": "span.welcome-discover-card__meta-value",
              "selector": "a.welcome-discover-card > div.welcome-discover-card__body > p.welcome-discover-card__meta > span.welcome-discover-card__meta-value",
              "foreground": "rgb(71, 85, 105)",
              "background": "rgba(0, 0, 0, 0)",
              "ratio": 7.58,
              "requiredAA": 4.5,
              "requiredAAA": 7,
              "level": "AAA"
            },
            {
              "element": "a.welcome-discover-card",
              "selector": "#discoverProducts > a.welcome-discover-card",
              "foreground": "rgb(37, 99, 235)",
              "background": "rgba(0, 0, 0, 0)",
              "ratio": 5.17,
              "requiredAA": 4.5,
              "requiredAAA": 7,
              "level": "AA"
            },
            {
              "element": "div.welcome-discover-card__media",
              "selector": "#discoverProducts > a.welcome-discover-card > div.welcome-discover-card__media",
              "foreground": "rgb(37, 99, 235)",
              "background": "rgba(0, 0, 0, 0)",
              "ratio": 5.17,
              "requiredAA": 4.5,
              "requiredAAA": 7,
              "level": "AA"
            },
            {
              "element": "div.welcome-discover-card__body",
              "selector": "#discoverProducts > a.welcome-discover-card > div.welcome-discover-card__body",
              "foreground": "rgb(37, 99, 235)",
              "background": "rgba(0, 0, 0, 0)",
              "ratio": 5.17,
              "requiredAA": 4.5,
              "requiredAAA": 7,
              "level": "AA"
            },
            {
              "element": "div.welcome-discover-card__price",
              "selector": "#discoverProducts > a.welcome-discover-card > div.welcome-discover-card__body > div.welcome-discover-card__price",
              "foreground": "rgb(15, 118, 110)",
              "background": "rgba(0, 0, 0, 0)",
              "ratio": 5.47,
              "requiredAA": 3,
              "requiredAAA": 4.5,
              "level": "AAA"
            },
            {
              "element": "h3.welcome-discover-card__title",
              "selector": "#discoverProducts > a.welcome-discover-card > div.welcome-discover-card__body > h3.welcome-discover-card__title",
              "foreground": "rgb(26, 26, 26)",
              "background": "rgba(0, 0, 0, 0)",
              "ratio": 17.4,
              "requiredAA": 3,
              "requiredAAA": 4.5,
              "level": "AAA"
            },
            {
              "element": "p.welcome-discover-card__meta",
              "selector": "#discoverProducts > a.welcome-discover-card > div.welcome-discover-card__body > p.welcome-discover-card__meta",
              "foreground": "rgb(37, 99, 235)",
              "background": "rgba(0, 0, 0, 0)",
              "ratio": 5.17,
              "requiredAA": 4.5,
              "requiredAAA": 7,
              "level": "AA"
            },
            {
              "element": "span.welcome-discover-card__meta-label",
              "selector": "a.welcome-discover-card > div.welcome-discover-card__body > p.welcome-discover-card__meta > span.welcome-discover-card__meta-label",
              "foreground": "rgb(100, 116, 139)",
              "background": "rgba(0, 0, 0, 0)",
              "ratio": 4.76,
              "requiredAA": 4.5,
              "requiredAAA": 7,
              "level": "AA"
            },
            {
              "element": "span.welcome-discover-card__meta-value",
              "selector": "a.welcome-discover-card > div.welcome-discover-card__body > p.welcome-discover-card__meta > span.welcome-discover-card__meta-value",
              "foreground": "rgb(71, 85, 105)",
              "background": "rgba(0, 0, 0, 0)",
              "ratio": 7.58,
              "requiredAA": 4.5,
              "requiredAAA": 7,
              "level": "AAA"
            },
            {
              "element": "a.welcome-discover-card",
              "selector": "#discoverProducts > a.welcome-discover-card",
              "foreground": "rgb(37, 99, 235)",
              "background": "rgba(0, 0, 0, 0)",
              "ratio": 5.17,
              "requiredAA": 4.5,
              "requiredAAA": 7,
              "level": "AA"
            },
            {
              "element": "div.welcome-discover-card__media",
              "selector": "#discoverProducts > a.welcome-discover-card > div.welcome-discover-card__media",
              "foreground": "rgb(37, 99, 235)",
              "background": "rgba(0, 0, 0, 0)",
              "ratio": 5.17,
              "requiredAA": 4.5,
              "requiredAAA": 7,
              "level": "AA"
            },
            {
              "element": "div.welcome-discover-card__body",
              "selector": "#discoverProducts > a.welcome-discover-card > div.welcome-discover-card__body",
              "foreground": "rgb(37, 99, 235)",
              "background": "rgba(0, 0, 0, 0)",
              "ratio": 5.17,
              "requiredAA": 4.5,
              "requiredAAA": 7,
              "level": "AA"
            },
            {
              "element": "div.welcome-discover-card__price",
              "selector": "#discoverProducts > a.welcome-discover-card > div.welcome-discover-card__body > div.welcome-discover-card__price",
              "foreground": "rgb(15, 118, 110)",
              "background": "rgba(0, 0, 0, 0)",
              "ratio": 5.47,
              "requiredAA": 3,
              "requiredAAA": 4.5,
              "level": "AAA"
            },
            {
              "element": "h3.welcome-discover-card__title",
              "selector": "#discoverProducts > a.welcome-discover-card > div.welcome-discover-card__body > h3.welcome-discover-card__title",
              "foreground": "rgb(26, 26, 26)",
              "background": "rgba(0, 0, 0, 0)",
              "ratio": 17.4,
              "requiredAA": 3,
              "requiredAAA": 4.5,
              "level": "AAA"
            },
            {
              "element": "p.welcome-discover-card__meta",
              "selector": "#discoverProducts > a.welcome-discover-card > div.welcome-discover-card__body > p.welcome-discover-card__meta",
              "foreground": "rgb(37, 99, 235)",
              "background": "rgba(0, 0, 0, 0)",
              "ratio": 5.17,
              "requiredAA": 4.5,
              "requiredAAA": 7,
              "level": "AA"
            },
            {
              "element": "span.welcome-discover-card__meta-label",
              "selector": "a.welcome-discover-card > div.welcome-discover-card__body > p.welcome-discover-card__meta > span.welcome-discover-card__meta-label",
              "foreground": "rgb(100, 116, 139)",
              "background": "rgba(0, 0, 0, 0)",
              "ratio": 4.76,
              "requiredAA": 4.5,
              "requiredAAA": 7,
              "level": "AA"
            },
            {
              "element": "span.welcome-discover-card__meta-value",
              "selector": "a.welcome-discover-card > div.welcome-discover-card__body > p.welcome-discover-card__meta > span.welcome-discover-card__meta-value",
              "foreground": "rgb(71, 85, 105)",
              "background": "rgba(0, 0, 0, 0)",
              "ratio": 7.58,
              "requiredAA": 4.5,
              "requiredAAA": 7,
              "level": "AAA"
            },
            {
              "element": "div.ifinsta-guest-container",
              "selector": "#main-content > section.welcome-features > div.ifinsta-guest-container",
              "foreground": "rgb(26, 26, 26)",
              "background": "rgba(0, 0, 0, 0)",
              "ratio": 17.4,
              "requiredAA": 4.5,
              "requiredAAA": 7,
              "level": "AAA"
            }
          ],
          "violations": [
            {
              "element": "span.ifinsta-hero__eyebrow",
              "selector": "div.ifinsta-hero__container > div.welcome-hero-custom__grid > div.ifinsta-hero__content > span.ifinsta-hero__eyebrow",
              "foreground": "rgb(96, 165, 250)",
              "background": "rgba(59, 130, 246, 0.15)",
              "ratio": 1.45,
              "requiredAA": 4.5,
              "requiredAAA": 7,
              "level": "fail"
            },
            {
              "element": "h1.ifinsta-hero__title",
              "selector": "div.ifinsta-hero__container > div.welcome-hero-custom__grid > div.ifinsta-hero__content > h1.ifinsta-hero__title",
              "foreground": "rgb(255, 255, 255)",
              "background": "rgba(0, 0, 0, 0)",
              "ratio": 1,
              "requiredAA": 3,
              "requiredAAA": 4.5,
              "level": "fail"
            },
            {
              "element": "p.ifinsta-hero__subtitle",
              "selector": "div.ifinsta-hero__container > div.welcome-hero-custom__grid > div.ifinsta-hero__content > p.ifinsta-hero__subtitle",
              "foreground": "rgba(255, 255, 255, 0.8)",
              "background": "rgba(0, 0, 0, 0)",
              "ratio": 1,
              "requiredAA": 4.5,
              "requiredAAA": 7,
              "level": "fail"
            },
            {
              "element": "div.welcome-hero__trust",
              "selector": "div.ifinsta-hero__container > div.welcome-hero-custom__grid > div.ifinsta-hero__content > div.welcome-hero__trust",
              "foreground": "rgba(255, 255, 255, 0.7)",
              "background": "rgba(0, 0, 0, 0)",
              "ratio": 1,
              "requiredAA": 4.5,
              "requiredAAA": 7,
              "level": "fail"
            },
            {
              "element": "div.welcome-hero__trust-item",
              "selector": "div.welcome-hero-custom__grid > div.ifinsta-hero__content > div.welcome-hero__trust > div.welcome-hero__trust-item",
              "foreground": "rgba(255, 255, 255, 0.7)",
              "background": "rgba(0, 0, 0, 0)",
              "ratio": 1,
              "requiredAA": 4.5,
              "requiredAAA": 7,
              "level": "fail"
            },
            {
              "element": "div.welcome-hero__trust-item",
              "selector": "div.welcome-hero-custom__grid > div.ifinsta-hero__content > div.welcome-hero__trust > div.welcome-hero__trust-item",
              "foreground": "rgba(255, 255, 255, 0.7)",
              "background": "rgba(0, 0, 0, 0)",
              "ratio": 1,
              "requiredAA": 4.5,
              "requiredAAA": 7,
              "level": "fail"
            },
            {
              "element": "div.welcome-hero__trust-item",
              "selector": "div.welcome-hero-custom__grid > div.ifinsta-hero__content > div.welcome-hero__trust > div.welcome-hero__trust-item",
              "foreground": "rgba(255, 255, 255, 0.7)",
              "background": "rgba(0, 0, 0, 0)",
              "ratio": 1,
              "requiredAA": 4.5,
              "requiredAAA": 7,
              "level": "fail"
            },
            {
              "element": "div.welcome-hero__browser",
              "selector": "div.ifinsta-hero__container > div.welcome-hero-custom__grid > div.welcome-hero__mockup > div.welcome-hero__browser",
              "foreground": "rgb(26, 26, 26)",
              "background": "rgb(15, 23, 42)",
              "ratio": 1.03,
              "requiredAA": 4.5,
              "requiredAAA": 7,
              "level": "fail"
            },
            {
              "element": "div.welcome-hero__browser-header",
              "selector": "div.welcome-hero-custom__grid > div.welcome-hero__mockup > div.welcome-hero__browser > div.welcome-hero__browser-header",
              "foreground": "rgb(26, 26, 26)",
              "background": "rgb(30, 41, 59)",
              "ratio": 1.19,
              "requiredAA": 4.5,
              "requiredAAA": 7,
              "level": "fail"
            },
            {
              "element": "div.welcome-hero__dashboard",
              "selector": "div.welcome-hero-custom__grid > div.welcome-hero__mockup > div.welcome-hero__browser > div.welcome-hero__dashboard",
              "foreground": "rgb(26, 26, 26)",
              "background": "rgba(0, 0, 0, 0)",
              "ratio": 1.03,
              "requiredAA": 4.5,
              "requiredAAA": 7,
              "level": "fail"
            },
            {
              "element": "div.welcome-hero__dash-main",
              "selector": "div.welcome-hero__mockup > div.welcome-hero__browser > div.welcome-hero__dashboard > div.welcome-hero__dash-main",
              "foreground": "rgb(26, 26, 26)",
              "background": "rgba(0, 0, 0, 0)",
              "ratio": 1.03,
              "requiredAA": 4.5,
              "requiredAAA": 7,
              "level": "fail"
            },
            {
              "element": "div.welcome-hero__dash-stats",
              "selector": "div.welcome-hero__browser > div.welcome-hero__dashboard > div.welcome-hero__dash-main > div.welcome-hero__dash-stats",
              "foreground": "rgb(26, 26, 26)",
              "background": "rgba(0, 0, 0, 0)",
              "ratio": 1.03,
              "requiredAA": 4.5,
              "requiredAAA": 7,
              "level": "fail"
            },
            {
              "element": "div.welcome-hero__dash-stat-label",
              "selector": "div.welcome-hero__dash-main > div.welcome-hero__dash-stats > div.welcome-hero__dash-stat > div.welcome-hero__dash-stat-label",
              "foreground": "rgba(255, 255, 255, 0.4)",
              "background": "rgba(0, 0, 0, 0)",
              "ratio": 1,
              "requiredAA": 4.5,
              "requiredAAA": 7,
              "level": "fail"
            },
            {
              "element": "div.welcome-hero__dash-stat-value",
              "selector": "div.welcome-hero__dash-main > div.welcome-hero__dash-stats > div.welcome-hero__dash-stat > div.welcome-hero__dash-stat-value",
              "foreground": "rgb(255, 255, 255)",
              "background": "rgba(0, 0, 0, 0)",
              "ratio": 1,
              "requiredAA": 4.5,
              "requiredAAA": 7,
              "level": "fail"
            },
            {
              "element": "div.welcome-hero__dash-stat-change",
              "selector": "div.welcome-hero__dash-main > div.welcome-hero__dash-stats > div.welcome-hero__dash-stat > div.welcome-hero__dash-stat-change",
              "foreground": "rgb(16, 185, 129)",
              "background": "rgba(0, 0, 0, 0)",
              "ratio": 2.54,
              "requiredAA": 4.5,
              "requiredAAA": 7,
              "level": "fail"
            },
            {
              "element": "div.welcome-hero__dash-stat-label",
              "selector": "div.welcome-hero__dash-main > div.welcome-hero__dash-stats > div.welcome-hero__dash-stat > div.welcome-hero__dash-stat-label",
              "foreground": "rgba(255, 255, 255, 0.4)",
              "background": "rgba(0, 0, 0, 0)",
              "ratio": 1,
              "requiredAA": 4.5,
              "requiredAAA": 7,
              "level": "fail"
            },
            {
              "element": "div.welcome-hero__dash-stat-value",
              "selector": "div.welcome-hero__dash-main > div.welcome-hero__dash-stats > div.welcome-hero__dash-stat > div.welcome-hero__dash-stat-value",
              "foreground": "rgb(255, 255, 255)",
              "background": "rgba(0, 0, 0, 0)",
              "ratio": 1,
              "requiredAA": 4.5,
              "requiredAAA": 7,
              "level": "fail"
            },
            {
              "element": "div.welcome-hero__dash-stat-change",
              "selector": "div.welcome-hero__dash-main > div.welcome-hero__dash-stats > div.welcome-hero__dash-stat > div.welcome-hero__dash-stat-change",
              "foreground": "rgb(16, 185, 129)",
              "background": "rgba(0, 0, 0, 0)",
              "ratio": 2.54,
              "requiredAA": 4.5,
              "requiredAAA": 7,
              "level": "fail"
            },
            {
              "element": "div.welcome-hero__dash-stat-label",
              "selector": "div.welcome-hero__dash-main > div.welcome-hero__dash-stats > div.welcome-hero__dash-stat > div.welcome-hero__dash-stat-label",
              "foreground": "rgba(255, 255, 255, 0.4)",
              "background": "rgba(0, 0, 0, 0)",
              "ratio": 1,
              "requiredAA": 4.5,
              "requiredAAA": 7,
              "level": "fail"
            },
            {
              "element": "div.welcome-hero__dash-stat-value",
              "selector": "div.welcome-hero__dash-main > div.welcome-hero__dash-stats > div.welcome-hero__dash-stat > div.welcome-hero__dash-stat-value",
              "foreground": "rgb(255, 255, 255)",
              "background": "rgba(0, 0, 0, 0)",
              "ratio": 1,
              "requiredAA": 4.5,
              "requiredAAA": 7,
              "level": "fail"
            },
            {
              "element": "div.welcome-hero__dash-stat-change",
              "selector": "div.welcome-hero__dash-main > div.welcome-hero__dash-stats > div.welcome-hero__dash-stat > div.welcome-hero__dash-stat-change",
              "foreground": "rgb(16, 185, 129)",
              "background": "rgba(0, 0, 0, 0)",
              "ratio": 2.54,
              "requiredAA": 4.5,
              "requiredAAA": 7,
              "level": "fail"
            },
            {
              "element": "div.welcome-hero__dash-chart-header",
              "selector": "div.welcome-hero__dashboard > div.welcome-hero__dash-main > div.welcome-hero__dash-chart > div.welcome-hero__dash-chart-header",
              "foreground": "rgba(255, 255, 255, 0.4)",
              "background": "rgba(0, 0, 0, 0)",
              "ratio": 1,
              "requiredAA": 4.5,
              "requiredAAA": 7,
              "level": "fail"
            },
            {
              "element": "p.welcome-logos__text",
              "selector": "#main-content > section.welcome-logos > div.ifinsta-guest-container > p.welcome-logos__text",
              "foreground": "rgb(158, 158, 158)",
              "background": "rgba(0, 0, 0, 0)",
              "ratio": 2.68,
              "requiredAA": 4.5,
              "requiredAAA": 7,
              "level": "fail"
            },
            {
              "element": "span.welcome-logos__item",
              "selector": "section.welcome-logos > div.ifinsta-guest-container > div.welcome-logos__grid > span.welcome-logos__item",
              "foreground": "rgb(203, 213, 225)",
              "background": "rgba(0, 0, 0, 0)",
              "ratio": 1.48,
              "requiredAA": 3,
              "requiredAAA": 4.5,
              "level": "fail"
            },
            {
              "element": "span.welcome-logos__item",
              "selector": "section.welcome-logos > div.ifinsta-guest-container > div.welcome-logos__grid > span.welcome-logos__item",
              "foreground": "rgb(203, 213, 225)",
              "background": "rgba(0, 0, 0, 0)",
              "ratio": 1.48,
              "requiredAA": 3,
              "requiredAAA": 4.5,
              "level": "fail"
            },
            {
              "element": "span.welcome-logos__item",
              "selector": "section.welcome-logos > div.ifinsta-guest-container > div.welcome-logos__grid > span.welcome-logos__item",
              "foreground": "rgb(203, 213, 225)",
              "background": "rgba(0, 0, 0, 0)",
              "ratio": 1.48,
              "requiredAA": 3,
              "requiredAAA": 4.5,
              "level": "fail"
            },
            {
              "element": "span.welcome-logos__item",
              "selector": "section.welcome-logos > div.ifinsta-guest-container > div.welcome-logos__grid > span.welcome-logos__item",
              "foreground": "rgb(203, 213, 225)",
              "background": "rgba(0, 0, 0, 0)",
              "ratio": 1.48,
              "requiredAA": 3,
              "requiredAAA": 4.5,
              "level": "fail"
            },
            {
              "element": "span.welcome-logos__item",
              "selector": "section.welcome-logos > div.ifinsta-guest-container > div.welcome-logos__grid > span.welcome-logos__item",
              "foreground": "rgb(203, 213, 225)",
              "background": "rgba(0, 0, 0, 0)",
              "ratio": 1.48,
              "requiredAA": 3,
              "requiredAAA": 4.5,
              "level": "fail"
            },
            {
              "element": "div.welcome-step__number",
              "selector": "div.ifinsta-guest-container > div.welcome-steps__grid > div.welcome-step > div.welcome-step__number",
              "foreground": "rgb(0, 102, 204)",
              "background": "rgba(0, 102, 204, 0.08)",
              "ratio": 1,
              "requiredAA": 3,
              "requiredAAA": 4.5,
              "level": "fail"
            },
            {
              "element": "div.welcome-step__number",
              "selector": "div.ifinsta-guest-container > div.welcome-steps__grid > div.welcome-step > div.welcome-step__number",
              "foreground": "rgb(0, 102, 204)",
              "background": "rgba(0, 102, 204, 0.08)",
              "ratio": 1,
              "requiredAA": 3,
              "requiredAAA": 4.5,
              "level": "fail"
            },
            {
              "element": "div.welcome-step__number",
              "selector": "div.ifinsta-guest-container > div.welcome-steps__grid > div.welcome-step > div.welcome-step__number",
              "foreground": "rgb(0, 102, 204)",
              "background": "rgba(0, 102, 204, 0.08)",
              "ratio": 1,
              "requiredAA": 3,
              "requiredAAA": 4.5,
              "level": "fail"
            },
            {
              "element": "span.welcome-discover__eyebrow",
              "selector": "#discoverFilters > span.welcome-discover__eyebrow",
              "foreground": "rgb(180, 83, 9)",
              "background": "rgba(245, 158, 11, 0.1)",
              "ratio": 2.34,
              "requiredAA": 3,
              "requiredAAA": 4.5,
              "level": "fail"
            },
            {
              "element": "button.dfilter__chip.dfilter__chip--active",
              "selector": "#discoverFilters > div.dfilter__group > div.dfilter__chips > button.dfilter__chip.dfilter__chip--active",
              "foreground": "rgb(37, 99, 235)",
              "background": "rgba(37, 99, 235, 0.08)",
              "ratio": 1,
              "requiredAA": 4.5,
              "requiredAAA": 7,
              "level": "fail"
            },
            {
              "element": "button.dfilter__sort-btn.dfilter__sort-btn--active",
              "selector": "#discoverFilters > div.dfilter__group > div.dfilter__sort > button.dfilter__sort-btn.dfilter__sort-btn--active",
              "foreground": "rgb(37, 99, 235)",
              "background": "rgba(37, 99, 235, 0.08)",
              "ratio": 1,
              "requiredAA": 4.5,
              "requiredAAA": 7,
              "level": "fail"
            },
            {
              "element": "span.welcome-discover-card__badge",
              "selector": "#discoverProducts > a.welcome-discover-card > div.welcome-discover-card__media > span.welcome-discover-card__badge",
              "foreground": "rgb(255, 255, 255)",
              "background": "rgba(0, 0, 0, 0)",
              "ratio": 1,
              "requiredAA": 4.5,
              "requiredAAA": 7,
              "level": "fail"
            },
            {
              "element": "span.welcome-discover-card__badge",
              "selector": "#discoverProducts > a.welcome-discover-card > div.welcome-discover-card__media > span.welcome-discover-card__badge",
              "foreground": "rgb(255, 255, 255)",
              "background": "rgba(0, 0, 0, 0)",
              "ratio": 1,
              "requiredAA": 4.5,
              "requiredAAA": 7,
              "level": "fail"
            },
            {
              "element": "span.welcome-discover-card__badge",
              "selector": "#discoverProducts > a.welcome-discover-card > div.welcome-discover-card__media > span.welcome-discover-card__badge",
              "foreground": "rgb(255, 255, 255)",
              "background": "rgba(0, 0, 0, 0)",
              "ratio": 1,
              "requiredAA": 4.5,
              "requiredAAA": 7,
              "level": "fail"
            }
          ]
        },
        "typography": {
          "fonts": [
            {
              "fontSize": 16,
              "lineHeight": 25.6,
              "fontFamily": "Roboto, \"Segoe UI\", Arial, sans-serif",
              "count": 97
            },
            {
              "fontSize": 15,
              "lineHeight": 24,
              "fontFamily": "Roboto, \"Segoe UI\", Arial, sans-serif",
              "count": 21
            },
            {
              "fontSize": 18,
              "lineHeight": 28.8,
              "fontFamily": "Roboto, \"Segoe UI\", Arial, sans-serif",
              "count": 19
            },
            {
              "fontSize": 14,
              "lineHeight": 19.6,
              "fontFamily": "Roboto, \"Segoe UI\", Arial, sans-serif",
              "count": 10
            },
            {
              "fontSize": 14,
              "lineHeight": 22.4,
              "fontFamily": "Roboto, \"Segoe UI\", Arial, sans-serif",
              "count": 9
            },
            {
              "fontSize": 13,
              "lineHeight": 20.8,
              "fontFamily": "Roboto, \"Segoe UI\", Arial, sans-serif",
              "count": 5
            },
            {
              "fontSize": 11,
              "lineHeight": 17.6,
              "fontFamily": "Roboto, \"Segoe UI\", Arial, sans-serif",
              "count": 5
            },
            {
              "fontSize": 13.76,
              "lineHeight": 13.76,
              "fontFamily": "Arial",
              "count": 5
            },
            {
              "fontSize": 12,
              "lineHeight": 19.2,
              "fontFamily": "Roboto, \"Segoe UI\", Arial, sans-serif",
              "count": 4
            },
            {
              "fontSize": 12.48,
              "lineHeight": 19.968,
              "fontFamily": "Roboto, \"Segoe UI\", Arial, sans-serif",
              "count": 4
            },
            {
              "fontSize": 40,
              "lineHeight": 64,
              "fontFamily": "Roboto, \"Segoe UI\", Arial, sans-serif",
              "count": 4
            },
            {
              "fontSize": 10,
              "lineHeight": 16,
              "fontFamily": "Roboto, \"Segoe UI\", Arial, sans-serif",
              "count": 3
            },
            {
              "fontSize": 11.52,
              "lineHeight": 18.432,
              "fontFamily": "Roboto, \"Segoe UI\", Arial, sans-serif",
              "count": 3
            },
            {
              "fontSize": 14.72,
              "lineHeight": 23.552,
              "fontFamily": "Roboto, \"Segoe UI\", Arial, sans-serif",
              "count": 3
            },
            {
              "fontSize": 16,
              "lineHeight": 20.8,
              "fontFamily": "Roboto, \"Segoe UI\", Arial, sans-serif",
              "count": 3
            },
            {
              "fontSize": 10.88,
              "lineHeight": 17.408,
              "fontFamily": "Roboto, \"Segoe UI\", Arial, sans-serif",
              "count": 3
            },
            {
              "fontSize": 13.12,
              "lineHeight": 19.024,
              "fontFamily": "Roboto, \"Segoe UI\", Arial, sans-serif",
              "count": 3
            },
            {
              "fontSize": 20,
              "lineHeight": 32,
              "fontFamily": "Roboto, \"Segoe UI\", Arial, sans-serif",
              "count": 3
            },
            {
              "fontSize": 17,
              "lineHeight": 27.2,
              "fontFamily": "Roboto, \"Segoe UI\", Arial, sans-serif",
              "count": 2
            },
            {
              "fontSize": 32,
              "lineHeight": 35.2,
              "fontFamily": "Roboto, \"Segoe UI\", Arial, sans-serif",
              "count": 1
            },
            {
              "fontSize": 12,
              "lineHeight": 19.2,
              "fontFamily": "ui-monospace, monospace",
              "count": 1
            },
            {
              "fontSize": 36,
              "lineHeight": 57.6,
              "fontFamily": "Roboto, \"Segoe UI\", Arial, sans-serif",
              "count": 1
            },
            {
              "fontSize": 14.4,
              "lineHeight": 23.04,
              "fontFamily": "Roboto, \"Segoe UI\", Arial, sans-serif",
              "count": 1
            },
            {
              "fontSize": 21.6,
              "lineHeight": 24.84,
              "fontFamily": "Roboto, \"Segoe UI\", Arial, sans-serif",
              "count": 1
            },
            {
              "fontSize": 15.2,
              "lineHeight": 25.08,
              "fontFamily": "Roboto, \"Segoe UI\", Arial, sans-serif",
              "count": 1
            },
            {
              "fontSize": 21.6,
              "lineHeight": 25.92,
              "fontFamily": "Roboto, \"Segoe UI\", Arial, sans-serif",
              "count": 1
            },
            {
              "fontSize": 14.72,
              "lineHeight": 22.08,
              "fontFamily": "Roboto, \"Segoe UI\", Arial, sans-serif",
              "count": 1
            },
            {
              "fontSize": 12.8,
              "lineHeight": 20.48,
              "fontFamily": "Roboto, \"Segoe UI\", Arial, sans-serif",
              "count": 1
            },
            {
              "fontSize": 40,
              "lineHeight": 48,
              "fontFamily": "Roboto, \"Segoe UI\", Arial, sans-serif",
              "count": 1
            },
            {
              "fontSize": 18,
              "lineHeight": 30.6,
              "fontFamily": "Roboto, \"Segoe UI\", Arial, sans-serif",
              "count": 1
            },
            {
              "fontSize": 32,
              "lineHeight": 51.2,
              "fontFamily": "Roboto, \"Segoe UI\", Arial, sans-serif",
              "count": 1
            }
          ],
          "issues": [
            "Tight line-height (1.10) on: h1.ifinsta-hero__title",
            "Small font (10px) on: div.welcome-hero__dash-stat-label",
            "Small font (11px) on: div.welcome-hero__dash-stat-change",
            "Small font (10px) on: div.welcome-hero__dash-stat-label",
            "Small font (11px) on: div.welcome-hero__dash-stat-change",
            "Small font (10px) on: div.welcome-hero__dash-stat-label",
            "Small font (11px) on: div.welcome-hero__dash-stat-change",
            "Small font (11px) on: div.welcome-hero__dash-chart-header",
            "Small font (11px) on: p.welcome-logos__text",
            "Long lines (~103ch) on: p.welcome-logos__text",
            "Tight line-height (1.15) on: h2.welcome-discover__intro-title",
            "Long lines (~84ch) on: span.dfilter__label",
            "Tight line-height (1.00) on: button.dfilter__chip.dfilter__chip--active",
            "Tight line-height (1.00) on: button.dfilter__chip",
            "Long lines (~84ch) on: span.dfilter__label",
            "Long lines (~84ch) on: span.dfilter__label",
            "Tight line-height (1.00) on: button.dfilter__sort-btn.dfilter__sort-btn--active",
            "Tight line-height (1.00) on: button.dfilter__sort-btn",
            "Tight line-height (1.00) on: button.dfilter__sort-btn",
            "Small font (11.52px) on: span.welcome-discover-card__badge",
            "Small font (10.88px) on: span.welcome-discover-card__meta-label",
            "Small font (11.52px) on: span.welcome-discover-card__badge",
            "Small font (10.88px) on: span.welcome-discover-card__meta-label",
            "Small font (11.52px) on: span.welcome-discover-card__badge",
            "Small font (10.88px) on: span.welcome-discover-card__meta-label",
            "Long lines (~81ch) on: p.welcome-cta__note",
            "Long lines (~94ch) on: h4.ifinsta-guest-footer__heading",
            "Long lines (~94ch) on: h4.ifinsta-guest-footer__heading",
            "Long lines (~94ch) on: h4.ifinsta-guest-footer__heading"
          ],
          "readabilityScore": 87
        },
        "touchTargets": {
          "total": 45,
          "passing": 14,
          "failing": 31,
          "violations": [
            {
              "element": "a.ifinsta-visually-hidden",
              "selector": "a.ifinsta-visually-hidden",
              "width": 1,
              "height": 1
            },
            {
              "element": "a.ifinsta-guest-header__brand",
              "selector": "header.ifinsta-guest-header > div.ifinsta-guest-header__container > a.ifinsta-guest-header__brand",
              "width": 100,
              "height": 32
            },
            {
              "element": "button.ifinsta-guest-header__menu-toggle",
              "selector": "header.ifinsta-guest-header > div.ifinsta-guest-header__container > button.ifinsta-guest-header__menu-toggle",
              "width": 40,
              "height": 40
            },
            {
              "element": "button.ifinsta-guest-mobile-menu__close",
              "selector": "#guest-mobile-menu > div.ifinsta-guest-mobile-menu__panel > div.ifinsta-guest-mobile-menu__header > button.ifinsta-guest-mobile-menu__close",
              "width": 40,
              "height": 43
            },
            {
              "element": "button.dfilter__chip.dfilter__chip--active",
              "selector": "#discoverFilters > div.dfilter__group > div.dfilter__chips > button.dfilter__chip.dfilter__chip--active",
              "width": 49,
              "height": 36
            },
            {
              "element": "button.dfilter__chip",
              "selector": "#discoverFilters > div.dfilter__group > div.dfilter__chips > button.dfilter__chip",
              "width": 119,
              "height": 36
            },
            {
              "element": "input",
              "selector": "div.dfilter__group > div.dfilter__price-list > label.dfilter__radio > input",
              "width": 13,
              "height": 13
            },
            {
              "element": "input",
              "selector": "div.dfilter__group > div.dfilter__price-list > label.dfilter__radio > input",
              "width": 13,
              "height": 13
            },
            {
              "element": "input",
              "selector": "div.dfilter__group > div.dfilter__price-list > label.dfilter__radio > input",
              "width": 13,
              "height": 13
            },
            {
              "element": "input",
              "selector": "div.dfilter__group > div.dfilter__price-list > label.dfilter__radio > input",
              "width": 13,
              "height": 13
            },
            {
              "element": "input",
              "selector": "div.dfilter__group > div.dfilter__price-list > label.dfilter__radio > input",
              "width": 13,
              "height": 13
            },
            {
              "element": "button.dfilter__sort-btn.dfilter__sort-btn--active",
              "selector": "#discoverFilters > div.dfilter__group > div.dfilter__sort > button.dfilter__sort-btn.dfilter__sort-btn--active",
              "width": 83,
              "height": 36
            },
            {
              "element": "button.dfilter__sort-btn",
              "selector": "#discoverFilters > div.dfilter__group > div.dfilter__sort > button.dfilter__sort-btn",
              "width": 80,
              "height": 36
            },
            {
              "element": "button.dfilter__sort-btn",
              "selector": "#discoverFilters > div.dfilter__group > div.dfilter__sort > button.dfilter__sort-btn",
              "width": 81,
              "height": 36
            },
            {
              "element": "a.welcome-feature__link",
              "selector": "div.ifinsta-guest-container > div.welcome-features__grid > article.welcome-feature > a.welcome-feature__link",
              "width": 97,
              "height": 24
            },
            {
              "element": "a.welcome-feature__link",
              "selector": "div.ifinsta-guest-container > div.welcome-features__grid > article.welcome-feature > a.welcome-feature__link",
              "width": 97,
              "height": 24
            },
            {
              "element": "a.welcome-feature__link",
              "selector": "div.ifinsta-guest-container > div.welcome-features__grid > article.welcome-feature > a.welcome-feature__link",
              "width": 97,
              "height": 24
            },
            {
              "element": "a.welcome-features__link",
              "selector": "section.welcome-features > div.ifinsta-guest-container > div.welcome-features__footer > a.welcome-features__link",
              "width": 183,
              "height": 24
            },
            {
              "element": "a.ifinsta-guest-footer__social-link",
              "selector": "div.ifinsta-guest-footer__grid > div.ifinsta-guest-footer__brand > div.ifinsta-guest-footer__social > a.ifinsta-guest-footer__social-link",
              "width": 40,
              "height": 40
            },
            {
              "element": "a.ifinsta-guest-footer__social-link",
              "selector": "div.ifinsta-guest-footer__grid > div.ifinsta-guest-footer__brand > div.ifinsta-guest-footer__social > a.ifinsta-guest-footer__social-link",
              "width": 40,
              "height": 40
            },
            {
              "element": "a.ifinsta-guest-footer__social-link",
              "selector": "div.ifinsta-guest-footer__grid > div.ifinsta-guest-footer__brand > div.ifinsta-guest-footer__social > a.ifinsta-guest-footer__social-link",
              "width": 40,
              "height": 40
            },
            {
              "element": "a",
              "selector": "div.ifinsta-guest-footer__column > ul.ifinsta-guest-footer__list > li > a",
              "width": 56,
              "height": 20
            },
            {
              "element": "a",
              "selector": "div.ifinsta-guest-footer__column > ul.ifinsta-guest-footer__list > li > a",
              "width": 45,
              "height": 20
            },
            {
              "element": "a",
              "selector": "div.ifinsta-guest-footer__column > ul.ifinsta-guest-footer__list > li > a",
              "width": 101,
              "height": 20
            },
            {
              "element": "a",
              "selector": "div.ifinsta-guest-footer__column > ul.ifinsta-guest-footer__list > li > a",
              "width": 62,
              "height": 20
            },
            {
              "element": "a",
              "selector": "div.ifinsta-guest-footer__column > ul.ifinsta-guest-footer__list > li > a",
              "width": 79,
              "height": 20
            },
            {
              "element": "a",
              "selector": "div.ifinsta-guest-footer__column > ul.ifinsta-guest-footer__list > li > a",
              "width": 72,
              "height": 20
            },
            {
              "element": "a",
              "selector": "div.ifinsta-guest-footer__column > ul.ifinsta-guest-footer__list > li > a",
              "width": 129,
              "height": 20
            },
            {
              "element": "a",
              "selector": "div.ifinsta-guest-footer__column > ul.ifinsta-guest-footer__list > li > a",
              "width": 40,
              "height": 20
            },
            {
              "element": "a",
              "selector": "div.ifinsta-guest-footer__column > ul.ifinsta-guest-footer__list > li > a",
              "width": 88,
              "height": 20
            },
            {
              "element": "a",
              "selector": "div.ifinsta-guest-footer__column > ul.ifinsta-guest-footer__list > li > a",
              "width": 107,
              "height": 20
            }
          ]
        },
        "layoutShifts": {
          "score": 0.000052474700572900784,
          "shifts": [
            {
              "value": 0.000011183558487621168,
              "startTime": 2274.10000000149,
              "sources": [
                "unknown"
              ]
            },
            {
              "value": 0.000005789490116381904,
              "startTime": 2361.89999999851,
              "sources": [
                "unknown"
              ]
            },
            {
              "value": 0.0000021048471416440576,
              "startTime": 2381,
              "sources": [
                "unknown"
              ]
            },
            {
              "value": 0.0000033411418239574135,
              "startTime": 2400.5,
              "sources": [
                "unknown"
              ]
            },
            {
              "value": 0.000002263703529692666,
              "startTime": 2421.5,
              "sources": [
                "unknown"
              ]
            },
            {
              "value": 0.000002316655659042202,
              "startTime": 2447,
              "sources": [
                "unknown"
              ]
            },
            {
              "value": 0.000008377353515842589,
              "startTime": 2507.10000000149,
              "sources": [
                "unknown"
              ]
            },
            {
              "value": 0.0000025076615541958855,
              "startTime": 2529.2000000029802,
              "sources": [
                "unknown"
              ]
            },
            {
              "value": 0.00000256800635095461,
              "startTime": 2564.7000000029802,
              "sources": [
                "unknown"
              ]
            },
            {
              "value": 0.000003989719447240286,
              "startTime": 2600.7000000029802,
              "sources": [
                "unknown"
              ]
            },
            {
              "value": 0.0000025881212832075185,
              "startTime": 2621.7999999970198,
              "sources": [
                "unknown"
              ]
            },
            {
              "value": 0.0000054444416631204785,
              "startTime": 2672.7999999970198,
              "sources": [
                "unknown"
              ]
            }
          ]
        },
        "responsiveness": {
          "overflowingElements": [
            {
              "element": "div.ifinsta-guest-mobile-menu__panel",
              "selector": "#guest-mobile-menu > div.ifinsta-guest-mobile-menu__panel",
              "width": 607,
              "right": 1213
            },
            {
              "element": "div.ifinsta-guest-mobile-menu__header",
              "selector": "#guest-mobile-menu > div.ifinsta-guest-mobile-menu__panel > div.ifinsta-guest-mobile-menu__header",
              "width": 607,
              "right": 1213
            },
            {
              "element": "span.ifinsta-guest-mobile-menu__title",
              "selector": "#guest-mobile-menu > div.ifinsta-guest-mobile-menu__panel > div.ifinsta-guest-mobile-menu__header > span.ifinsta-guest-mobile-menu__title",
              "width": 46,
              "right": 677
            },
            {
              "element": "button.ifinsta-guest-mobile-menu__close",
              "selector": "#guest-mobile-menu > div.ifinsta-guest-mobile-menu__panel > div.ifinsta-guest-mobile-menu__header > button.ifinsta-guest-mobile-menu__close",
              "width": 40,
              "right": 1189
            },
            {
              "element": "svg",
              "selector": "div.ifinsta-guest-mobile-menu__panel > div.ifinsta-guest-mobile-menu__header > button.ifinsta-guest-mobile-menu__close > svg",
              "width": 24,
              "right": 1181
            },
            {
              "element": "path",
              "selector": "div.ifinsta-guest-mobile-menu__header > button.ifinsta-guest-mobile-menu__close > svg > path",
              "width": 12,
              "right": 1175
            },
            {
              "element": "nav.ifinsta-guest-mobile-menu__nav",
              "selector": "#guest-mobile-menu > div.ifinsta-guest-mobile-menu__panel > nav.ifinsta-guest-mobile-menu__nav",
              "width": 607,
              "right": 1213
            },
            {
              "element": "a.ifinsta-guest-mobile-menu__link",
              "selector": "#guest-mobile-menu > div.ifinsta-guest-mobile-menu__panel > nav.ifinsta-guest-mobile-menu__nav > a.ifinsta-guest-mobile-menu__link",
              "width": 607,
              "right": 1213
            },
            {
              "element": "a.ifinsta-guest-mobile-menu__link",
              "selector": "#guest-mobile-menu > div.ifinsta-guest-mobile-menu__panel > nav.ifinsta-guest-mobile-menu__nav > a.ifinsta-guest-mobile-menu__link",
              "width": 607,
              "right": 1213
            },
            {
              "element": "svg",
              "selector": "div.ifinsta-guest-mobile-menu__panel > nav.ifinsta-guest-mobile-menu__nav > a.ifinsta-guest-mobile-menu__link > svg",
              "width": 24,
              "right": 657
            },
            {
              "element": "path",
              "selector": "nav.ifinsta-guest-mobile-menu__nav > a.ifinsta-guest-mobile-menu__link > svg > path",
              "width": 19,
              "right": 654
            },
            {
              "element": "span",
              "selector": "div.ifinsta-guest-mobile-menu__panel > nav.ifinsta-guest-mobile-menu__nav > a.ifinsta-guest-mobile-menu__link > span",
              "width": 70,
              "right": 738
            },
            {
              "element": "a.ifinsta-guest-mobile-menu__link",
              "selector": "#guest-mobile-menu > div.ifinsta-guest-mobile-menu__panel > nav.ifinsta-guest-mobile-menu__nav > a.ifinsta-guest-mobile-menu__link",
              "width": 607,
              "right": 1213
            },
            {
              "element": "a.ifinsta-guest-mobile-menu__link",
              "selector": "#guest-mobile-menu > div.ifinsta-guest-mobile-menu__panel > nav.ifinsta-guest-mobile-menu__nav > a.ifinsta-guest-mobile-menu__link",
              "width": 607,
              "right": 1213
            },
            {
              "element": "a.ifinsta-guest-mobile-menu__link",
              "selector": "#guest-mobile-menu > div.ifinsta-guest-mobile-menu__panel > nav.ifinsta-guest-mobile-menu__nav > a.ifinsta-guest-mobile-menu__link",
              "width": 607,
              "right": 1213
            },
            {
              "element": "a.ifinsta-guest-mobile-menu__link",
              "selector": "#guest-mobile-menu > div.ifinsta-guest-mobile-menu__panel > nav.ifinsta-guest-mobile-menu__nav > a.ifinsta-guest-mobile-menu__link",
              "width": 607,
              "right": 1213
            },
            {
              "element": "div.ifinsta-guest-mobile-menu__footer",
              "selector": "#guest-mobile-menu > div.ifinsta-guest-mobile-menu__panel > div.ifinsta-guest-mobile-menu__footer",
              "width": 607,
              "right": 1213
            },
            {
              "element": "a.ifinsta-guest-btn.ifinsta-guest-btn--primary",
              "selector": "#guest-mobile-menu > div.ifinsta-guest-mobile-menu__panel > div.ifinsta-guest-mobile-menu__footer > a.ifinsta-guest-btn.ifinsta-guest-btn--primary",
              "width": 559,
              "right": 1189
            },
            {
              "element": "a.welcome-discover-card",
              "selector": "#discoverProducts > a.welcome-discover-card",
              "width": 232,
              "right": 765
            },
            {
              "element": "div.welcome-discover-card__media",
              "selector": "#discoverProducts > a.welcome-discover-card > div.welcome-discover-card__media",
              "width": 231,
              "right": 764
            },
            {
              "element": "img",
              "selector": "#discoverProducts > a.welcome-discover-card > div.welcome-discover-card__media > img",
              "width": 231,
              "right": 764
            },
            {
              "element": "span.welcome-discover-card__badge",
              "selector": "#discoverProducts > a.welcome-discover-card > div.welcome-discover-card__media > span.welcome-discover-card__badge",
              "width": 62,
              "right": 608
            },
            {
              "element": "div.welcome-discover-card__body",
              "selector": "#discoverProducts > a.welcome-discover-card > div.welcome-discover-card__body",
              "width": 231,
              "right": 764
            },
            {
              "element": "div.welcome-discover-card__price",
              "selector": "#discoverProducts > a.welcome-discover-card > div.welcome-discover-card__body > div.welcome-discover-card__price",
              "width": 200,
              "right": 749
            },
            {
              "element": "h3.welcome-discover-card__title",
              "selector": "#discoverProducts > a.welcome-discover-card > div.welcome-discover-card__body > h3.welcome-discover-card__title",
              "width": 200,
              "right": 749
            },
            {
              "element": "p.welcome-discover-card__meta",
              "selector": "#discoverProducts > a.welcome-discover-card > div.welcome-discover-card__body > p.welcome-discover-card__meta",
              "width": 200,
              "right": 749
            },
            {
              "element": "span.welcome-discover-card__meta-label",
              "selector": "a.welcome-discover-card > div.welcome-discover-card__body > p.welcome-discover-card__meta > span.welcome-discover-card__meta-label",
              "width": 200,
              "right": 749
            },
            {
              "element": "span.welcome-discover-card__meta-value",
              "selector": "a.welcome-discover-card > div.welcome-discover-card__body > p.welcome-discover-card__meta > span.welcome-discover-card__meta-value",
              "width": 200,
              "right": 749
            }
          ],
          "hasHorizontalScroll": false,
          "viewportWidth": 607
        },
        "zIndexStacking": {
          "layers": [
            {
              "element": "div#search-overlay.ifinsta-search-overlay",
              "selector": "#search-overlay",
              "zIndex": 900,
              "position": "fixed"
            },
            {
              "element": "div.ifinsta-search-overlay__container",
              "selector": "#search-overlay > div.ifinsta-search-overlay__container",
              "zIndex": 900,
              "position": "fixed"
            },
            {
              "element": "div#search-backdrop.ifinsta-search-overlay__backdrop",
              "selector": "#search-backdrop",
              "zIndex": 890,
              "position": "absolute"
            },
            {
              "element": "div#toast-container.ifinsta-toast-container",
              "selector": "#toast-container",
              "zIndex": 700,
              "position": "fixed"
            },
            {
              "element": "div#ifinsta-toast-container.ifinsta-toast-container",
              "selector": "#ifinsta-toast-container",
              "zIndex": 700,
              "position": "fixed"
            },
            {
              "element": "div#guest-mobile-menu.ifinsta-guest-mobile-menu",
              "selector": "#guest-mobile-menu",
              "zIndex": 500,
              "position": "fixed"
            },
            {
              "element": "header.ifinsta-guest-header",
              "selector": "header.ifinsta-guest-header",
              "zIndex": 300,
              "position": "fixed"
            },
            {
              "element": "div.welcome-hero-custom__grid",
              "selector": "#main-content > section.ifinsta-hero.welcome-hero-custom > div.ifinsta-hero__container > div.welcome-hero-custom__grid",
              "zIndex": 1,
              "position": "relative"
            },
            {
              "element": "div.ifinsta-hero__content",
              "selector": "section.ifinsta-hero.welcome-hero-custom > div.ifinsta-hero__container > div.welcome-hero-custom__grid > div.ifinsta-hero__content",
              "zIndex": 1,
              "position": "relative"
            },
            {
              "element": "div.welcome-discover__shell",
              "selector": "#main-content > section.welcome-discover > div.ifinsta-guest-container > div.welcome-discover__shell",
              "zIndex": 1,
              "position": "relative"
            }
          ],
          "maxZIndex": 900,
          "potentialIssues": []
        },
        "spacing": {
          "commonMargins": [
            {
              "value": "0px",
              "count": 136
            },
            {
              "value": "0px 0px 4px",
              "count": 7
            },
            {
              "value": "0px 0px 24px",
              "count": 6
            },
            {
              "value": "8.8px 0px 0px",
              "count": 6
            },
            {
              "value": "0px 0px 2px",
              "count": 3
            },
            {
              "value": "0px 235.333px 16px",
              "count": 3
            },
            {
              "value": "2.4px 0px 0px",
              "count": 3
            },
            {
              "value": "0px 0px 20px",
              "count": 3
            },
            {
              "value": "0px 0px 32px",
              "count": 2
            },
            {
              "value": "0px 0px 16px",
              "count": 2
            },
            {
              "value": "16px 0px 0px",
              "count": 2
            },
            {
              "value": "0px 0px 64px",
              "count": 2
            },
            {
              "value": "16px 0px 24px",
              "count": 1
            },
            {
              "value": "0px 0px 8px",
              "count": 1
            },
            {
              "value": "0px 0px 12px",
              "count": 1
            }
          ],
          "commonPaddings": [
            {
              "value": "0px",
              "count": 127
            },
            {
              "value": "0px 20px",
              "count": 9
            },
            {
              "value": "24px",
              "count": 5
            },
            {
              "value": "80px 0px",
              "count": 4
            },
            {
              "value": "12px",
              "count": 3
            },
            {
              "value": "15.2px 15.2px 16px",
              "count": 3
            },
            {
              "value": "8.8px 0px 0px",
              "count": 3
            },
            {
              "value": "15.2px",
              "count": 3
            },
            {
              "value": "32px",
              "count": 3
            },
            {
              "value": "8px 0px 0px",
              "count": 3
            },
            {
              "value": "20px",
              "count": 2
            },
            {
              "value": "16px 0px 0px",
              "count": 2
            },
            {
              "value": "16px 0px",
              "count": 1
            },
            {
              "value": "72px 0px 0px",
              "count": 1
            },
            {
              "value": "24px 0px 40px",
              "count": 1
            }
          ],
          "consistencyScore": 84
        },
        "colorPalette": {
          "colors": [
            {
              "value": "rgb(26, 26, 26)",
              "count": 250,
              "usage": [
                "text",
                "border"
              ]
            },
            {
              "value": "rgb(255, 255, 255)",
              "count": 56,
              "usage": [
                "background",
                "text",
                "border"
              ]
            },
            {
              "value": "rgb(245, 246, 247)",
              "count": 45,
              "usage": [
                "text",
                "border"
              ]
            },
            {
              "value": "rgba(241, 245, 249, 0.7)",
              "count": 41,
              "usage": [
                "text",
                "border"
              ]
            },
            {
              "value": "rgb(37, 99, 235)",
              "count": 36,
              "usage": [
                "text",
                "border",
                "background"
              ]
            },
            {
              "value": "rgba(255, 255, 255, 0.4)",
              "count": 34,
              "usage": [
                "text",
                "border"
              ]
            },
            {
              "value": "rgb(0, 102, 204)",
              "count": 30,
              "usage": [
                "text",
                "border"
              ]
            },
            {
              "value": "rgb(71, 85, 105)",
              "count": 29,
              "usage": [
                "text",
                "border"
              ]
            },
            {
              "value": "rgb(100, 116, 139)",
              "count": 28,
              "usage": [
                "text",
                "border"
              ]
            },
            {
              "value": "rgb(15, 23, 42)",
              "count": 26,
              "usage": [
                "background",
                "text",
                "border"
              ]
            },
            {
              "value": "rgb(80, 80, 80)",
              "count": 24,
              "usage": [
                "text",
                "border"
              ]
            },
            {
              "value": "rgb(96, 165, 250)",
              "count": 17,
              "usage": [
                "text",
                "border"
              ]
            },
            {
              "value": "rgb(52, 211, 153)",
              "count": 15,
              "usage": [
                "text",
                "border",
                "background"
              ]
            },
            {
              "value": "rgb(0, 0, 0)",
              "count": 12,
              "usage": [
                "text",
                "border"
              ]
            },
            {
              "value": "rgba(241, 245, 249, 0.5)",
              "count": 12,
              "usage": [
                "text",
                "border"
              ]
            },
            {
              "value": "rgb(203, 213, 225)",
              "count": 10,
              "usage": [
                "text",
                "border"
              ]
            },
            {
              "value": "rgb(180, 83, 9)",
              "count": 9,
              "usage": [
                "text",
                "border"
              ]
            },
            {
              "value": "rgba(255, 255, 255, 0.7)",
              "count": 8,
              "usage": [
                "text",
                "border"
              ]
            },
            {
              "value": "rgb(16, 185, 129)",
              "count": 8,
              "usage": [
                "background",
                "text",
                "border"
              ]
            },
            {
              "value": "rgba(255, 255, 255, 0.05)",
              "count": 7,
              "usage": [
                "border",
                "background"
              ]
            },
            {
              "value": "rgb(26, 26, 26) rgb(26, 26, 26) rgb(26, 26, 26) rgba(0, 0, 0, 0)",
              "count": 6,
              "usage": [
                "border"
              ]
            },
            {
              "value": "rgba(148, 163, 184, 0.24)",
              "count": 6,
              "usage": [
                "border"
              ]
            },
            {
              "value": "rgb(15, 118, 110)",
              "count": 6,
              "usage": [
                "text",
                "border"
              ]
            },
            {
              "value": "rgba(255, 255, 255, 0.03)",
              "count": 4,
              "usage": [
                "background"
              ]
            },
            {
              "value": "rgba(148, 163, 184, 0.9)",
              "count": 4,
              "usage": [
                "border"
              ]
            },
            {
              "value": "rgb(229, 231, 235)",
              "count": 4,
              "usage": [
                "border"
              ]
            },
            {
              "value": "rgba(0, 102, 204, 0.08)",
              "count": 3,
              "usage": [
                "background"
              ]
            },
            {
              "value": "rgba(37, 99, 235, 0.08)",
              "count": 3,
              "usage": [
                "background"
              ]
            },
            {
              "value": "rgb(51, 65, 85)",
              "count": 3,
              "usage": [
                "text"
              ]
            },
            {
              "value": "rgba(255, 255, 255, 0.84)",
              "count": 3,
              "usage": [
                "background"
              ]
            },
            {
              "value": "rgba(148, 163, 184, 0.22)",
              "count": 3,
              "usage": [
                "border"
              ]
            },
            {
              "value": "rgba(255, 255, 255, 0.16)",
              "count": 3,
              "usage": [
                "border"
              ]
            },
            {
              "value": "rgba(226, 232, 240, 0.86) rgb(37, 99, 235) rgb(37, 99, 235)",
              "count": 3,
              "usage": [
                "border"
              ]
            },
            {
              "value": "rgba(226, 232, 240, 0.9)",
              "count": 3,
              "usage": [
                "border"
              ]
            },
            {
              "value": "rgba(255, 255, 255, 0.1)",
              "count": 3,
              "usage": [
                "border"
              ]
            },
            {
              "value": "rgb(26, 26, 26) rgb(26, 26, 26) rgb(229, 231, 235)",
              "count": 2,
              "usage": [
                "border"
              ]
            },
            {
              "value": "rgb(117, 117, 117)",
              "count": 2,
              "usage": [
                "text",
                "border"
              ]
            },
            {
              "value": "rgb(229, 231, 235) rgb(26, 26, 26) rgb(26, 26, 26)",
              "count": 2,
              "usage": [
                "border"
              ]
            },
            {
              "value": "rgba(255, 255, 255, 0.8)",
              "count": 2,
              "usage": [
                "text",
                "border"
              ]
            },
            {
              "value": "rgb(30, 41, 59)",
              "count": 2,
              "usage": [
                "background"
              ]
            },
            {
              "value": "rgb(158, 158, 158)",
              "count": 2,
              "usage": [
                "text",
                "border"
              ]
            },
            {
              "value": "rgba(37, 99, 235, 0.28)",
              "count": 2,
              "usage": [
                "border"
              ]
            },
            {
              "value": "rgba(226, 232, 240, 0.9) rgb(26, 26, 26) rgb(26, 26, 26)",
              "count": 2,
              "usage": [
                "border"
              ]
            },
            {
              "value": "rgba(255, 255, 255, 0.6)",
              "count": 2,
              "usage": [
                "text",
                "border"
              ]
            },
            {
              "value": "rgba(255, 255, 255, 0.85)",
              "count": 1,
              "usage": [
                "background"
              ]
            },
            {
              "value": "rgb(26, 26, 26) rgb(26, 26, 26) rgba(71, 85, 105, 0.15)",
              "count": 1,
              "usage": [
                "border"
              ]
            },
            {
              "value": "rgba(15, 23, 42, 0.4)",
              "count": 1,
              "usage": [
                "background"
              ]
            },
            {
              "value": "rgba(59, 130, 246, 0.15)",
              "count": 1,
              "usage": [
                "background"
              ]
            },
            {
              "value": "rgba(59, 130, 246, 0.3)",
              "count": 1,
              "usage": [
                "border"
              ]
            },
            {
              "value": "rgb(209, 213, 219)",
              "count": 1,
              "usage": [
                "border"
              ]
            }
          ],
          "totalUnique": 66,
          "groups": [
            {
              "representative": "rgb(26, 26, 26)",
              "members": [
                "rgb(26, 26, 26)",
                "rgb(26, 26, 26) rgb(26, 26, 26) rgb(26, 26, 26) rgba(0, 0, 0, 0)",
                "rgb(26, 26, 26) rgb(26, 26, 26) rgb(229, 231, 235)",
                "rgb(26, 26, 26) rgb(26, 26, 26) rgba(71, 85, 105, 0.15)",
                "rgb(26, 26, 26) rgb(26, 26, 26) rgba(255, 255, 255, 0.1)",
                "rgb(26, 26, 26) rgba(255, 255, 255, 0.05) rgb(26, 26, 26) rgb(26, 26, 26)",
                "rgb(26, 26, 26) rgb(26, 26, 26) rgba(148, 163, 184, 0.16)"
              ]
            },
            {
              "representative": "rgb(255, 255, 255)",
              "members": [
                "rgb(255, 255, 255)",
                "rgb(245, 246, 247)",
                "rgba(255, 255, 255, 0.4)",
                "rgba(255, 255, 255, 0.7)",
                "rgba(255, 255, 255, 0.05)",
                "rgba(255, 255, 255, 0.03)",
                "rgba(255, 255, 255, 0.84)",
                "rgba(255, 255, 255, 0.16)",
                "rgba(255, 255, 255, 0.1)",
                "rgba(255, 255, 255, 0.8)",
                "rgba(255, 255, 255, 0.6)",
                "rgba(255, 255, 255, 0.85)",
                "rgba(255, 255, 255, 0.76)",
                "rgb(250, 251, 252)",
                "rgba(255, 255, 255, 0.1) rgb(245, 246, 247) rgb(245, 246, 247)"
              ]
            },
            {
              "representative": "rgba(241, 245, 249, 0.7)",
              "members": [
                "rgba(241, 245, 249, 0.7)",
                "rgba(241, 245, 249, 0.5)"
              ]
            },
            {
              "representative": "rgb(37, 99, 235)",
              "members": [
                "rgb(37, 99, 235)",
                "rgba(37, 99, 235, 0.08)",
                "rgba(37, 99, 235, 0.28)",
                "rgba(37, 99, 235, 0.2)",
                "rgba(37, 99, 235, 0.72)"
              ]
            },
            {
              "representative": "rgb(0, 102, 204)",
              "members": [
                "rgb(0, 102, 204)",
                "rgba(0, 102, 204, 0.08)"
              ]
            },
            {
              "representative": "rgb(71, 85, 105)",
              "members": [
                "rgb(71, 85, 105)"
              ]
            },
            {
              "representative": "rgb(100, 116, 139)",
              "members": [
                "rgb(100, 116, 139)"
              ]
            },
            {
              "representative": "rgb(15, 23, 42)",
              "members": [
                "rgb(15, 23, 42)",
                "rgba(15, 23, 42, 0.4)",
                "rgb(0, 21, 41)"
              ]
            },
            {
              "representative": "rgb(80, 80, 80)",
              "members": [
                "rgb(80, 80, 80)"
              ]
            },
            {
              "representative": "rgb(96, 165, 250)",
              "members": [
                "rgb(96, 165, 250)"
              ]
            },
            {
              "representative": "rgb(52, 211, 153)",
              "members": [
                "rgb(52, 211, 153)"
              ]
            },
            {
              "representative": "rgb(0, 0, 0)",
              "members": [
                "rgb(0, 0, 0)"
              ]
            },
            {
              "representative": "rgb(203, 213, 225)",
              "members": [
                "rgb(203, 213, 225)",
                "rgb(209, 213, 219)"
              ]
            },
            {
              "representative": "rgb(180, 83, 9)",
              "members": [
                "rgb(180, 83, 9)"
              ]
            },
            {
              "representative": "rgb(16, 185, 129)",
              "members": [
                "rgb(16, 185, 129)"
              ]
            },
            {
              "representative": "rgba(148, 163, 184, 0.24)",
              "members": [
                "rgba(148, 163, 184, 0.24)",
                "rgba(148, 163, 184, 0.9)",
                "rgba(148, 163, 184, 0.22)"
              ]
            },
            {
              "representative": "rgb(15, 118, 110)",
              "members": [
                "rgb(15, 118, 110)"
              ]
            },
            {
              "representative": "rgb(229, 231, 235)",
              "members": [
                "rgb(229, 231, 235)",
                "rgba(226, 232, 240, 0.86) rgb(37, 99, 235) rgb(37, 99, 235)",
                "rgba(226, 232, 240, 0.9)",
                "rgb(229, 231, 235) rgb(26, 26, 26) rgb(26, 26, 26)",
                "rgba(226, 232, 240, 0.9) rgb(26, 26, 26) rgb(26, 26, 26)",
                "rgb(229, 231, 235) rgb(26, 26, 26)"
              ]
            },
            {
              "representative": "rgb(51, 65, 85)",
              "members": [
                "rgb(51, 65, 85)"
              ]
            },
            {
              "representative": "rgb(117, 117, 117)",
              "members": [
                "rgb(117, 117, 117)"
              ]
            }
          ]
        },
        "images": {
          "total": 5,
          "missingAlt": [],
          "oversized": [
            {
              "src": "https://ifinsta.com/static/logos/ifinsta-text.1101c3ebd272.svg?v=6a12c7b77024",
              "selector": "header.ifinsta-guest-header > div.ifinsta-guest-header__container > a.ifinsta-guest-header__brand > img.w-5.h-5",
              "naturalWidth": 300,
              "displayWidth": 100,
              "ratio": 3
            },
            {
              "src": "https://ifinsta.com/media/36/b8/b84940866cecfb47_d28d4771.jpg",
              "selector": "#discoverProducts > a.welcome-discover-card > div.welcome-discover-card__media > img",
              "naturalWidth": 1111,
              "displayWidth": 231,
              "ratio": 4.8
            },
            {
              "src": "https://ifinsta.com/media/36/c6/c66e5f1320f41901_90c78daf.jpg",
              "selector": "#discoverProducts > a.welcome-discover-card > div.welcome-discover-card__media > img",
              "naturalWidth": 1122,
              "displayWidth": 231,
              "ratio": 4.9
            },
            {
              "src": "https://ifinsta.com/media/36/34/348a07d93c62d3e3_c32a6850.jpg",
              "selector": "#discoverProducts > a.welcome-discover-card > div.welcome-discover-card__media > img",
              "naturalWidth": 1022,
              "displayWidth": 231,
              "ratio": 4.4
            }
          ],
          "missingDimensions": [
            {
              "src": "https://ifinsta.com/static/logos/ifinsta-text.1101c3ebd272.svg?v=6a12c7b77024",
              "selector": "header.ifinsta-guest-header > div.ifinsta-guest-header__container > a.ifinsta-guest-header__brand > img.w-5.h-5"
            },
            {
              "src": "https://ifinsta.com/media/36/b8/b84940866cecfb47_d28d4771.jpg",
              "selector": "#discoverProducts > a.welcome-discover-card > div.welcome-discover-card__media > img"
            },
            {
              "src": "https://ifinsta.com/media/36/c6/c66e5f1320f41901_90c78daf.jpg",
              "selector": "#discoverProducts > a.welcome-discover-card > div.welcome-discover-card__media > img"
            },
            {
              "src": "https://ifinsta.com/media/36/34/348a07d93c62d3e3_c32a6850.jpg",
              "selector": "#discoverProducts > a.welcome-discover-card > div.welcome-discover-card__media > img"
            },
            {
              "src": "https://ifinsta.com/static/logos/ifinsta-text-white.f537994d0072.svg?v=6a12c7b77024",
              "selector": "div.ifinsta-guest-footer__container > div.ifinsta-guest-footer__grid > div.ifinsta-guest-footer__brand > img.w-8.h-8"
            }
          ],
          "lazyLoaded": 3,
          "eagerLoaded": 2
        },
        "forms": {
          "total": 6,
          "withLabels": 6,
          "withoutLabels": 0,
          "violations": []
        },
        "interactiveElements": {
          "total": 40,
          "violations": [
            {
              "element": "a.ifinsta-visually-hidden",
              "selector": "a.ifinsta-visually-hidden",
              "issue": "undersized",
              "width": 1,
              "height": 1
            },
            {
              "element": "a.ifinsta-guest-header__brand",
              "selector": "header.ifinsta-guest-header > div.ifinsta-guest-header__container > a.ifinsta-guest-header__brand",
              "issue": "undersized",
              "width": 100,
              "height": 32
            },
            {
              "element": "button.ifinsta-guest-header__menu-toggle",
              "selector": "header.ifinsta-guest-header > div.ifinsta-guest-header__container > button.ifinsta-guest-header__menu-toggle",
              "issue": "undersized",
              "width": 40,
              "height": 40
            },
            {
              "element": "button.ifinsta-guest-mobile-menu__close",
              "selector": "#guest-mobile-menu > div.ifinsta-guest-mobile-menu__panel > div.ifinsta-guest-mobile-menu__header > button.ifinsta-guest-mobile-menu__close",
              "issue": "undersized",
              "width": 40,
              "height": 43
            },
            {
              "element": "button.dfilter__chip.dfilter__chip--active",
              "selector": "#discoverFilters > div.dfilter__group > div.dfilter__chips > button.dfilter__chip.dfilter__chip--active",
              "issue": "undersized",
              "width": 49,
              "height": 36
            },
            {
              "element": "button.dfilter__chip",
              "selector": "#discoverFilters > div.dfilter__group > div.dfilter__chips > button.dfilter__chip",
              "issue": "undersized",
              "width": 119,
              "height": 36
            },
            {
              "element": "button.dfilter__sort-btn.dfilter__sort-btn--active",
              "selector": "#discoverFilters > div.dfilter__group > div.dfilter__sort > button.dfilter__sort-btn.dfilter__sort-btn--active",
              "issue": "undersized",
              "width": 83,
              "height": 36
            },
            {
              "element": "button.dfilter__sort-btn",
              "selector": "#discoverFilters > div.dfilter__group > div.dfilter__sort > button.dfilter__sort-btn",
              "issue": "undersized",
              "width": 80,
              "height": 36
            },
            {
              "element": "button.dfilter__sort-btn",
              "selector": "#discoverFilters > div.dfilter__group > div.dfilter__sort > button.dfilter__sort-btn",
              "issue": "undersized",
              "width": 81,
              "height": 36
            },
            {
              "element": "a.welcome-feature__link",
              "selector": "div.ifinsta-guest-container > div.welcome-features__grid > article.welcome-feature > a.welcome-feature__link",
              "issue": "undersized",
              "width": 97,
              "height": 24
            },
            {
              "element": "a.welcome-feature__link",
              "selector": "div.ifinsta-guest-container > div.welcome-features__grid > article.welcome-feature > a.welcome-feature__link",
              "issue": "undersized",
              "width": 97,
              "height": 24
            },
            {
              "element": "a.welcome-feature__link",
              "selector": "div.ifinsta-guest-container > div.welcome-features__grid > article.welcome-feature > a.welcome-feature__link",
              "issue": "undersized",
              "width": 97,
              "height": 24
            },
            {
              "element": "a.welcome-features__link",
              "selector": "section.welcome-features > div.ifinsta-guest-container > div.welcome-features__footer > a.welcome-features__link",
              "issue": "undersized",
              "width": 183,
              "height": 24
            },
            {
              "element": "a.ifinsta-guest-footer__social-link",
              "selector": "div.ifinsta-guest-footer__grid > div.ifinsta-guest-footer__brand > div.ifinsta-guest-footer__social > a.ifinsta-guest-footer__social-link",
              "issue": "undersized",
              "width": 40,
              "height": 40
            },
            {
              "element": "a.ifinsta-guest-footer__social-link",
              "selector": "div.ifinsta-guest-footer__grid > div.ifinsta-guest-footer__brand > div.ifinsta-guest-footer__social > a.ifinsta-guest-footer__social-link",
              "issue": "undersized",
              "width": 40,
              "height": 40
            },
            {
              "element": "a.ifinsta-guest-footer__social-link",
              "selector": "div.ifinsta-guest-footer__grid > div.ifinsta-guest-footer__brand > div.ifinsta-guest-footer__social > a.ifinsta-guest-footer__social-link",
              "issue": "undersized",
              "width": 40,
              "height": 40
            },
            {
              "element": "a",
              "selector": "div.ifinsta-guest-footer__column > ul.ifinsta-guest-footer__list > li > a",
              "issue": "undersized",
              "width": 56,
              "height": 20
            },
            {
              "element": "a",
              "selector": "div.ifinsta-guest-footer__column > ul.ifinsta-guest-footer__list > li > a",
              "issue": "undersized",
              "width": 45,
              "height": 20
            },
            {
              "element": "a",
              "selector": "div.ifinsta-guest-footer__column > ul.ifinsta-guest-footer__list > li > a",
              "issue": "undersized",
              "width": 101,
              "height": 20
            },
            {
              "element": "a",
              "selector": "div.ifinsta-guest-footer__column > ul.ifinsta-guest-footer__list > li > a",
              "issue": "undersized",
              "width": 62,
              "height": 20
            },
            {
              "element": "a",
              "selector": "div.ifinsta-guest-footer__column > ul.ifinsta-guest-footer__list > li > a",
              "issue": "undersized",
              "width": 79,
              "height": 20
            },
            {
              "element": "a",
              "selector": "div.ifinsta-guest-footer__column > ul.ifinsta-guest-footer__list > li > a",
              "issue": "undersized",
              "width": 72,
              "height": 20
            },
            {
              "element": "a",
              "selector": "div.ifinsta-guest-footer__column > ul.ifinsta-guest-footer__list > li > a",
              "issue": "undersized",
              "width": 129,
              "height": 20
            },
            {
              "element": "a",
              "selector": "div.ifinsta-guest-footer__column > ul.ifinsta-guest-footer__list > li > a",
              "issue": "undersized",
              "width": 40,
              "height": 20
            },
            {
              "element": "a",
              "selector": "div.ifinsta-guest-footer__column > ul.ifinsta-guest-footer__list > li > a",
              "issue": "undersized",
              "width": 88,
              "height": 20
            },
            {
              "element": "a",
              "selector": "div.ifinsta-guest-footer__column > ul.ifinsta-guest-footer__list > li > a",
              "issue": "undersized",
              "width": 107,
              "height": 20
            }
          ]
        }
      }
    },
    {
      "name": "performanceProfile-Desktop",
      "status": "passed",
      "duration": 3471,
      "data": {
        "cpuProfile": {
          "endTime": 45436440069,
          "nodes": [
            {
              "callFrame": {
                "columnNumber": -1,
                "functionName": "(root)",
                "lineNumber": -1,
                "scriptId": "0",
                "url": ""
              },
              "children": [
                2,
                3,
                4
              ],
              "hitCount": 0,
              "id": 1
            },
            {
              "callFrame": {
                "columnNumber": -1,
                "functionName": "(program)",
                "lineNumber": -1,
                "scriptId": "0",
                "url": ""
              },
              "hitCount": 302,
              "id": 2
            },
            {
              "callFrame": {
                "columnNumber": -1,
                "functionName": "(idle)",
                "lineNumber": -1,
                "scriptId": "0",
                "url": ""
              },
              "hitCount": 2247,
              "id": 3
            },
            {
              "callFrame": {
                "columnNumber": 210122,
                "functionName": "t.flush",
                "lineNumber": 0,
                "scriptId": "55",
                "url": "chrome-extension://kbfnbcaeplbcioakkpcpgfkobkghlhen/src/js/Grammarly-check.js"
              },
              "children": [
                5
              ],
              "hitCount": 0,
              "id": 4
            },
            {
              "callFrame": {
                "columnNumber": 209238,
                "functionName": "t.execute",
                "lineNumber": 0,
                "scriptId": "55",
                "url": "chrome-extension://kbfnbcaeplbcioakkpcpgfkobkghlhen/src/js/Grammarly-check.js"
              },
              "children": [
                6
              ],
              "hitCount": 0,
              "id": 5
            },
            {
              "callFrame": {
                "columnNumber": 209486,
                "functionName": "t._execute",
                "lineNumber": 0,
                "scriptId": "55",
                "url": "chrome-extension://kbfnbcaeplbcioakkpcpgfkobkghlhen/src/js/Grammarly-check.js"
              },
              "children": [
                7
              ],
              "hitCount": 0,
              "id": 6
            },
            {
              "callFrame": {
                "columnNumber": 196004,
                "functionName": "",
                "lineNumber": 0,
                "scriptId": "55",
                "url": "chrome-extension://kbfnbcaeplbcioakkpcpgfkobkghlhen/src/js/Grammarly-check.js"
              },
              "hitCount": 1,
              "id": 7,
              "positionTicks": [
                {
                  "line": 1,
                  "ticks": 1
                }
              ]
            }
          ],
          "samples": [
            2,
            2,
            2,
            2,
            2,
            2,
            2,
            2,
            3,
            3,
            3,
            3,
            3,
            3,
            3,
            3,
            3,
            3,
            3,
            3,
            2,
            3,
            3,
            3,
            3,
            3,
            3,
            3,
            3,
            3,
            3,
            3,
            3,
            2,
            3,
            3,
            3,
            3,
            3,
            3,
            2,
            3,
            3,
            3,
            3,
            3,
            3,
            2,
            3,
            3,
            3,
            3,
            3,
            3,
            2,
            2,
            3,
            3,
            3,
            3,
            3,
            2,
            2,
            3,
            3,
            3,
            3,
            3,
            3,
            2,
            3,
            3,
            3,
            3,
            3,
            3,
            2,
            3,
            3,
            3,
            3,
            3,
            3,
            2,
            3,
            3,
            2,
            3,
            3,
            3,
            2,
            2,
            3,
            3,
            3,
            3,
            3,
            3,
            2,
            3,
            3,
            3,
            3,
            3,
            3,
            2,
            3,
            3,
            3,
            3,
            3,
            3,
            3,
            3,
            3,
            3,
            3,
            3,
            3,
            2,
            3,
            3,
            3,
            3,
            3,
            3,
            2,
            3,
            3,
            3,
            3,
            3,
            3,
            2,
            2,
            3,
            3,
            3,
            3,
            3,
            3,
            2,
            3,
            3,
            3,
            3,
            3,
            3,
            2,
            3,
            3,
            3,
            3,
            3,
            2,
            3,
            3,
            3,
            3,
            3,
            3,
            2,
            3,
            3,
            3,
            3,
            3,
            3,
            2,
            2,
            3,
            3,
            3,
            3,
            3,
            3,
            2,
            3,
            3,
            3,
            3,
            2,
            3,
            2,
            2,
            3,
            3,
            3,
            3,
            3,
            3,
            2,
            3,
            3,
            3,
            3,
            3,
            3,
            2,
            3,
            3,
            3,
            3,
            3,
            3,
            2,
            2,
            3,
            3,
            3,
            3,
            3,
            3,
            2,
            3,
            3,
            2,
            3,
            3,
            3,
            3,
            2,
            3,
            3,
            3,
            3,
            3,
            3,
            2,
            3,
            3,
            3,
            3,
            3,
            3,
            3,
            2,
            3,
            3,
            3,
            3,
            3,
            3,
            2,
            3,
            3,
            3,
            3,
            3,
            3,
            3,
            2,
            3,
            3,
            3,
            3,
            3,
            3,
            2,
            3,
            3,
            3,
            3,
            3,
            3,
            2,
            2,
            3,
            3,
            3,
            3,
            3,
            3,
            2,
            3,
            3,
            3,
            3,
            3,
            3,
            3,
            2,
            3,
            3,
            3,
            3,
            3,
            3,
            2,
            3,
            3,
            3,
            3,
            3,
            3,
            3,
            2,
            3,
            3,
            3,
            3,
            3,
            3,
            2,
            3,
            3,
            3,
            3,
            2,
            3,
            3,
            2,
            3,
            3,
            3,
            3,
            3,
            3,
            2,
            3,
            3,
            3,
            3,
            3,
            3,
            3,
            2,
            3,
            3,
            3,
            3,
            3,
            3,
            2,
            3,
            3,
            3,
            3,
            3,
            3,
            3,
            2,
            3,
            3,
            3,
            3,
            3,
            3,
            2,
            3,
            3,
            3,
            3,
            3,
            3,
            3,
            2,
            3,
            3,
            3,
            3,
            3,
            3,
            2,
            3,
            3,
            3,
            3,
            3,
            3,
            3,
            2,
            3,
            3,
            3,
            3,
            3,
            3,
            2,
            3,
            3,
            3,
            3,
            3,
            3,
            2,
            2,
            3,
            3,
            3,
            3,
            3,
            3,
            2,
            3,
            3,
            3,
            3,
            3,
            3,
            2,
            3,
            3,
            3,
            3,
            3,
            3,
            2,
            3,
            3,
            3,
            3,
            3,
            3,
            2,
            2,
            3,
            3,
            3,
            3,
            3,
            3,
            2,
            3,
            3,
            3,
            3,
            3,
            3,
            3,
            3,
            3,
            3,
            3,
            3,
            3,
            2,
            3,
            3,
            3,
            3,
            3,
            3,
            2,
            3,
            3,
            3,
            3,
            3,
            3,
            3,
            2,
            3,
            3,
            3,
            3,
            3,
            3,
            3,
            2,
            3,
            3,
            3,
            3,
            3,
            3,
            2,
            3,
            3,
            3,
            3,
            3,
            3,
            3,
            2,
            3,
            3,
            3,
            3,
            3,
            3,
            2,
            3,
            3,
            3,
            3,
            3,
            3,
            3,
            2,
            3,
            3,
            3,
            3,
            3,
            3,
            2,
            3,
            3,
            3,
            3,
            3,
            3,
            2,
            2,
            3,
            3,
            3,
            3,
            3,
            3,
            2,
            3,
            3,
            3,
            3,
            3,
            2,
            2,
            3,
            3,
            3,
            3,
            3,
            3,
            2,
            3,
            3,
            3,
            3,
            3,
            3,
            2,
            2,
            3,
            3,
            3,
            3,
            3,
            3,
            2,
            3,
            3,
            3,
            3,
            3,
            3,
            2,
            3,
            3,
            3,
            3,
            3,
            2,
            3,
            3,
            3,
            3,
            3,
            3,
            2,
            3,
            3,
            3,
            3,
            3,
            3,
            2,
            3,
            3,
            3,
            3,
            3,
            3,
            2,
            3,
            3,
            3,
            3,
            3,
            3,
            2,
            3,
            3,
            3,
            3,
            3,
            3,
            2,
            3,
            3,
            3,
            3,
            3,
            3,
            3,
            2,
            3,
            3,
            3,
            3,
            3,
            3,
            2,
            3,
            3,
            3,
            3,
            3,
            3,
            3,
            2,
            3,
            3,
            3,
            3,
            3,
            3,
            2,
            3,
            3,
            3,
            3,
            3,
            3,
            3,
            2,
            3,
            3,
            3,
            3,
            3,
            3,
            2,
            3,
            3,
            3,
            3,
            3,
            3,
            3,
            2,
            3,
            3,
            3,
            3,
            3,
            3,
            3,
            3,
            3,
            3,
            3,
            3,
            3,
            3,
            2,
            3,
            3,
            3,
            3,
            3,
            3,
            2,
            3,
            3,
            3,
            3,
            3,
            3,
            3,
            2,
            3,
            3,
            3,
            3,
            3,
            3,
            3,
            2,
            3,
            3,
            3,
            3,
            3,
            3,
            2,
            3,
            3,
            3,
            3,
            3,
            3,
            2,
            3,
            3,
            3,
            3,
            3,
            3,
            3,
            2,
            3,
            3,
            3,
            3,
            3,
            3,
            2,
            2,
            3,
            3,
            3,
            3,
            3,
            3,
            2,
            3,
            3,
            3,
            3,
            3,
            3,
            2,
            3,
            3,
            3,
            3,
            3,
            3,
            2,
            3,
            3,
            3,
            3,
            3,
            3,
            3,
            2,
            3,
            3,
            3,
            3,
            3,
            3,
            3,
            3,
            2,
            3,
            3,
            3,
            3,
            3,
            3,
            2,
            3,
            3,
            3,
            3,
            3,
            3,
            3,
            2,
            3,
            3,
            3,
            3,
            3,
            2,
            3,
            3,
            3,
            3,
            3,
            3,
            2,
            3,
            3,
            3,
            3,
            3,
            3,
            2,
            3,
            3,
            3,
            3,
            3,
            3,
            2,
            2,
            3,
            3,
            3,
            3,
            3,
            3,
            2,
            3,
            3,
            3,
            3,
            3,
            3,
            2,
            3,
            3,
            3,
            3,
            3,
            3,
            3,
            2,
            3,
            3,
            3,
            3,
            3,
            3,
            2,
            3,
            3,
            3,
            3,
            3,
            3,
            2,
            3,
            3,
            3,
            3,
            3,
            3,
            3,
            2,
            3,
            3,
            3,
            3,
            3,
            3,
            2,
            3,
            3,
            3,
            3,
            3,
            3,
            3,
            3,
            3,
            3,
            3,
            3,
            2,
            3,
            3,
            3,
            3,
            3,
            3,
            2,
            3,
            3,
            3,
            3,
            3,
            3,
            2,
            3,
            3,
            3,
            3,
            3,
            3,
            3,
            3,
            3,
            3,
            3,
            3,
            3,
            2,
            3,
            3,
            3,
            3,
            3,
            3,
            2,
            3,
            3,
            3,
            3,
            3,
            3,
            3,
            2,
            3,
            3,
            3,
            3,
            3,
            3,
            2,
            3,
            3,
            3,
            3,
            3,
            3,
            3,
            2,
            3,
            3,
            3,
            3,
            3,
            3,
            3,
            3,
            3,
            3,
            3,
            3,
            3,
            3,
            2,
            3,
            3,
            3,
            3,
            3,
            3,
            3,
            2,
            3,
            3,
            3,
            3,
            3,
            3,
            2,
            3,
            3,
            3,
            3,
            3,
            3,
            3,
            2,
            3,
            3,
            3,
            3,
            3,
            3,
            2,
            3,
            3,
            3,
            3,
            3,
            3,
            3,
            2,
            3,
            3,
            3,
            3,
            3,
            3,
            2,
            3,
            3,
            3,
            3,
            3,
            3,
            3,
            3,
            3,
            3,
            3,
            3,
            3,
            3,
            2,
            3,
            3,
            3,
            3,
            3,
            3,
            3,
            3,
            3,
            3,
            3,
            3,
            3,
            3,
            3,
            3,
            3,
            3,
            3,
            3,
            2,
            3,
            3,
            3,
            3,
            3,
            2,
            3,
            3,
            3,
            3,
            3,
            3,
            2,
            3,
            3,
            3,
            3,
            3,
            3,
            2,
            3,
            3,
            3,
            3,
            3,
            3,
            3,
            2,
            3,
            3,
            3,
            3,
            3,
            3,
            2,
            3,
            3,
            3,
            2,
            3,
            3,
            2,
            3,
            3,
            3,
            3,
            3,
            3,
            2,
            3,
            3,
            3,
            3,
            3,
            3,
            3,
            3,
            3,
            3,
            3,
            3,
            3,
            2,
            3,
            3,
            3,
            3,
            3,
            3,
            2,
            3,
            3,
            3,
            3,
            3,
            3,
            3,
            3,
            3,
            3,
            3,
            3,
            3,
            3,
            2,
            3,
            3,
            3,
            3,
            3,
            3,
            2,
            3,
            3,
            3,
            3,
            3,
            3,
            2,
            3,
            3,
            3,
            3,
            3,
            3,
            3,
            3,
            3,
            3,
            3,
            3,
            3,
            3,
            3,
            3,
            3,
            3,
            3,
            3,
            3,
            2,
            3,
            3,
            3,
            3,
            3,
            3,
            2,
            3,
            3,
            3,
            3,
            3,
            3,
            2,
            3,
            3,
            3,
            3,
            3,
            3,
            2,
            3,
            3,
            3,
            3,
            3,
            3,
            2,
            3,
            3,
            3,
            3,
            3,
            3,
            2,
            3,
            3,
            3,
            3,
            3,
            3,
            2,
            3,
            3,
            3,
            3,
            3,
            3,
            3,
            3,
            3,
            3,
            3,
            3,
            3,
            3,
            3,
            3,
            3,
            3,
            3,
            3,
            3,
            3,
            3,
            3,
            3,
            3,
            2,
            3,
            3,
            3,
            3,
            3,
            3,
            2,
            3,
            3,
            3,
            3,
            3,
            3,
            2,
            3,
            3,
            3,
            3,
            3,
            3,
            2,
            3,
            3,
            3,
            3,
            3,
            3,
            2,
            3,
            3,
            3,
            3,
            3,
            3,
            2,
            3,
            3,
            3,
            3,
            3,
            3,
            2,
            3,
            3,
            3,
            3,
            3,
            3,
            3,
            3,
            3,
            3,
            3,
            3,
            2,
            3,
            3,
            3,
            3,
            3,
            3,
            3,
            3,
            2,
            3,
            3,
            3,
            3,
            3,
            3,
            3,
            3,
            3,
            3,
            3,
            3,
            3,
            3,
            3,
            3,
            3,
            3,
            3,
            3,
            3,
            3,
            3,
            3,
            3,
            3,
            3,
            3,
            3,
            3,
            3,
            2,
            3,
            3,
            3,
            3,
            3,
            2,
            3,
            3,
            3,
            3,
            3,
            3,
            2,
            3,
            3,
            3,
            3,
            3,
            3,
            3,
            3,
            3,
            3,
            3,
            3,
            3,
            3,
            3,
            3,
            3,
            3,
            3,
            2,
            3,
            3,
            3,
            3,
            3,
            3,
            2,
            3,
            3,
            3,
            3,
            3,
            3,
            2,
            3,
            3,
            3,
            3,
            3,
            3,
            2,
            3,
            3,
            3,
            3,
            3,
            3,
            3,
            3,
            3,
            3,
            3,
            3,
            2,
            3,
            3,
            3,
            3,
            3,
            3,
            2,
            3,
            3,
            3,
            3,
            3,
            3,
            2,
            3,
            3,
            3,
            3,
            3,
            3,
            3,
            3,
            3,
            3,
            3,
            3,
            3,
            3,
            3,
            3,
            3,
            3,
            3,
            3,
            2,
            3,
            3,
            3,
            3,
            3,
            3,
            2,
            3,
            3,
            3,
            3,
            3,
            3,
            3,
            3,
            3,
            3,
            3,
            3,
            2,
            3,
            3,
            3,
            3,
            3,
            3,
            3,
            3,
            3,
            3,
            3,
            3,
            3,
            2,
            3,
            3,
            3,
            3,
            3,
            3,
            2,
            3,
            3,
            3,
            3,
            3,
            3,
            2,
            3,
            3,
            3,
            3,
            3,
            3,
            2,
            3,
            3,
            3,
            3,
            3,
            3,
            2,
            3,
            3,
            3,
            3,
            3,
            3,
            2,
            3,
            3,
            3,
            3,
            3,
            3,
            2,
            3,
            3,
            3,
            3,
            3,
            3,
            2,
            3,
            3,
            3,
            3,
            3,
            3,
            2,
            3,
            3,
            3,
            3,
            3,
            3,
            3,
            3,
            3,
            3,
            3,
            3,
            3,
            3,
            3,
            3,
            3,
            3,
            3,
            3,
            3,
            3,
            3,
            3,
            3,
            3,
            3,
            2,
            3,
            3,
            3,
            3,
            3,
            3,
            2,
            3,
            3,
            3,
            3,
            3,
            3,
            2,
            3,
            3,
            3,
            3,
            3,
            3,
            2,
            3,
            3,
            3,
            3,
            3,
            3,
            2,
            3,
            3,
            3,
            3,
            3,
            3,
            3,
            3,
            3,
            3,
            3,
            3,
            3,
            3,
            2,
            3,
            3,
            3,
            3,
            3,
            3,
            2,
            3,
            3,
            3,
            3,
            3,
            3,
            3,
            3,
            3,
            3,
            3,
            3,
            3,
            3,
            2,
            3,
            3,
            3,
            3,
            3,
            3,
            2,
            3,
            3,
            3,
            3,
            3,
            3,
            2,
            3,
            3,
            3,
            3,
            3,
            3,
            3,
            3,
            3,
            3,
            3,
            3,
            3,
            3,
            2,
            3,
            3,
            3,
            3,
            3,
            3,
            3,
            3,
            3,
            3,
            3,
            3,
            2,
            3,
            3,
            3,
            3,
            3,
            3,
            3,
            3,
            3,
            3,
            3,
            3,
            2,
            3,
            3,
            3,
            3,
            3,
            3,
            2,
            3,
            3,
            3,
            3,
            3,
            3,
            2,
            3,
            3,
            3,
            3,
            3,
            3,
            3,
            3,
            3,
            3,
            3,
            3,
            3,
            3,
            3,
            3,
            3,
            3,
            3,
            2,
            3,
            3,
            3,
            3,
            3,
            3,
            3,
            3,
            3,
            3,
            3,
            3,
            3,
            3,
            3,
            3,
            3,
            3,
            3,
            2,
            3,
            3,
            3,
            3,
            3,
            3,
            3,
            2,
            3,
            3,
            3,
            3,
            3,
            3,
            2,
            3,
            3,
            3,
            3,
            3,
            2,
            3,
            3,
            3,
            3,
            3,
            3,
            2,
            3,
            3,
            3,
            3,
            3,
            3,
            2,
            3,
            3,
            3,
            3,
            3,
            3,
            3,
            3,
            3,
            3,
            2,
            3,
            3,
            3,
            3,
            3,
            3,
            2,
            3,
            3,
            3,
            3,
            3,
            2,
            3,
            3,
            3,
            3,
            3,
            3,
            2,
            3,
            3,
            3,
            3,
            3,
            3,
            2,
            3,
            3,
            3,
            3,
            3,
            3,
            2,
            3,
            3,
            3,
            3,
            3,
            2,
            3,
            3,
            3,
            3,
            3,
            3,
            2,
            3,
            3,
            3,
            3,
            3,
            3,
            3,
            3,
            3,
            3,
            3,
            3,
            3,
            3,
            3,
            3,
            3,
            3,
            3,
            3,
            3,
            3,
            3,
            3,
            3,
            3,
            3,
            3,
            3,
            3,
            3,
            3,
            3,
            2,
            3,
            3,
            3,
            3,
            3,
            3,
            2,
            3,
            3,
            3,
            3,
            3,
            3,
            2,
            3,
            3,
            3,
            3,
            3,
            3,
            2,
            3,
            3,
            3,
            3,
            3,
            3,
            2,
            3,
            3,
            3,
            3,
            3,
            3,
            3,
            3,
            3,
            3,
            3,
            3,
            3,
            3,
            3,
            3,
            3,
            3,
            3,
            2,
            3,
            3,
            3,
            3,
            3,
            3,
            2,
            3,
            3,
            3,
            3,
            3,
            3,
            2,
            3,
            3,
            3,
            3,
            3,
            3,
            2,
            3,
            3,
            3,
            3,
            3,
            3,
            2,
            3,
            3,
            3,
            3,
            3,
            3,
            2,
            3,
            3,
            3,
            3,
            3,
            3,
            2,
            3,
            3,
            3,
            3,
            3,
            3,
            3,
            3,
            3,
            3,
            3,
            3,
            3,
            2,
            3,
            3,
            2,
            3,
            3,
            3,
            2,
            3,
            3,
            3,
            3,
            3,
            3,
            2,
            3,
            3,
            3,
            3,
            3,
            3,
            2,
            3,
            3,
            3,
            3,
            3,
            3,
            2,
            3,
            3,
            3,
            3,
            3,
            3,
            2,
            3,
            3,
            3,
            3,
            3,
            3,
            2,
            3,
            3,
            3,
            3,
            3,
            3,
            2,
            3,
            3,
            3,
            3,
            3,
            3,
            2,
            3,
            3,
            3,
            3,
            3,
            3,
            2,
            3,
            3,
            3,
            3,
            3,
            3,
            2,
            3,
            3,
            3,
            3,
            3,
            3,
            2,
            3,
            3,
            3,
            3,
            3,
            3,
            3,
            7,
            3,
            3,
            3,
            3,
            3,
            2,
            3,
            3,
            3,
            3,
            3,
            3,
            3,
            3,
            3,
            3,
            3,
            3,
            3,
            3,
            3,
            3,
            3,
            3,
            3,
            3,
            3,
            3,
            3,
            3,
            3,
            3,
            2,
            3,
            3,
            3,
            3,
            3,
            3,
            2,
            3,
            3,
            3,
            3,
            3,
            3,
            2,
            3,
            3,
            3,
            3,
            3,
            3,
            2,
            3,
            3,
            3,
            3,
            3,
            3,
            2,
            3,
            3,
            3,
            3,
            3,
            3,
            2,
            3,
            3,
            3,
            3,
            3,
            3,
            3,
            3,
            3,
            3,
            3,
            3,
            3,
            3,
            3,
            3,
            3,
            3,
            3,
            3,
            3,
            3,
            3,
            3,
            3,
            3,
            3,
            3,
            3,
            3,
            3,
            3,
            3,
            3,
            3,
            3,
            3,
            3,
            3,
            3,
            2,
            3,
            3,
            3,
            3,
            3,
            3,
            2,
            3,
            3,
            3,
            3,
            3,
            3,
            2,
            3,
            3,
            3,
            3,
            3,
            2,
            3,
            3,
            3,
            3,
            3,
            3,
            2,
            3,
            3,
            3,
            3,
            3,
            3,
            3,
            3,
            3,
            3,
            3,
            3,
            3,
            2,
            3,
            3,
            3,
            3,
            3,
            3,
            3,
            3,
            3,
            3,
            3,
            3,
            3,
            3,
            3,
            3,
            3,
            3,
            3,
            3,
            3,
            3,
            3,
            3,
            3,
            3,
            2,
            3,
            3,
            3,
            3,
            3,
            3,
            2,
            3,
            3,
            3,
            3,
            3,
            3,
            2,
            3,
            3,
            3,
            3,
            3,
            3,
            3,
            3,
            3,
            3,
            3,
            3,
            3,
            3,
            3,
            3,
            3,
            3,
            3,
            3,
            2,
            3,
            3,
            3,
            3,
            3,
            3,
            2,
            3,
            3,
            3,
            3,
            3,
            3,
            3,
            3,
            3,
            3,
            3,
            3,
            2,
            3,
            3,
            3,
            3,
            3,
            3,
            3,
            3,
            3,
            3,
            3,
            3,
            3,
            3,
            3,
            3,
            3,
            3,
            3,
            3,
            3,
            3,
            3,
            3,
            3,
            3,
            3,
            2,
            3,
            3,
            3,
            3,
            3,
            3,
            2,
            3,
            3,
            3,
            3,
            3,
            3,
            2,
            3,
            3,
            3,
            3,
            3,
            3,
            2,
            3,
            3,
            3,
            3,
            3,
            3,
            2,
            3,
            3,
            3,
            3,
            3,
            3,
            2,
            3,
            3,
            3,
            3,
            3,
            3,
            3,
            3,
            3,
            3,
            3,
            3,
            3,
            3,
            3,
            3,
            3,
            3,
            3,
            3,
            3,
            3,
            3,
            3,
            3,
            3,
            3,
            3,
            3,
            3,
            3,
            3,
            3,
            3,
            3,
            3,
            3,
            3,
            3,
            3,
            2,
            3,
            3,
            3,
            3,
            3,
            3,
            2,
            3,
            3,
            3,
            3,
            3,
            3,
            2,
            3,
            3,
            3,
            3,
            3,
            3,
            2,
            3,
            3,
            3,
            3,
            3,
            3,
            2,
            3,
            3,
            3,
            3,
            3,
            3,
            3,
            3,
            3,
            3,
            3,
            3,
            3,
            2,
            3,
            3,
            3,
            3,
            3,
            3,
            3,
            3,
            3,
            3,
            3,
            3,
            3,
            2,
            3,
            3,
            3,
            3,
            3,
            3,
            2,
            3,
            3,
            3,
            3,
            3,
            3,
            2,
            3,
            3,
            3,
            3,
            3,
            3,
            3,
            3,
            3,
            3,
            3,
            3,
            3,
            3,
            3,
            3,
            3,
            3,
            3,
            3,
            3,
            3,
            3,
            3,
            3,
            3,
            3,
            2,
            3,
            3,
            3,
            3,
            3,
            3,
            2,
            3,
            3,
            3,
            3,
            3,
            3,
            3,
            3,
            3,
            3,
            3,
            3,
            3,
            3,
            3,
            3,
            3,
            3,
            3,
            3,
            3,
            3,
            3,
            3,
            3,
            3,
            2,
            3,
            3,
            3,
            3,
            3,
            3,
            2,
            3,
            3,
            3,
            3,
            3,
            3,
            2,
            3,
            3,
            3,
            3,
            3,
            3,
            3,
            3,
            3,
            3,
            3,
            3,
            3,
            2,
            3,
            3,
            3,
            3,
            3,
            3,
            2,
            3,
            3,
            3,
            3,
            3,
            3,
            2,
            3,
            3,
            3,
            3,
            3,
            3,
            3,
            3,
            3,
            3,
            3,
            3,
            3,
            3,
            3,
            3,
            3,
            3,
            3,
            3,
            3,
            3,
            3,
            3,
            3,
            3,
            2,
            3,
            3,
            3,
            3,
            3,
            3,
            3,
            3,
            2
          ],
          "startTime": 45432999606,
          "timeDeltas": [
            417447,
            1440,
            1117,
            1114,
            2541,
            1166,
            1825,
            1145,
            1109,
            1117,
            2684,
            2031,
            2232,
            1133,
            3101,
            1129,
            1117,
            1127,
            1131,
            1218,
            1487,
            1123,
            1232,
            1363,
            1117,
            1130,
            1133,
            1536,
            1348,
            1144,
            1113,
            1184,
            1128,
            2197,
            1140,
            1142,
            1130,
            1113,
            1136,
            1107,
            1337,
            1187,
            1131,
            1132,
            1173,
            1122,
            1130,
            1219,
            1254,
            1138,
            1122,
            1106,
            1087,
            1086,
            1099,
            1126,
            1127,
            1115,
            1226,
            1127,
            1281,
            1529,
            1196,
            1141,
            1115,
            1101,
            1124,
            1139,
            1239,
            1122,
            1120,
            1263,
            1126,
            1124,
            1115,
            1150,
            1156,
            1130,
            1122,
            1105,
            1109,
            1129,
            1113,
            1351,
            1204,
            1150,
            1126,
            1104,
            1107,
            1098,
            1096,
            1106,
            1121,
            1122,
            1116,
            1101,
            1120,
            1123,
            1201,
            1109,
            1151,
            1096,
            1078,
            1076,
            1107,
            1091,
            1116,
            1116,
            1121,
            1103,
            1116,
            1105,
            1552,
            1971,
            1214,
            1133,
            1118,
            1136,
            1142,
            1148,
            1133,
            1103,
            1126,
            1141,
            1129,
            1147,
            1209,
            1340,
            1301,
            1126,
            1099,
            1105,
            1098,
            1143,
            1186,
            1128,
            1128,
            1154,
            1184,
            1128,
            1172,
            1201,
            1149,
            1117,
            1106,
            1117,
            1089,
            1641,
            1124,
            1117,
            1121,
            1247,
            1494,
            1536,
            1546,
            1142,
            1134,
            1112,
            1119,
            1114,
            1123,
            1340,
            1138,
            1126,
            1124,
            1127,
            1116,
            1112,
            1104,
            1106,
            1156,
            1129,
            1096,
            1076,
            1069,
            1071,
            1099,
            1148,
            1120,
            1093,
            1084,
            1090,
            1107,
            1126,
            1109,
            1126,
            1120,
            1104,
            1098,
            1536,
            1168,
            1252,
            1127,
            1107,
            1092,
            1083,
            1091,
            1076,
            1094,
            1121,
            1159,
            1135,
            1091,
            1078,
            1075,
            1130,
            1134,
            1111,
            1105,
            1096,
            1087,
            1086,
            1088,
            1118,
            1127,
            1111,
            1106,
            1089,
            1089,
            1131,
            1103,
            1104,
            1128,
            1130,
            1088,
            1079,
            1077,
            1088,
            1101,
            1137,
            1098,
            1111,
            1107,
            1131,
            1116,
            1119,
            1126,
            1151,
            1121,
            1091,
            1078,
            1085,
            1075,
            1096,
            1097,
            1091,
            1094,
            1136,
            1094,
            1096,
            1187,
            1121,
            1113,
            1129,
            1126,
            1144,
            1094,
            1075,
            1082,
            1112,
            1095,
            1180,
            1192,
            1099,
            1085,
            1099,
            1123,
            1150,
            1104,
            1099,
            1086,
            1079,
            1084,
            1105,
            1158,
            1166,
            1094,
            1091,
            1072,
            1074,
            1092,
            1103,
            1109,
            1109,
            1087,
            1082,
            1081,
            1118,
            1289,
            1200,
            1100,
            1101,
            1086,
            1087,
            1077,
            1081,
            1106,
            1131,
            1120,
            1086,
            1084,
            1069,
            1069,
            1116,
            1226,
            1110,
            1098,
            1091,
            1084,
            1076,
            1116,
            1095,
            1112,
            1109,
            1084,
            1076,
            1065,
            1110,
            1105,
            1197,
            1128,
            1104,
            1091,
            1088,
            1075,
            1211,
            1117,
            1126,
            1102,
            1110,
            1100,
            1174,
            1102,
            1109,
            1243,
            1117,
            1098,
            1093,
            1097,
            1089,
            1083,
            1114,
            1115,
            1098,
            1090,
            1126,
            1113,
            1103,
            1144,
            1189,
            1101,
            1095,
            1099,
            1069,
            1082,
            1084,
            1106,
            1115,
            1151,
            1130,
            1094,
            1087,
            1082,
            1088,
            1228,
            1136,
            1115,
            1108,
            1095,
            1099,
            1090,
            1118,
            1121,
            1154,
            1088,
            1076,
            1075,
            1082,
            1100,
            1102,
            1103,
            1093,
            1082,
            1072,
            1073,
            1251,
            1119,
            1125,
            1503,
            1104,
            1091,
            1077,
            1170,
            1140,
            1120,
            1117,
            1122,
            1125,
            1105,
            1119,
            1207,
            1545,
            1511,
            1087,
            1076,
            1073,
            1073,
            1090,
            1119,
            1090,
            1123,
            1102,
            1077,
            1137,
            1118,
            1103,
            1128,
            1114,
            1105,
            1079,
            1094,
            1112,
            1105,
            1126,
            1090,
            1112,
            1085,
            1111,
            1087,
            1133,
            1476,
            1541,
            1110,
            1090,
            1094,
            1088,
            1090,
            1150,
            1245,
            1100,
            1150,
            1494,
            1076,
            1083,
            1119,
            1116,
            1106,
            1096,
            1078,
            1078,
            1080,
            1108,
            1108,
            1102,
            1136,
            1090,
            1072,
            1068,
            1081,
            1098,
            1111,
            1155,
            1101,
            1092,
            1093,
            1097,
            1106,
            1110,
            1125,
            1108,
            1086,
            1080,
            1072,
            1237,
            1112,
            1124,
            1099,
            1097,
            1075,
            1079,
            1109,
            1086,
            1250,
            1209,
            1108,
            1080,
            1060,
            1058,
            1077,
            1113,
            1109,
            1092,
            1083,
            1102,
            1099,
            1099,
            1384,
            1292,
            1089,
            1074,
            1081,
            1067,
            1071,
            1086,
            1120,
            1099,
            1105,
            1100,
            1088,
            1073,
            1166,
            1306,
            1123,
            1535,
            1220,
            1130,
            1106,
            1409,
            1121,
            1109,
            1135,
            1118,
            1090,
            1126,
            1096,
            1106,
            1131,
            1109,
            1117,
            1102,
            1095,
            1086,
            1084,
            1091,
            1104,
            1096,
            1075,
            1111,
            1078,
            1106,
            1542,
            1156,
            1097,
            1090,
            1111,
            1089,
            1112,
            1591,
            1161,
            1228,
            1132,
            1538,
            1497,
            1533,
            1600,
            1472,
            1094,
            1087,
            1085,
            1298,
            1134,
            1114,
            1116,
            1104,
            1086,
            1102,
            1102,
            1094,
            1119,
            1165,
            1116,
            1099,
            1090,
            1086,
            1243,
            1689,
            1122,
            1114,
            1094,
            1083,
            1088,
            1527,
            1539,
            1230,
            1096,
            1094,
            1086,
            1086,
            1257,
            1145,
            1095,
            1092,
            1073,
            1060,
            1078,
            1120,
            1156,
            1113,
            1102,
            1084,
            1087,
            1092,
            1154,
            1106,
            1108,
            1085,
            1069,
            1060,
            1058,
            1109,
            1112,
            1107,
            1119,
            1084,
            1080,
            1073,
            1103,
            1079,
            1086,
            1089,
            1112,
            1091,
            1070,
            1070,
            1066,
            1067,
            1081,
            1118,
            1163,
            1112,
            1129,
            1478,
            1079,
            1092,
            1099,
            1113,
            1113,
            1095,
            1075,
            1067,
            1068,
            1100,
            1106,
            1146,
            1123,
            1093,
            1082,
            1083,
            1082,
            1103,
            1132,
            1115,
            1107,
            1108,
            1071,
            1076,
            1089,
            1211,
            1118,
            1201,
            1142,
            1129,
            1105,
            1109,
            1119,
            1117,
            1080,
            1074,
            1070,
            1069,
            1072,
            1118,
            1192,
            1105,
            1082,
            1076,
            1070,
            1071,
            1114,
            1121,
            1126,
            1196,
            1120,
            1163,
            1148,
            1140,
            1151,
            1122,
            1110,
            1096,
            1103,
            1092,
            1078,
            1092,
            1154,
            1127,
            1075,
            1070,
            1068,
            1067,
            1132,
            1096,
            1107,
            1141,
            1178,
            1123,
            1124,
            1119,
            1090,
            1105,
            1185,
            1130,
            1138,
            1118,
            1176,
            1183,
            1124,
            1135,
            1111,
            1112,
            1131,
            1123,
            1124,
            1079,
            1178,
            1226,
            1206,
            1212,
            1144,
            1117,
            1088,
            1100,
            1127,
            1091,
            1072,
            1112,
            1098,
            1079,
            1102,
            1111,
            1121,
            1107,
            1117,
            1119,
            1194,
            7836,
            1187,
            1111,
            1118,
            1156,
            1160,
            1137,
            1135,
            1124,
            1088,
            1119,
            1133,
            1116,
            1080,
            1119,
            1109,
            1075,
            1134,
            1215,
            1180,
            1113,
            1531,
            1548,
            1511,
            1491,
            1121,
            1098,
            1080,
            1072,
            1066,
            1111,
            1146,
            1126,
            1215,
            1210,
            1200,
            1198,
            1078,
            1176,
            1121,
            1177,
            1118,
            1108,
            1099,
            1089,
            1157,
            1157,
            1146,
            1178,
            1131,
            1113,
            1156,
            1101,
            1107,
            1147,
            1132,
            1113,
            1112,
            1111,
            1076,
            1243,
            1092,
            1079,
            1069,
            1071,
            1066,
            1071,
            1081,
            1119,
            1090,
            1106,
            1093,
            1080,
            1075,
            1436,
            1113,
            1159,
            1530,
            1075,
            1079,
            1071,
            1131,
            1122,
            1149,
            1191,
            1139,
            1136,
            1112,
            1102,
            1103,
            1095,
            1079,
            1078,
            1069,
            1099,
            1113,
            1192,
            1124,
            1134,
            1096,
            1114,
            1184,
            1194,
            1099,
            1109,
            3815,
            1154,
            1150,
            1182,
            1122,
            1118,
            1158,
            1138,
            1143,
            1116,
            1109,
            1113,
            1542,
            1179,
            1112,
            1108,
            1553,
            1101,
            1111,
            1093,
            1156,
            1565,
            1077,
            1111,
            1101,
            1185,
            1213,
            1226,
            1200,
            1207,
            1202,
            1130,
            1091,
            1155,
            1100,
            1074,
            1069,
            1073,
            1074,
            1079,
            1100,
            1111,
            1119,
            1100,
            1076,
            1063,
            1094,
            1155,
            1110,
            1100,
            1125,
            1089,
            1070,
            1076,
            1099,
            1123,
            1121,
            1085,
            1076,
            1074,
            1075,
            1122,
            1092,
            1114,
            1093,
            1115,
            1126,
            1077,
            1076,
            1089,
            1093,
            1090,
            1077,
            1138,
            1077,
            1125,
            1077,
            1094,
            1158,
            1090,
            1069,
            1066,
            1078,
            1062,
            1064,
            1157,
            1091,
            1078,
            1122,
            1143,
            1083,
            1104,
            1143,
            1133,
            1086,
            1125,
            1070,
            1067,
            1090,
            1077,
            1094,
            1093,
            1126,
            1109,
            1124,
            1076,
            1129,
            1086,
            1100,
            1138,
            1082,
            1123,
            1109,
            1115,
            1108,
            1097,
            1173,
            1179,
            1139,
            1130,
            1113,
            1111,
            1121,
            1089,
            1239,
            1206,
            1202,
            1204,
            1204,
            1082,
            1102,
            1185,
            1203,
            1183,
            1203,
            1208,
            1106,
            1109,
            1248,
            1150,
            1206,
            1213,
            1201,
            1123,
            1142,
            1153,
            1220,
            1208,
            1205,
            1189,
            1154,
            1163,
            1114,
            1118,
            1115,
            1109,
            1112,
            1109,
            1138,
            1100,
            1580,
            1568,
            1465,
            1142,
            1086,
            1118,
            1181,
            1122,
            1107,
            1181,
            1148,
            1919,
            1179,
            1131,
            1123,
            1114,
            1109,
            1107,
            1118,
            1109,
            1220,
            1214,
            1225,
            1215,
            1173,
            1091,
            1143,
            1195,
            1135,
            1116,
            1110,
            1108,
            1220,
            1183,
            1258,
            1170,
            1199,
            1123,
            1199,
            1197,
            1096,
            1176,
            1215,
            1197,
            1195,
            1196,
            1194,
            1100,
            1134,
            1196,
            1139,
            1123,
            1112,
            1479,
            1219,
            1235,
            1129,
            1131,
            1204,
            1186,
            1191,
            1097,
            1098,
            1131,
            1137,
            1191,
            1190,
            1185,
            1148,
            1091,
            1128,
            1113,
            1120,
            1124,
            1111,
            1072,
            1069,
            1104,
            1181,
            1132,
            1191,
            1184,
            1190,
            1083,
            1180,
            1198,
            1164,
            1196,
            1198,
            1195,
            1215,
            1148,
            1197,
            1173,
            1122,
            1126,
            1111,
            1092,
            1131,
            1148,
            1127,
            1110,
            1105,
            1104,
            1330,
            1110,
            1226,
            1179,
            1203,
            1200,
            1204,
            1072,
            1166,
            1234,
            1184,
            1216,
            1201,
            1164,
            1121,
            1102,
            1191,
            1185,
            1180,
            1110,
            1105,
            1106,
            1124,
            1181,
            1212,
            1125,
            1188,
            1140,
            1186,
            1118,
            1199,
            1295,
            1159,
            1173,
            1248,
            1273,
            1107,
            1149,
            1172,
            1146,
            1167,
            1204,
            1193,
            1070,
            1246,
            1249,
            1273,
            1217,
            1285,
            1286,
            1198,
            1211,
            1268,
            1124,
            1199,
            1300,
            1173,
            1093,
            1159,
            1217,
            1153,
            1185,
            1213,
            1270,
            1158,
            1213,
            1196,
            1234,
            1266,
            1266,
            1155,
            1144,
            1236,
            1266,
            1195,
            1156,
            1260,
            1168,
            1192,
            1198,
            1231,
            1509,
            1262,
            1269,
            1139,
            1213,
            1230,
            1223,
            1213,
            1195,
            1238,
            1113,
            1222,
            1199,
            1180,
            1221,
            1151,
            1231,
            1141,
            1180,
            1205,
            1164,
            1204,
            1196,
            1193,
            1138,
            1196,
            1278,
            1226,
            1204,
            1237,
            1261,
            1124,
            1212,
            1264,
            1168,
            1172,
            1238,
            1269,
            1121,
            1251,
            1148,
            1099,
            1212,
            1235,
            1281,
            1119,
            1221,
            1277,
            1255,
            1258,
            1182,
            1126,
            1097,
            1233,
            1484,
            1621,
            1249,
            1283,
            1136,
            1241,
            1127,
            1160,
            1211,
            1217,
            1606,
            1183,
            1203,
            1207,
            1250,
            1282,
            1279,
            1110,
            1130,
            1213,
            1215,
            1156,
            1190,
            1233,
            1128,
            1080,
            1237,
            1182,
            1188,
            1196,
            1241,
            1102,
            1099,
            1210,
            1270,
            1185,
            1228,
            1270,
            1190,
            1097,
            1210,
            1487,
            1544,
            1504,
            1192,
            1093,
            1144,
            1206,
            1577,
            1590,
            1279,
            1138,
            1148,
            1257,
            1261,
            1273,
            1286,
            1288,
            1179,
            1233,
            1187,
            1197,
            1253,
            1268,
            1199,
            1109,
            1115,
            1220,
            1221,
            1239,
            1266,
            1174,
            1235,
            1239,
            1288,
            1265,
            1279,
            1284,
            1147,
            1098,
            1205,
            1186,
            1261,
            1285,
            1303,
            1345,
            1103,
            1236,
            1172,
            1220,
            1252,
            1257,
            1143,
            1148,
            1242,
            1294,
            1261,
            1288,
            1279,
            1184,
            1269,
            1254,
            1181,
            1246,
            1291,
            1140,
            1173,
            1194,
            1162,
            1159,
            1257,
            1212,
            1690,
            1115,
            1194,
            1129,
            1210,
            1204,
            1205,
            1092,
            1135,
            1224,
            1203,
            1174,
            1179,
            1206,
            1096,
            1078,
            1170,
            1155,
            1196,
            1192,
            1206,
            1083,
            1098,
            1205,
            1291,
            1211,
            1228,
            1225,
            1113,
            1557,
            1250,
            1279,
            1167,
            1099,
            1197,
            1129,
            1103,
            1243,
            1206,
            1512,
            1627,
            1112,
            1091,
            1268,
            1228,
            1226,
            1270,
            1265,
            1136,
            1156,
            1204,
            1284,
            1272,
            1226,
            1198,
            1124,
            1126,
            1241,
            1240,
            1126,
            1129,
            1197,
            1115,
            1140,
            1232,
            1246,
            1224,
            1225,
            1253,
            1108,
            1103,
            1233,
            1262,
            1263,
            1176,
            1242,
            1320,
            1169,
            1203,
            1240,
            1136,
            1222,
            1266,
            1145,
            1172,
            1203,
            1277,
            1254,
            1221,
            1199,
            1120,
            1151,
            1205,
            1186,
            1184,
            1152,
            1181,
            1081,
            1129,
            1216,
            1127,
            1210,
            1182,
            1161,
            1077,
            1103,
            1275,
            1273,
            1253,
            1265,
            1267,
            1136,
            1258,
            1214,
            1181,
            1123,
            1576,
            1232,
            1149,
            1219,
            1206,
            1104,
            1171,
            1229,
            1234,
            1113,
            1201,
            1230,
            1613,
            1117,
            1206,
            1071,
            1099,
            1215,
            1252,
            1199,
            1239,
            1255,
            1149,
            1167,
            1205,
            1107,
            1241,
            1239,
            1239,
            1118,
            1076,
            1123,
            1221,
            1104,
            1061,
            1196,
            1194,
            1176,
            1140,
            1173,
            1190,
            1215,
            1212,
            1197,
            1103,
            1118,
            1108,
            1138,
            1151,
            1187,
            1185,
            1127,
            1187,
            1243,
            1221,
            1180,
            1261,
            1283,
            1121,
            1240,
            1173,
            1185,
            1108,
            1140,
            1181,
            1242,
            1111,
            1124,
            1095,
            1120,
            1121,
            1116,
            1229,
            1083,
            1130,
            1120,
            1120,
            1148,
            1109,
            1112,
            1080,
            1109,
            1129,
            1132,
            1119,
            1124,
            1102,
            1093,
            1103,
            1242,
            1190,
            1106,
            1123,
            1173,
            1136,
            1134,
            1121,
            1143,
            1169,
            1124,
            1130,
            1122,
            1074,
            1122,
            1183,
            1193,
            1168,
            1185,
            1133,
            1090,
            1101,
            1207,
            1199,
            1209,
            1189,
            1195,
            1088,
            1165,
            1211,
            1204,
            1201,
            1196,
            1189,
            1090,
            1086,
            1193,
            1184,
            1183,
            1171,
            1171,
            1105,
            1186,
            1212,
            1268,
            1224,
            1220,
            1219,
            1104,
            1132,
            1263,
            1218,
            1237,
            1269,
            1270,
            1857,
            1136,
            1243,
            1267,
            1269,
            1266,
            1282,
            1086,
            1255,
            1313,
            1299,
            1271,
            1172,
            1625,
            1108,
            1290,
            1300,
            1280,
            1290,
            1239,
            1129,
            1215,
            1260,
            1266,
            1240,
            1236,
            1136,
            1088,
            1251,
            1228,
            1195,
            1261,
            1289,
            1122,
            1165,
            1166,
            1211,
            1189,
            1188,
            1270,
            1119,
            1094,
            1201,
            1245,
            1604,
            1266,
            1271,
            1115,
            1143,
            1188,
            1193,
            1656,
            1513,
            1132,
            1114,
            1145,
            1165,
            1225,
            1251,
            1263,
            1148,
            1118,
            1232,
            1260,
            1207,
            1265,
            1262,
            1108,
            1093,
            1215,
            1153,
            1107,
            1253,
            1260,
            1110,
            1152,
            1150,
            1117,
            1110,
            1217,
            1180,
            1213,
            1184,
            1112,
            1201,
            1297,
            1593,
            1209,
            1409,
            1353,
            1182,
            1135,
            1204,
            1210,
            1124,
            1091,
            1166,
            1220,
            1236,
            1206,
            1177,
            1137,
            1103,
            1110,
            5602,
            1117,
            1104,
            1216,
            1171,
            1176,
            1192,
            1188,
            1130,
            1093,
            1230,
            1202,
            1222,
            1210,
            1204,
            1308,
            1126,
            1199,
            1255,
            1269,
            1225,
            1152,
            1417,
            1207,
            1221,
            1187,
            1208,
            1212,
            1202,
            1114,
            1102,
            1268,
            1232,
            1181,
            1233,
            1261,
            1115,
            1145,
            1204,
            1269,
            1271,
            1275,
            1599,
            1125,
            1158,
            1253,
            1214,
            1643,
            1529,
            1088,
            1106,
            1239,
            1286,
            1298,
            1269,
            1288,
            1141,
            1186,
            1134,
            1213,
            1256,
            1282,
            1313,
            1145,
            1141,
            1219,
            1228,
            1245,
            1260,
            1185,
            1113,
            1255,
            1199,
            1299,
            1267,
            1292,
            1141,
            1131,
            1198,
            1156,
            1185,
            1251,
            1250,
            1121,
            1232,
            1212,
            1163,
            1199,
            1235,
            1265,
            1106,
            1115,
            1199,
            1291,
            1222,
            1288,
            1275,
            1174,
            1137,
            1204,
            1123,
            1212,
            1294,
            1302,
            1137,
            1160,
            1153,
            1210,
            1223,
            1232,
            1227,
            1080,
            1101,
            1251,
            1286,
            1262,
            1283,
            1311,
            1132,
            1200,
            1231,
            1166,
            1249,
            1267,
            1234,
            1411,
            1150,
            1150,
            1188,
            1217,
            1284,
            1183,
            1103,
            1202,
            1196,
            1201,
            1176,
            1649,
            1418,
            1187,
            1200,
            1204,
            1205,
            1198,
            1191,
            1113,
            1190,
            1109,
            1193,
            1206,
            1202,
            1119,
            1074,
            1095,
            1228,
            1224,
            1188,
            1262,
            1212,
            1399,
            1146,
            1202,
            1164,
            1153,
            1210,
            1209,
            1397,
            1210,
            1210,
            1179,
            1207,
            1195,
            1190,
            1153,
            1178,
            1177,
            1215,
            1220,
            1221,
            1328,
            1129,
            1259,
            1264,
            1221,
            1225,
            1264,
            1109,
            1098,
            1146,
            1146,
            1098,
            1220,
            1274,
            1209,
            1091,
            1173,
            1200,
            1132,
            1188,
            1181,
            1189,
            1143,
            1152,
            1095,
            1136,
            1186,
            1133,
            1207,
            1145,
            1140,
            1257,
            1284,
            1083,
            1215,
            1204,
            1090,
            1162,
            1244,
            1227,
            1232,
            1255,
            1210,
            1121,
            1164,
            1236,
            1251,
            1148,
            1163,
            1270,
            1118,
            1194,
            1245,
            1216,
            1107,
            1249,
            1251,
            1118,
            1130,
            1218,
            1199,
            1177,
            1213,
            1201,
            1121,
            1179,
            1249,
            1249,
            1169,
            1153,
            1289,
            1118,
            1173,
            1235,
            1140,
            1203,
            1263,
            1272,
            1172,
            1156,
            1243,
            1224,
            1228,
            1266,
            1281,
            1140,
            1260,
            1164,
            1139,
            1177,
            1237,
            1230,
            1147,
            1214,
            1208,
            1143,
            1195,
            1174,
            1182,
            1154,
            1175,
            1254,
            1154,
            1240,
            1280,
            1172,
            1145,
            1244,
            1256,
            1161,
            1200,
            1240,
            1119,
            1152,
            1205,
            1114,
            1140,
            1244,
            1247,
            1150,
            1102,
            1232,
            1276,
            1301,
            1265,
            1280,
            1210,
            1125,
            1201,
            1231,
            1232,
            1240,
            1280,
            1128,
            1177,
            1215,
            1186,
            1200,
            1220,
            1241,
            1131,
            1101,
            1227,
            1234,
            1223,
            1264,
            1261,
            1117,
            1204,
            1210,
            1101,
            1232,
            1252,
            1178,
            1100,
            1289,
            1184,
            1170,
            1235,
            1262,
            1284,
            1139,
            1112,
            1208,
            1168,
            1174,
            1205,
            1198,
            1127,
            1178,
            1239,
            1169,
            1602,
            1237,
            1261,
            1168,
            1222,
            1174,
            1204,
            1220,
            1232,
            1137,
            1092,
            1214,
            1259,
            1217,
            1236,
            1275,
            1108,
            1102,
            1224,
            1186,
            1269,
            1251,
            1282,
            1142,
            1218,
            1243,
            1215,
            1220,
            1189,
            1190,
            1093,
            1072,
            1190,
            1229,
            1265,
            1279,
            1278,
            1174,
            1113,
            1248,
            1249,
            1171,
            1646,
            1303,
            1233,
            1097,
            1108,
            1240,
            1308,
            1280,
            1261,
            1144,
            1163,
            1286,
            1259,
            1282,
            1277,
            1358,
            1096,
            1671,
            1210,
            1204,
            1245,
            1276,
            1210,
            1171,
            1223,
            1193,
            1202,
            1198,
            1203,
            1090,
            1212,
            1190,
            1171,
            1192,
            1192,
            1211,
            1091,
            1229,
            1204,
            1247,
            1194,
            1233,
            1279,
            1096,
            1209,
            1228,
            1259,
            1226,
            1218,
            1206,
            1165,
            1248,
            1277,
            1227,
            1234,
            1264,
            1109,
            1127,
            1214,
            1231,
            1197,
            1239,
            1265,
            1109,
            1117,
            1238,
            1175,
            1194,
            1260,
            1254,
            1110,
            1095,
            1239,
            1253,
            1192,
            1227,
            1266,
            1114,
            1112,
            1219,
            1081,
            1147,
            1121,
            1139,
            1263,
            1085,
            1248,
            1281,
            1156,
            1249,
            1273,
            1130,
            1166,
            1241,
            1260,
            1223,
            1233,
            1253,
            1121,
            1196,
            1589,
            1217,
            1077,
            1270,
            1262,
            1154,
            1130,
            1170,
            1198,
            1245,
            1267,
            1304,
            1136,
            1204,
            1263,
            1225,
            1218,
            1277,
            1411,
            1112,
            1105,
            1252,
            1204,
            1225,
            1251,
            1124,
            1105,
            1241,
            1161,
            1175,
            1235,
            1234,
            1134,
            1106,
            1207,
            1257,
            1234,
            1226,
            1267,
            1149,
            1101,
            1217,
            1273,
            1239,
            1253,
            1255,
            1133,
            1085,
            1248,
            1224,
            1188,
            1242,
            1258,
            1110,
            1155,
            1218,
            1184,
            1200,
            1198,
            1197,
            1083,
            1113,
            1257,
            1259,
            1206,
            1237,
            1261,
            1110,
            1117,
            1248,
            1169,
            1229,
            1237,
            1275,
            1131,
            1366,
            1248,
            1234,
            1231,
            1257,
            1264,
            1144,
            1205,
            1165,
            1181,
            1199,
            1522,
            1100,
            1129,
            1188,
            1217,
            1176,
            1190,
            1214,
            1212,
            1099,
            1159,
            1227,
            1304,
            1254,
            1279,
            1125,
            1114,
            1226,
            1252,
            1218,
            1219,
            1264,
            1128,
            1124,
            1119,
            1166,
            1200,
            1216,
            1250,
            1177,
            1127,
            1205,
            1281,
            1249,
            1278,
            1282,
            1552,
            1229,
            1207,
            1184,
            1207,
            1196,
            1212,
            1096,
            1151,
            1154,
            1175,
            1222,
            1242,
            1231,
            1117,
            1139,
            1277,
            1272,
            1249,
            1266,
            1265,
            1161,
            1167,
            1242,
            1133,
            1245,
            1237,
            1231,
            1100,
            1181,
            1185,
            1228,
            1252,
            1268,
            1199,
            1132,
            1237,
            1243,
            1226,
            1185,
            1220,
            1143,
            1105,
            1151,
            1129,
            1198,
            1188,
            1189,
            1191,
            1181,
            1118,
            1129,
            1171,
            1203,
            1221,
            1110,
            1095,
            1085,
            1117,
            1142,
            1101,
            1127,
            1092,
            1295,
            1114,
            1236,
            1222,
            1193,
            1136,
            1176,
            1089,
            1160,
            1207,
            1185,
            1096,
            1189,
            1186,
            1094,
            1089,
            1178,
            1224,
            1185,
            1233,
            1218,
            1176,
            1148,
            1096,
            1138,
            1167,
            1280,
            1280,
            1246,
            1566,
            1239,
            1251,
            1237,
            1226,
            1130,
            1144,
            1166,
            1227,
            1216,
            1231,
            1264,
            1277,
            1177,
            1189,
            1239,
            1280,
            1277,
            1293,
            1202,
            1230,
            1257,
            1283,
            1223,
            1226,
            1132,
            1198,
            1101,
            1232,
            1255,
            1222,
            1225,
            1284,
            1105,
            1139,
            1203,
            1271,
            1272,
            1227,
            1195,
            1067,
            1461,
            1224,
            1284,
            1300,
            1266,
            1265,
            1124,
            1266,
            1207,
            1207,
            1152,
            1200,
            1081,
            1090,
            1155,
            1264,
            1264,
            1602,
            1207,
            1117,
            1136,
            1222,
            1196,
            1137,
            1180,
            1112,
            1224,
            1133,
            1228,
            1142,
            1124,
            1225,
            1257,
            1235,
            1087,
            1132,
            1238,
            1236,
            1254,
            1260,
            1165,
            1118,
            1223,
            1270,
            1136,
            1179,
            1234,
            1245,
            1097,
            1131,
            1142,
            1220,
            1263,
            1282,
            1156,
            1119,
            1201,
            1200,
            1197,
            1194,
            1529,
            1091,
            1255,
            1325,
            1099,
            1117,
            1221,
            1285,
            1126,
            1104,
            1209,
            1183,
            1229,
            1207,
            1198,
            1147,
            1427,
            1232
          ]
        },
        "metrics": [
          {
            "name": "Timestamp",
            "value": 45436.449873
          },
          {
            "name": "AudioHandlers",
            "value": 0
          },
          {
            "name": "AudioWorkletProcessors",
            "value": 0
          },
          {
            "name": "Documents",
            "value": 8
          },
          {
            "name": "Frames",
            "value": 5
          },
          {
            "name": "JSEventListeners",
            "value": 148
          },
          {
            "name": "LayoutObjects",
            "value": 609
          },
          {
            "name": "MediaKeySessions",
            "value": 0
          },
          {
            "name": "MediaKeys",
            "value": 0
          },
          {
            "name": "Nodes",
            "value": 1700
          },
          {
            "name": "Resources",
            "value": 134
          },
          {
            "name": "ContextLifecycleStateObservers",
            "value": 29
          },
          {
            "name": "V8PerContextDatas",
            "value": 8
          },
          {
            "name": "WorkerGlobalScopes",
            "value": 0
          },
          {
            "name": "UACSSResources",
            "value": 0
          },
          {
            "name": "RTCPeerConnections",
            "value": 0
          },
          {
            "name": "ResourceFetchers",
            "value": 8
          },
          {
            "name": "AdSubframes",
            "value": 0
          },
          {
            "name": "DetachedScriptStates",
            "value": 0
          },
          {
            "name": "ArrayBufferContents",
            "value": 2
          },
          {
            "name": "LayoutCount",
            "value": 0
          },
          {
            "name": "RecalcStyleCount",
            "value": 364
          },
          {
            "name": "LayoutDuration",
            "value": 0
          },
          {
            "name": "RecalcStyleDuration",
            "value": 0.071986
          },
          {
            "name": "DevToolsCommandDuration",
            "value": 0.007946
          },
          {
            "name": "ScriptDuration",
            "value": 0.001701
          },
          {
            "name": "V8CompileDuration",
            "value": 0
          },
          {
            "name": "TaskDuration",
            "value": 0.391549
          },
          {
            "name": "TaskOtherDuration",
            "value": 0.309916
          },
          {
            "name": "ThreadTime",
            "value": 0.418034
          },
          {
            "name": "ProcessTime",
            "value": 3.575509
          },
          {
            "name": "JSHeapUsedSize",
            "value": 10175324
          },
          {
            "name": "JSHeapTotalSize",
            "value": 13893632
          },
          {
            "name": "FirstMeaningfulPaint",
            "value": 45430.38191
          },
          {
            "name": "DomContentLoaded",
            "value": 45430.440286
          },
          {
            "name": "NavigationStart",
            "value": 45428.513072
          }
        ],
        "heapUsage": {
          "backingStorageSize": 2096013,
          "embedderHeapUsedSize": 11547528,
          "totalSize": 13893632,
          "usedSize": 10175324
        },
        "networkRequests": []
      }
    },
    {
      "name": "launch-Mobile",
      "status": "passed",
      "duration": 1084,
      "data": {
        "sessionId": "session_1775624573596_u6sl27r",
        "extensionId": "pikndedbealneelekdingglagohngehd",
        "viewport": "Mobile"
      }
    },
    {
      "name": "navigate-Mobile",
      "status": "passed",
      "duration": 4592,
      "data": {
        "success": true,
        "url": "https://ifinsta.com/",
        "loadTime": 2589,
        "title": "ifinsta - The Complete Business Platform for Growing Companies",
        "tabId": 48936851
      }
    },
    {
      "name": "webVitals-Mobile",
      "status": "passed",
      "duration": 7,
      "data": {
        "lcp": 1644,
        "fid": null,
        "cls": 0.0006863336160526077,
        "fcp": 1644,
        "ttfb": 568.3999999985099,
        "inp": null
      }
    },
    {
      "name": "screenshot-Mobile",
      "status": "failed",
      "duration": 117,
      "error": "Screenshot failed: Either the '<all_urls>' or 'activeTab' permission is required."
    },
    {
      "name": "designAudit-Mobile",
      "status": "passed",
      "duration": 95,
      "data": {
        "colorContrast": {
          "passes": [
            {
              "element": "a.ifinsta-visually-hidden",
              "selector": "a.ifinsta-visually-hidden",
              "foreground": "rgb(37, 99, 235)",
              "background": "rgba(0, 0, 0, 0)",
              "ratio": 5.17,
              "requiredAA": 4.5,
              "requiredAAA": 7,
              "level": "AA"
            },
            {
              "element": "div.ifinsta-guest-header__container",
              "selector": "header.ifinsta-guest-header > div.ifinsta-guest-header__container",
              "foreground": "rgb(26, 26, 26)",
              "background": "rgba(0, 0, 0, 0)",
              "ratio": 17.4,
              "requiredAA": 4.5,
              "requiredAAA": 7,
              "level": "AAA"
            },
            {
              "element": "div#guest-mobile-menu.ifinsta-guest-mobile-menu",
              "selector": "#guest-mobile-menu",
              "foreground": "rgb(26, 26, 26)",
              "background": "rgba(0, 0, 0, 0)",
              "ratio": 17.4,
              "requiredAA": 4.5,
              "requiredAAA": 7,
              "level": "AAA"
            },
            {
              "element": "div.ifinsta-guest-mobile-menu__panel",
              "selector": "#guest-mobile-menu > div.ifinsta-guest-mobile-menu__panel",
              "foreground": "rgb(26, 26, 26)",
              "background": "rgb(255, 255, 255)",
              "ratio": 17.4,
              "requiredAA": 4.5,
              "requiredAAA": 7,
              "level": "AAA"
            },
            {
              "element": "div.ifinsta-guest-mobile-menu__header",
              "selector": "#guest-mobile-menu > div.ifinsta-guest-mobile-menu__panel > div.ifinsta-guest-mobile-menu__header",
              "foreground": "rgb(26, 26, 26)",
              "background": "rgba(0, 0, 0, 0)",
              "ratio": 17.4,
              "requiredAA": 4.5,
              "requiredAAA": 7,
              "level": "AAA"
            },
            {
              "element": "span.ifinsta-guest-mobile-menu__title",
              "selector": "#guest-mobile-menu > div.ifinsta-guest-mobile-menu__panel > div.ifinsta-guest-mobile-menu__header > span.ifinsta-guest-mobile-menu__title",
              "foreground": "rgb(117, 117, 117)",
              "background": "rgba(0, 0, 0, 0)",
              "ratio": 4.61,
              "requiredAA": 4.5,
              "requiredAAA": 7,
              "level": "AA"
            },
            {
              "element": "a.ifinsta-guest-mobile-menu__link",
              "selector": "#guest-mobile-menu > div.ifinsta-guest-mobile-menu__panel > nav.ifinsta-guest-mobile-menu__nav > a.ifinsta-guest-mobile-menu__link",
              "foreground": "rgb(26, 26, 26)",
              "background": "rgba(0, 0, 0, 0)",
              "ratio": 17.4,
              "requiredAA": 4.5,
              "requiredAAA": 7,
              "level": "AAA"
            },
            {
              "element": "a.ifinsta-guest-mobile-menu__link",
              "selector": "#guest-mobile-menu > div.ifinsta-guest-mobile-menu__panel > nav.ifinsta-guest-mobile-menu__nav > a.ifinsta-guest-mobile-menu__link",
              "foreground": "rgb(26, 26, 26)",
              "background": "rgba(0, 0, 0, 0)",
              "ratio": 17.4,
              "requiredAA": 4.5,
              "requiredAAA": 7,
              "level": "AAA"
            },
            {
              "element": "span",
              "selector": "div.ifinsta-guest-mobile-menu__panel > nav.ifinsta-guest-mobile-menu__nav > a.ifinsta-guest-mobile-menu__link > span",
              "foreground": "rgb(26, 26, 26)",
              "background": "rgba(0, 0, 0, 0)",
              "ratio": 17.4,
              "requiredAA": 4.5,
              "requiredAAA": 7,
              "level": "AAA"
            },
            {
              "element": "a.ifinsta-guest-mobile-menu__link",
              "selector": "#guest-mobile-menu > div.ifinsta-guest-mobile-menu__panel > nav.ifinsta-guest-mobile-menu__nav > a.ifinsta-guest-mobile-menu__link",
              "foreground": "rgb(26, 26, 26)",
              "background": "rgba(0, 0, 0, 0)",
              "ratio": 17.4,
              "requiredAA": 4.5,
              "requiredAAA": 7,
              "level": "AAA"
            },
            {
              "element": "a.ifinsta-guest-mobile-menu__link",
              "selector": "#guest-mobile-menu > div.ifinsta-guest-mobile-menu__panel > nav.ifinsta-guest-mobile-menu__nav > a.ifinsta-guest-mobile-menu__link",
              "foreground": "rgb(26, 26, 26)",
              "background": "rgba(0, 0, 0, 0)",
              "ratio": 17.4,
              "requiredAA": 4.5,
              "requiredAAA": 7,
              "level": "AAA"
            },
            {
              "element": "a.ifinsta-guest-mobile-menu__link",
              "selector": "#guest-mobile-menu > div.ifinsta-guest-mobile-menu__panel > nav.ifinsta-guest-mobile-menu__nav > a.ifinsta-guest-mobile-menu__link",
              "foreground": "rgb(26, 26, 26)",
              "background": "rgba(0, 0, 0, 0)",
              "ratio": 17.4,
              "requiredAA": 4.5,
              "requiredAAA": 7,
              "level": "AAA"
            },
            {
              "element": "a.ifinsta-guest-mobile-menu__link",
              "selector": "#guest-mobile-menu > div.ifinsta-guest-mobile-menu__panel > nav.ifinsta-guest-mobile-menu__nav > a.ifinsta-guest-mobile-menu__link",
              "foreground": "rgb(26, 26, 26)",
              "background": "rgba(0, 0, 0, 0)",
              "ratio": 17.4,
              "requiredAA": 4.5,
              "requiredAAA": 7,
              "level": "AAA"
            },
            {
              "element": "div.ifinsta-guest-mobile-menu__footer",
              "selector": "#guest-mobile-menu > div.ifinsta-guest-mobile-menu__panel > div.ifinsta-guest-mobile-menu__footer",
              "foreground": "rgb(26, 26, 26)",
              "background": "rgba(0, 0, 0, 0)",
              "ratio": 17.4,
              "requiredAA": 4.5,
              "requiredAAA": 7,
              "level": "AAA"
            },
            {
              "element": "a.ifinsta-guest-btn.ifinsta-guest-btn--primary",
              "selector": "#guest-mobile-menu > div.ifinsta-guest-mobile-menu__panel > div.ifinsta-guest-mobile-menu__footer > a.ifinsta-guest-btn.ifinsta-guest-btn--primary",
              "foreground": "rgb(255, 255, 255)",
              "background": "rgb(37, 99, 235)",
              "ratio": 5.17,
              "requiredAA": 4.5,
              "requiredAAA": 7,
              "level": "AA"
            },
            {
              "element": "div.ifinsta-hero__container",
              "selector": "#main-content > section.ifinsta-hero.welcome-hero-custom > div.ifinsta-hero__container",
              "foreground": "rgb(26, 26, 26)",
              "background": "rgba(0, 0, 0, 0)",
              "ratio": 17.4,
              "requiredAA": 4.5,
              "requiredAAA": 7,
              "level": "AAA"
            },
            {
              "element": "div.welcome-hero-custom__grid",
              "selector": "#main-content > section.ifinsta-hero.welcome-hero-custom > div.ifinsta-hero__container > div.welcome-hero-custom__grid",
              "foreground": "rgb(26, 26, 26)",
              "background": "rgba(0, 0, 0, 0)",
              "ratio": 17.4,
              "requiredAA": 4.5,
              "requiredAAA": 7,
              "level": "AAA"
            },
            {
              "element": "div.ifinsta-hero__content",
              "selector": "section.ifinsta-hero.welcome-hero-custom > div.ifinsta-hero__container > div.welcome-hero-custom__grid > div.ifinsta-hero__content",
              "foreground": "rgb(26, 26, 26)",
              "background": "rgba(0, 0, 0, 0)",
              "ratio": 17.4,
              "requiredAA": 4.5,
              "requiredAAA": 7,
              "level": "AAA"
            },
            {
              "element": "div.welcome-hero__actions",
              "selector": "div.ifinsta-hero__container > div.welcome-hero-custom__grid > div.ifinsta-hero__content > div.welcome-hero__actions",
              "foreground": "rgb(26, 26, 26)",
              "background": "rgba(0, 0, 0, 0)",
              "ratio": 17.4,
              "requiredAA": 4.5,
              "requiredAAA": 7,
              "level": "AAA"
            },
            {
              "element": "a.ifinsta-guest-btn.ifinsta-guest-btn--primary.ifinsta-guest-btn--lg",
              "selector": "div.welcome-hero-custom__grid > div.ifinsta-hero__content > div.welcome-hero__actions > a.ifinsta-guest-btn.ifinsta-guest-btn--primary",
              "foreground": "rgb(255, 255, 255)",
              "background": "rgb(37, 99, 235)",
              "ratio": 5.17,
              "requiredAA": 4.5,
              "requiredAAA": 7,
              "level": "AA"
            },
            {
              "element": "a.ifinsta-guest-btn.ifinsta-guest-btn--secondary.ifinsta-guest-btn--lg",
              "selector": "div.welcome-hero-custom__grid > div.ifinsta-hero__content > div.welcome-hero__actions > a.ifinsta-guest-btn.ifinsta-guest-btn--secondary",
              "foreground": "rgb(26, 26, 26)",
              "background": "rgb(255, 255, 255)",
              "ratio": 17.4,
              "requiredAA": 4.5,
              "requiredAAA": 7,
              "level": "AAA"
            },
            {
              "element": "div.welcome-hero__mockup",
              "selector": "section.ifinsta-hero.welcome-hero-custom > div.ifinsta-hero__container > div.welcome-hero-custom__grid > div.welcome-hero__mockup",
              "foreground": "rgb(26, 26, 26)",
              "background": "rgba(0, 0, 0, 0)",
              "ratio": 17.4,
              "requiredAA": 4.5,
              "requiredAAA": 7,
              "level": "AAA"
            },
            {
              "element": "div.welcome-hero__browser-url",
              "selector": "div.welcome-hero__mockup > div.welcome-hero__browser > div.welcome-hero__browser-header > div.welcome-hero__browser-url",
              "foreground": "rgba(255, 255, 255, 0.4)",
              "background": "rgba(0, 0, 0, 0)",
              "ratio": 14.63,
              "requiredAA": 4.5,
              "requiredAAA": 7,
              "level": "AAA"
            },
            {
              "element": "div.welcome-hero__dash-stat",
              "selector": "div.welcome-hero__dashboard > div.welcome-hero__dash-main > div.welcome-hero__dash-stats > div.welcome-hero__dash-stat",
              "foreground": "rgb(26, 26, 26)",
              "background": "rgba(255, 255, 255, 0.03)",
              "ratio": 17.4,
              "requiredAA": 4.5,
              "requiredAAA": 7,
              "level": "AAA"
            },
            {
              "element": "div.welcome-hero__dash-stat",
              "selector": "div.welcome-hero__dashboard > div.welcome-hero__dash-main > div.welcome-hero__dash-stats > div.welcome-hero__dash-stat",
              "foreground": "rgb(26, 26, 26)",
              "background": "rgba(255, 255, 255, 0.03)",
              "ratio": 17.4,
              "requiredAA": 4.5,
              "requiredAAA": 7,
              "level": "AAA"
            },
            {
              "element": "div.welcome-hero__dash-stat",
              "selector": "div.welcome-hero__dashboard > div.welcome-hero__dash-main > div.welcome-hero__dash-stats > div.welcome-hero__dash-stat",
              "foreground": "rgb(26, 26, 26)",
              "background": "rgba(255, 255, 255, 0.03)",
              "ratio": 17.4,
              "requiredAA": 4.5,
              "requiredAAA": 7,
              "level": "AAA"
            },
            {
              "element": "div.welcome-hero__dash-chart",
              "selector": "div.welcome-hero__browser > div.welcome-hero__dashboard > div.welcome-hero__dash-main > div.welcome-hero__dash-chart",
              "foreground": "rgb(26, 26, 26)",
              "background": "rgba(255, 255, 255, 0.03)",
              "ratio": 17.4,
              "requiredAA": 4.5,
              "requiredAAA": 7,
              "level": "AAA"
            },
            {
              "element": "div.ifinsta-guest-container",
              "selector": "#main-content > section.welcome-logos > div.ifinsta-guest-container",
              "foreground": "rgb(26, 26, 26)",
              "background": "rgba(0, 0, 0, 0)",
              "ratio": 17.4,
              "requiredAA": 4.5,
              "requiredAAA": 7,
              "level": "AAA"
            },
            {
              "element": "div.welcome-logos__grid",
              "selector": "#main-content > section.welcome-logos > div.ifinsta-guest-container > div.welcome-logos__grid",
              "foreground": "rgb(26, 26, 26)",
              "background": "rgba(0, 0, 0, 0)",
              "ratio": 17.4,
              "requiredAA": 4.5,
              "requiredAAA": 7,
              "level": "AAA"
            },
            {
              "element": "div.ifinsta-guest-container",
              "selector": "#main-content > section.welcome-steps > div.ifinsta-guest-container",
              "foreground": "rgb(26, 26, 26)",
              "background": "rgba(0, 0, 0, 0)",
              "ratio": 17.4,
              "requiredAA": 4.5,
              "requiredAAA": 7,
              "level": "AAA"
            },
            {
              "element": "div.welcome-steps__header",
              "selector": "#main-content > section.welcome-steps > div.ifinsta-guest-container > div.welcome-steps__header",
              "foreground": "rgb(26, 26, 26)",
              "background": "rgba(0, 0, 0, 0)",
              "ratio": 17.4,
              "requiredAA": 4.5,
              "requiredAAA": 7,
              "level": "AAA"
            },
            {
              "element": "h2.welcome-steps__title",
              "selector": "section.welcome-steps > div.ifinsta-guest-container > div.welcome-steps__header > h2.welcome-steps__title",
              "foreground": "rgb(26, 26, 26)",
              "background": "rgba(0, 0, 0, 0)",
              "ratio": 17.4,
              "requiredAA": 3,
              "requiredAAA": 4.5,
              "level": "AAA"
            },
            {
              "element": "p.welcome-steps__lead",
              "selector": "section.welcome-steps > div.ifinsta-guest-container > div.welcome-steps__header > p.welcome-steps__lead",
              "foreground": "rgb(100, 116, 139)",
              "background": "rgba(0, 0, 0, 0)",
              "ratio": 4.76,
              "requiredAA": 4.5,
              "requiredAAA": 7,
              "level": "AA"
            },
            {
              "element": "div.welcome-steps__grid",
              "selector": "#main-content > section.welcome-steps > div.ifinsta-guest-container > div.welcome-steps__grid",
              "foreground": "rgb(26, 26, 26)",
              "background": "rgba(0, 0, 0, 0)",
              "ratio": 17.4,
              "requiredAA": 4.5,
              "requiredAAA": 7,
              "level": "AAA"
            },
            {
              "element": "div.welcome-step",
              "selector": "section.welcome-steps > div.ifinsta-guest-container > div.welcome-steps__grid > div.welcome-step",
              "foreground": "rgb(26, 26, 26)",
              "background": "rgba(0, 0, 0, 0)",
              "ratio": 17.4,
              "requiredAA": 4.5,
              "requiredAAA": 7,
              "level": "AAA"
            },
            {
              "element": "h3.welcome-step__title",
              "selector": "div.ifinsta-guest-container > div.welcome-steps__grid > div.welcome-step > h3.welcome-step__title",
              "foreground": "rgb(26, 26, 26)",
              "background": "rgba(0, 0, 0, 0)",
              "ratio": 17.4,
              "requiredAA": 4.5,
              "requiredAAA": 7,
              "level": "AAA"
            },
            {
              "element": "p.welcome-step__desc",
              "selector": "div.ifinsta-guest-container > div.welcome-steps__grid > div.welcome-step > p.welcome-step__desc",
              "foreground": "rgb(80, 80, 80)",
              "background": "rgba(0, 0, 0, 0)",
              "ratio": 8.06,
              "requiredAA": 4.5,
              "requiredAAA": 7,
              "level": "AAA"
            },
            {
              "element": "div.welcome-step",
              "selector": "section.welcome-steps > div.ifinsta-guest-container > div.welcome-steps__grid > div.welcome-step",
              "foreground": "rgb(26, 26, 26)",
              "background": "rgba(0, 0, 0, 0)",
              "ratio": 17.4,
              "requiredAA": 4.5,
              "requiredAAA": 7,
              "level": "AAA"
            },
            {
              "element": "h3.welcome-step__title",
              "selector": "div.ifinsta-guest-container > div.welcome-steps__grid > div.welcome-step > h3.welcome-step__title",
              "foreground": "rgb(26, 26, 26)",
              "background": "rgba(0, 0, 0, 0)",
              "ratio": 17.4,
              "requiredAA": 4.5,
              "requiredAAA": 7,
              "level": "AAA"
            },
            {
              "element": "p.welcome-step__desc",
              "selector": "div.ifinsta-guest-container > div.welcome-steps__grid > div.welcome-step > p.welcome-step__desc",
              "foreground": "rgb(80, 80, 80)",
              "background": "rgba(0, 0, 0, 0)",
              "ratio": 8.06,
              "requiredAA": 4.5,
              "requiredAAA": 7,
              "level": "AAA"
            },
            {
              "element": "div.welcome-step",
              "selector": "section.welcome-steps > div.ifinsta-guest-container > div.welcome-steps__grid > div.welcome-step",
              "foreground": "rgb(26, 26, 26)",
              "background": "rgba(0, 0, 0, 0)",
              "ratio": 17.4,
              "requiredAA": 4.5,
              "requiredAAA": 7,
              "level": "AAA"
            },
            {
              "element": "h3.welcome-step__title",
              "selector": "div.ifinsta-guest-container > div.welcome-steps__grid > div.welcome-step > h3.welcome-step__title",
              "foreground": "rgb(26, 26, 26)",
              "background": "rgba(0, 0, 0, 0)",
              "ratio": 17.4,
              "requiredAA": 4.5,
              "requiredAAA": 7,
              "level": "AAA"
            },
            {
              "element": "p.welcome-step__desc",
              "selector": "div.ifinsta-guest-container > div.welcome-steps__grid > div.welcome-step > p.welcome-step__desc",
              "foreground": "rgb(80, 80, 80)",
              "background": "rgba(0, 0, 0, 0)",
              "ratio": 8.06,
              "requiredAA": 4.5,
              "requiredAAA": 7,
              "level": "AAA"
            },
            {
              "element": "div.ifinsta-guest-container",
              "selector": "#main-content > section.welcome-discover > div.ifinsta-guest-container",
              "foreground": "rgb(26, 26, 26)",
              "background": "rgba(0, 0, 0, 0)",
              "ratio": 17.4,
              "requiredAA": 4.5,
              "requiredAAA": 7,
              "level": "AAA"
            },
            {
              "element": "div.welcome-discover__shell",
              "selector": "#main-content > section.welcome-discover > div.ifinsta-guest-container > div.welcome-discover__shell",
              "foreground": "rgb(26, 26, 26)",
              "background": "rgba(0, 0, 0, 0)",
              "ratio": 17.4,
              "requiredAA": 4.5,
              "requiredAAA": 7,
              "level": "AAA"
            },
            {
              "element": "div#discoverFilters.welcome-discover__intro",
              "selector": "#discoverFilters",
              "foreground": "rgb(26, 26, 26)",
              "background": "rgba(0, 0, 0, 0)",
              "ratio": 17.4,
              "requiredAA": 4.5,
              "requiredAAA": 7,
              "level": "AAA"
            },
            {
              "element": "h2.welcome-discover__intro-title",
              "selector": "#discoverFilters > h2.welcome-discover__intro-title",
              "foreground": "rgb(26, 26, 26)",
              "background": "rgba(0, 0, 0, 0)",
              "ratio": 17.4,
              "requiredAA": 3,
              "requiredAAA": 4.5,
              "level": "AAA"
            },
            {
              "element": "p.welcome-discover__intro-text",
              "selector": "#discoverFilters > p.welcome-discover__intro-text",
              "foreground": "rgb(80, 80, 80)",
              "background": "rgba(0, 0, 0, 0)",
              "ratio": 8.06,
              "requiredAA": 4.5,
              "requiredAAA": 7,
              "level": "AAA"
            },
            {
              "element": "div.dfilter__group",
              "selector": "#discoverFilters > div.dfilter__group",
              "foreground": "rgb(26, 26, 26)",
              "background": "rgba(0, 0, 0, 0)",
              "ratio": 17.4,
              "requiredAA": 4.5,
              "requiredAAA": 7,
              "level": "AAA"
            },
            {
              "element": "span.dfilter__label",
              "selector": "#discoverFilters > div.dfilter__group > span.dfilter__label",
              "foreground": "rgb(100, 116, 139)",
              "background": "rgba(0, 0, 0, 0)",
              "ratio": 4.76,
              "requiredAA": 4.5,
              "requiredAAA": 7,
              "level": "AA"
            },
            {
              "element": "div.dfilter__chips",
              "selector": "#discoverFilters > div.dfilter__group > div.dfilter__chips",
              "foreground": "rgb(26, 26, 26)",
              "background": "rgba(0, 0, 0, 0)",
              "ratio": 17.4,
              "requiredAA": 4.5,
              "requiredAAA": 7,
              "level": "AAA"
            },
            {
              "element": "button.dfilter__chip",
              "selector": "#discoverFilters > div.dfilter__group > div.dfilter__chips > button.dfilter__chip",
              "foreground": "rgb(51, 65, 85)",
              "background": "rgba(255, 255, 255, 0.84)",
              "ratio": 10.35,
              "requiredAA": 4.5,
              "requiredAAA": 7,
              "level": "AAA"
            },
            {
              "element": "div.dfilter__group",
              "selector": "#discoverFilters > div.dfilter__group",
              "foreground": "rgb(26, 26, 26)",
              "background": "rgba(0, 0, 0, 0)",
              "ratio": 17.4,
              "requiredAA": 4.5,
              "requiredAAA": 7,
              "level": "AAA"
            },
            {
              "element": "span.dfilter__label",
              "selector": "#discoverFilters > div.dfilter__group > span.dfilter__label",
              "foreground": "rgb(100, 116, 139)",
              "background": "rgba(0, 0, 0, 0)",
              "ratio": 4.76,
              "requiredAA": 4.5,
              "requiredAAA": 7,
              "level": "AA"
            },
            {
              "element": "div.dfilter__price-list",
              "selector": "#discoverFilters > div.dfilter__group > div.dfilter__price-list",
              "foreground": "rgb(26, 26, 26)",
              "background": "rgba(0, 0, 0, 0)",
              "ratio": 17.4,
              "requiredAA": 4.5,
              "requiredAAA": 7,
              "level": "AAA"
            },
            {
              "element": "label.dfilter__radio",
              "selector": "#discoverFilters > div.dfilter__group > div.dfilter__price-list > label.dfilter__radio",
              "foreground": "rgb(71, 85, 105)",
              "background": "rgba(0, 0, 0, 0)",
              "ratio": 7.58,
              "requiredAA": 4.5,
              "requiredAAA": 7,
              "level": "AAA"
            },
            {
              "element": "span.dfilter__radio-text",
              "selector": "div.dfilter__group > div.dfilter__price-list > label.dfilter__radio > span.dfilter__radio-text",
              "foreground": "rgb(26, 26, 26)",
              "background": "rgba(0, 0, 0, 0)",
              "ratio": 17.4,
              "requiredAA": 4.5,
              "requiredAAA": 7,
              "level": "AAA"
            },
            {
              "element": "label.dfilter__radio",
              "selector": "#discoverFilters > div.dfilter__group > div.dfilter__price-list > label.dfilter__radio",
              "foreground": "rgb(71, 85, 105)",
              "background": "rgba(0, 0, 0, 0)",
              "ratio": 7.58,
              "requiredAA": 4.5,
              "requiredAAA": 7,
              "level": "AAA"
            },
            {
              "element": "span.dfilter__radio-text",
              "selector": "div.dfilter__group > div.dfilter__price-list > label.dfilter__radio > span.dfilter__radio-text",
              "foreground": "rgb(71, 85, 105)",
              "background": "rgba(0, 0, 0, 0)",
              "ratio": 7.58,
              "requiredAA": 4.5,
              "requiredAAA": 7,
              "level": "AAA"
            },
            {
              "element": "label.dfilter__radio",
              "selector": "#discoverFilters > div.dfilter__group > div.dfilter__price-list > label.dfilter__radio",
              "foreground": "rgb(71, 85, 105)",
              "background": "rgba(0, 0, 0, 0)",
              "ratio": 7.58,
              "requiredAA": 4.5,
              "requiredAAA": 7,
              "level": "AAA"
            },
            {
              "element": "span.dfilter__radio-text",
              "selector": "div.dfilter__group > div.dfilter__price-list > label.dfilter__radio > span.dfilter__radio-text",
              "foreground": "rgb(71, 85, 105)",
              "background": "rgba(0, 0, 0, 0)",
              "ratio": 7.58,
              "requiredAA": 4.5,
              "requiredAAA": 7,
              "level": "AAA"
            },
            {
              "element": "label.dfilter__radio",
              "selector": "#discoverFilters > div.dfilter__group > div.dfilter__price-list > label.dfilter__radio",
              "foreground": "rgb(71, 85, 105)",
              "background": "rgba(0, 0, 0, 0)",
              "ratio": 7.58,
              "requiredAA": 4.5,
              "requiredAAA": 7,
              "level": "AAA"
            },
            {
              "element": "span.dfilter__radio-text",
              "selector": "div.dfilter__group > div.dfilter__price-list > label.dfilter__radio > span.dfilter__radio-text",
              "foreground": "rgb(71, 85, 105)",
              "background": "rgba(0, 0, 0, 0)",
              "ratio": 7.58,
              "requiredAA": 4.5,
              "requiredAAA": 7,
              "level": "AAA"
            },
            {
              "element": "label.dfilter__radio",
              "selector": "#discoverFilters > div.dfilter__group > div.dfilter__price-list > label.dfilter__radio",
              "foreground": "rgb(71, 85, 105)",
              "background": "rgba(0, 0, 0, 0)",
              "ratio": 7.58,
              "requiredAA": 4.5,
              "requiredAAA": 7,
              "level": "AAA"
            },
            {
              "element": "span.dfilter__radio-text",
              "selector": "div.dfilter__group > div.dfilter__price-list > label.dfilter__radio > span.dfilter__radio-text",
              "foreground": "rgb(71, 85, 105)",
              "background": "rgba(0, 0, 0, 0)",
              "ratio": 7.58,
              "requiredAA": 4.5,
              "requiredAAA": 7,
              "level": "AAA"
            },
            {
              "element": "div.dfilter__group",
              "selector": "#discoverFilters > div.dfilter__group",
              "foreground": "rgb(26, 26, 26)",
              "background": "rgba(0, 0, 0, 0)",
              "ratio": 17.4,
              "requiredAA": 4.5,
              "requiredAAA": 7,
              "level": "AAA"
            },
            {
              "element": "span.dfilter__label",
              "selector": "#discoverFilters > div.dfilter__group > span.dfilter__label",
              "foreground": "rgb(100, 116, 139)",
              "background": "rgba(0, 0, 0, 0)",
              "ratio": 4.76,
              "requiredAA": 4.5,
              "requiredAAA": 7,
              "level": "AA"
            },
            {
              "element": "div.dfilter__sort",
              "selector": "#discoverFilters > div.dfilter__group > div.dfilter__sort",
              "foreground": "rgb(26, 26, 26)",
              "background": "rgba(0, 0, 0, 0)",
              "ratio": 17.4,
              "requiredAA": 4.5,
              "requiredAAA": 7,
              "level": "AAA"
            },
            {
              "element": "button.dfilter__sort-btn",
              "selector": "#discoverFilters > div.dfilter__group > div.dfilter__sort > button.dfilter__sort-btn",
              "foreground": "rgb(51, 65, 85)",
              "background": "rgba(255, 255, 255, 0.84)",
              "ratio": 10.35,
              "requiredAA": 4.5,
              "requiredAAA": 7,
              "level": "AAA"
            },
            {
              "element": "button.dfilter__sort-btn",
              "selector": "#discoverFilters > div.dfilter__group > div.dfilter__sort > button.dfilter__sort-btn",
              "foreground": "rgb(51, 65, 85)",
              "background": "rgba(255, 255, 255, 0.84)",
              "ratio": 10.35,
              "requiredAA": 4.5,
              "requiredAAA": 7,
              "level": "AAA"
            },
            {
              "element": "a#discoverCtaLink.ifinsta-guest-btn.ifinsta-guest-btn--primary.dfilter__cta",
              "selector": "#discoverCtaLink",
              "foreground": "rgb(255, 255, 255)",
              "background": "rgb(37, 99, 235)",
              "ratio": 5.17,
              "requiredAA": 4.5,
              "requiredAAA": 7,
              "level": "AA"
            },
            {
              "element": "div.welcome-discover__products-panel.welcome-discover__products-panel--overflowing",
              "selector": "section.welcome-discover > div.ifinsta-guest-container > div.welcome-discover__shell > div.welcome-discover__products-panel.welcome-discover__products-panel--overflowing",
              "foreground": "rgb(26, 26, 26)",
              "background": "rgba(0, 0, 0, 0)",
              "ratio": 17.4,
              "requiredAA": 4.5,
              "requiredAAA": 7,
              "level": "AAA"
            },
            {
              "element": "div.welcome-discover__products-head",
              "selector": "div.ifinsta-guest-container > div.welcome-discover__shell > div.welcome-discover__products-panel.welcome-discover__products-panel--overflowing > div.welcome-discover__products-head",
              "foreground": "rgb(26, 26, 26)",
              "background": "rgba(0, 0, 0, 0)",
              "ratio": 17.4,
              "requiredAA": 4.5,
              "requiredAAA": 7,
              "level": "AAA"
            },
            {
              "element": "div",
              "selector": "div.welcome-discover__shell > div.welcome-discover__products-panel.welcome-discover__products-panel--overflowing > div.welcome-discover__products-head > div",
              "foreground": "rgb(26, 26, 26)",
              "background": "rgba(0, 0, 0, 0)",
              "ratio": 17.4,
              "requiredAA": 4.5,
              "requiredAAA": 7,
              "level": "AAA"
            },
            {
              "element": "p.welcome-discover__products-kicker",
              "selector": "div.welcome-discover__products-panel.welcome-discover__products-panel--overflowing > div.welcome-discover__products-head > div > p.welcome-discover__products-kicker",
              "foreground": "rgb(100, 116, 139)",
              "background": "rgba(0, 0, 0, 0)",
              "ratio": 4.76,
              "requiredAA": 4.5,
              "requiredAAA": 7,
              "level": "AA"
            },
            {
              "element": "h3.welcome-discover__products-title",
              "selector": "div.welcome-discover__products-panel.welcome-discover__products-panel--overflowing > div.welcome-discover__products-head > div > h3.welcome-discover__products-title",
              "foreground": "rgb(26, 26, 26)",
              "background": "rgba(0, 0, 0, 0)",
              "ratio": 17.4,
              "requiredAA": 3,
              "requiredAAA": 4.5,
              "level": "AAA"
            },
            {
              "element": "p.welcome-discover__products-meta",
              "selector": "div.welcome-discover__products-panel.welcome-discover__products-panel--overflowing > div.welcome-discover__products-head > div > p.welcome-discover__products-meta",
              "foreground": "rgb(80, 80, 80)",
              "background": "rgba(0, 0, 0, 0)",
              "ratio": 8.06,
              "requiredAA": 4.5,
              "requiredAAA": 7,
              "level": "AAA"
            },
            {
              "element": "span#discoverRailHint.welcome-discover__products-note",
              "selector": "#discoverRailHint",
              "foreground": "rgb(100, 116, 139)",
              "background": "rgba(0, 0, 0, 0)",
              "ratio": 4.76,
              "requiredAA": 4.5,
              "requiredAAA": 7,
              "level": "AA"
            },
            {
              "element": "div#discoverProductsRail.welcome-discover__rail.welcome-discover__rail--overflowing",
              "selector": "#discoverProductsRail",
              "foreground": "rgb(26, 26, 26)",
              "background": "rgba(0, 0, 0, 0)",
              "ratio": 17.4,
              "requiredAA": 4.5,
              "requiredAAA": 7,
              "level": "AAA"
            },
            {
              "element": "div#discoverProducts.welcome-discover__products",
              "selector": "#discoverProducts",
              "foreground": "rgb(26, 26, 26)",
              "background": "rgba(0, 0, 0, 0)",
              "ratio": 17.4,
              "requiredAA": 4.5,
              "requiredAAA": 7,
              "level": "AAA"
            },
            {
              "element": "a.welcome-discover-card",
              "selector": "#discoverProducts > a.welcome-discover-card",
              "foreground": "rgb(37, 99, 235)",
              "background": "rgba(0, 0, 0, 0)",
              "ratio": 5.17,
              "requiredAA": 4.5,
              "requiredAAA": 7,
              "level": "AA"
            },
            {
              "element": "div.welcome-discover-card__media",
              "selector": "#discoverProducts > a.welcome-discover-card > div.welcome-discover-card__media",
              "foreground": "rgb(37, 99, 235)",
              "background": "rgba(0, 0, 0, 0)",
              "ratio": 5.17,
              "requiredAA": 4.5,
              "requiredAAA": 7,
              "level": "AA"
            },
            {
              "element": "div.welcome-discover-card__body",
              "selector": "#discoverProducts > a.welcome-discover-card > div.welcome-discover-card__body",
              "foreground": "rgb(37, 99, 235)",
              "background": "rgba(0, 0, 0, 0)",
              "ratio": 5.17,
              "requiredAA": 4.5,
              "requiredAAA": 7,
              "level": "AA"
            },
            {
              "element": "div.welcome-discover-card__price",
              "selector": "#discoverProducts > a.welcome-discover-card > div.welcome-discover-card__body > div.welcome-discover-card__price",
              "foreground": "rgb(15, 118, 110)",
              "background": "rgba(0, 0, 0, 0)",
              "ratio": 5.47,
              "requiredAA": 3,
              "requiredAAA": 4.5,
              "level": "AAA"
            },
            {
              "element": "h3.welcome-discover-card__title",
              "selector": "#discoverProducts > a.welcome-discover-card > div.welcome-discover-card__body > h3.welcome-discover-card__title",
              "foreground": "rgb(26, 26, 26)",
              "background": "rgba(0, 0, 0, 0)",
              "ratio": 17.4,
              "requiredAA": 3,
              "requiredAAA": 4.5,
              "level": "AAA"
            },
            {
              "element": "p.welcome-discover-card__meta",
              "selector": "#discoverProducts > a.welcome-discover-card > div.welcome-discover-card__body > p.welcome-discover-card__meta",
              "foreground": "rgb(37, 99, 235)",
              "background": "rgba(0, 0, 0, 0)",
              "ratio": 5.17,
              "requiredAA": 4.5,
              "requiredAAA": 7,
              "level": "AA"
            },
            {
              "element": "span.welcome-discover-card__meta-label",
              "selector": "a.welcome-discover-card > div.welcome-discover-card__body > p.welcome-discover-card__meta > span.welcome-discover-card__meta-label",
              "foreground": "rgb(100, 116, 139)",
              "background": "rgba(0, 0, 0, 0)",
              "ratio": 4.76,
              "requiredAA": 4.5,
              "requiredAAA": 7,
              "level": "AA"
            },
            {
              "element": "span.welcome-discover-card__meta-value",
              "selector": "a.welcome-discover-card > div.welcome-discover-card__body > p.welcome-discover-card__meta > span.welcome-discover-card__meta-value",
              "foreground": "rgb(71, 85, 105)",
              "background": "rgba(0, 0, 0, 0)",
              "ratio": 7.58,
              "requiredAA": 4.5,
              "requiredAAA": 7,
              "level": "AAA"
            },
            {
              "element": "a.welcome-discover-card",
              "selector": "#discoverProducts > a.welcome-discover-card",
              "foreground": "rgb(37, 99, 235)",
              "background": "rgba(0, 0, 0, 0)",
              "ratio": 5.17,
              "requiredAA": 4.5,
              "requiredAAA": 7,
              "level": "AA"
            },
            {
              "element": "div.welcome-discover-card__media",
              "selector": "#discoverProducts > a.welcome-discover-card > div.welcome-discover-card__media",
              "foreground": "rgb(37, 99, 235)",
              "background": "rgba(0, 0, 0, 0)",
              "ratio": 5.17,
              "requiredAA": 4.5,
              "requiredAAA": 7,
              "level": "AA"
            },
            {
              "element": "div.welcome-discover-card__body",
              "selector": "#discoverProducts > a.welcome-discover-card > div.welcome-discover-card__body",
              "foreground": "rgb(37, 99, 235)",
              "background": "rgba(0, 0, 0, 0)",
              "ratio": 5.17,
              "requiredAA": 4.5,
              "requiredAAA": 7,
              "level": "AA"
            },
            {
              "element": "div.welcome-discover-card__price",
              "selector": "#discoverProducts > a.welcome-discover-card > div.welcome-discover-card__body > div.welcome-discover-card__price",
              "foreground": "rgb(15, 118, 110)",
              "background": "rgba(0, 0, 0, 0)",
              "ratio": 5.47,
              "requiredAA": 3,
              "requiredAAA": 4.5,
              "level": "AAA"
            },
            {
              "element": "h3.welcome-discover-card__title",
              "selector": "#discoverProducts > a.welcome-discover-card > div.welcome-discover-card__body > h3.welcome-discover-card__title",
              "foreground": "rgb(26, 26, 26)",
              "background": "rgba(0, 0, 0, 0)",
              "ratio": 17.4,
              "requiredAA": 3,
              "requiredAAA": 4.5,
              "level": "AAA"
            },
            {
              "element": "p.welcome-discover-card__meta",
              "selector": "#discoverProducts > a.welcome-discover-card > div.welcome-discover-card__body > p.welcome-discover-card__meta",
              "foreground": "rgb(37, 99, 235)",
              "background": "rgba(0, 0, 0, 0)",
              "ratio": 5.17,
              "requiredAA": 4.5,
              "requiredAAA": 7,
              "level": "AA"
            },
            {
              "element": "span.welcome-discover-card__meta-label",
              "selector": "a.welcome-discover-card > div.welcome-discover-card__body > p.welcome-discover-card__meta > span.welcome-discover-card__meta-label",
              "foreground": "rgb(100, 116, 139)",
              "background": "rgba(0, 0, 0, 0)",
              "ratio": 4.76,
              "requiredAA": 4.5,
              "requiredAAA": 7,
              "level": "AA"
            },
            {
              "element": "span.welcome-discover-card__meta-value",
              "selector": "a.welcome-discover-card > div.welcome-discover-card__body > p.welcome-discover-card__meta > span.welcome-discover-card__meta-value",
              "foreground": "rgb(71, 85, 105)",
              "background": "rgba(0, 0, 0, 0)",
              "ratio": 7.58,
              "requiredAA": 4.5,
              "requiredAAA": 7,
              "level": "AAA"
            },
            {
              "element": "a.welcome-discover-card",
              "selector": "#discoverProducts > a.welcome-discover-card",
              "foreground": "rgb(37, 99, 235)",
              "background": "rgba(0, 0, 0, 0)",
              "ratio": 5.17,
              "requiredAA": 4.5,
              "requiredAAA": 7,
              "level": "AA"
            },
            {
              "element": "div.welcome-discover-card__media",
              "selector": "#discoverProducts > a.welcome-discover-card > div.welcome-discover-card__media",
              "foreground": "rgb(37, 99, 235)",
              "background": "rgba(0, 0, 0, 0)",
              "ratio": 5.17,
              "requiredAA": 4.5,
              "requiredAAA": 7,
              "level": "AA"
            },
            {
              "element": "div.welcome-discover-card__body",
              "selector": "#discoverProducts > a.welcome-discover-card > div.welcome-discover-card__body",
              "foreground": "rgb(37, 99, 235)",
              "background": "rgba(0, 0, 0, 0)",
              "ratio": 5.17,
              "requiredAA": 4.5,
              "requiredAAA": 7,
              "level": "AA"
            },
            {
              "element": "div.welcome-discover-card__price",
              "selector": "#discoverProducts > a.welcome-discover-card > div.welcome-discover-card__body > div.welcome-discover-card__price",
              "foreground": "rgb(15, 118, 110)",
              "background": "rgba(0, 0, 0, 0)",
              "ratio": 5.47,
              "requiredAA": 3,
              "requiredAAA": 4.5,
              "level": "AAA"
            },
            {
              "element": "h3.welcome-discover-card__title",
              "selector": "#discoverProducts > a.welcome-discover-card > div.welcome-discover-card__body > h3.welcome-discover-card__title",
              "foreground": "rgb(26, 26, 26)",
              "background": "rgba(0, 0, 0, 0)",
              "ratio": 17.4,
              "requiredAA": 3,
              "requiredAAA": 4.5,
              "level": "AAA"
            },
            {
              "element": "p.welcome-discover-card__meta",
              "selector": "#discoverProducts > a.welcome-discover-card > div.welcome-discover-card__body > p.welcome-discover-card__meta",
              "foreground": "rgb(37, 99, 235)",
              "background": "rgba(0, 0, 0, 0)",
              "ratio": 5.17,
              "requiredAA": 4.5,
              "requiredAAA": 7,
              "level": "AA"
            },
            {
              "element": "span.welcome-discover-card__meta-label",
              "selector": "a.welcome-discover-card > div.welcome-discover-card__body > p.welcome-discover-card__meta > span.welcome-discover-card__meta-label",
              "foreground": "rgb(100, 116, 139)",
              "background": "rgba(0, 0, 0, 0)",
              "ratio": 4.76,
              "requiredAA": 4.5,
              "requiredAAA": 7,
              "level": "AA"
            },
            {
              "element": "span.welcome-discover-card__meta-value",
              "selector": "a.welcome-discover-card > div.welcome-discover-card__body > p.welcome-discover-card__meta > span.welcome-discover-card__meta-value",
              "foreground": "rgb(71, 85, 105)",
              "background": "rgba(0, 0, 0, 0)",
              "ratio": 7.58,
              "requiredAA": 4.5,
              "requiredAAA": 7,
              "level": "AAA"
            },
            {
              "element": "div.ifinsta-guest-container",
              "selector": "#main-content > section.welcome-features > div.ifinsta-guest-container",
              "foreground": "rgb(26, 26, 26)",
              "background": "rgba(0, 0, 0, 0)",
              "ratio": 17.4,
              "requiredAA": 4.5,
              "requiredAAA": 7,
              "level": "AAA"
            }
          ],
          "violations": [
            {
              "element": "span.ifinsta-hero__eyebrow",
              "selector": "div.ifinsta-hero__container > div.welcome-hero-custom__grid > div.ifinsta-hero__content > span.ifinsta-hero__eyebrow",
              "foreground": "rgb(96, 165, 250)",
              "background": "rgba(59, 130, 246, 0.15)",
              "ratio": 1.45,
              "requiredAA": 4.5,
              "requiredAAA": 7,
              "level": "fail"
            },
            {
              "element": "h1.ifinsta-hero__title",
              "selector": "div.ifinsta-hero__container > div.welcome-hero-custom__grid > div.ifinsta-hero__content > h1.ifinsta-hero__title",
              "foreground": "rgb(255, 255, 255)",
              "background": "rgba(0, 0, 0, 0)",
              "ratio": 1,
              "requiredAA": 3,
              "requiredAAA": 4.5,
              "level": "fail"
            },
            {
              "element": "p.ifinsta-hero__subtitle",
              "selector": "div.ifinsta-hero__container > div.welcome-hero-custom__grid > div.ifinsta-hero__content > p.ifinsta-hero__subtitle",
              "foreground": "rgba(255, 255, 255, 0.8)",
              "background": "rgba(0, 0, 0, 0)",
              "ratio": 1,
              "requiredAA": 4.5,
              "requiredAAA": 7,
              "level": "fail"
            },
            {
              "element": "div.welcome-hero__trust",
              "selector": "div.ifinsta-hero__container > div.welcome-hero-custom__grid > div.ifinsta-hero__content > div.welcome-hero__trust",
              "foreground": "rgba(255, 255, 255, 0.7)",
              "background": "rgba(0, 0, 0, 0)",
              "ratio": 1,
              "requiredAA": 4.5,
              "requiredAAA": 7,
              "level": "fail"
            },
            {
              "element": "div.welcome-hero__trust-item",
              "selector": "div.welcome-hero-custom__grid > div.ifinsta-hero__content > div.welcome-hero__trust > div.welcome-hero__trust-item",
              "foreground": "rgba(255, 255, 255, 0.7)",
              "background": "rgba(0, 0, 0, 0)",
              "ratio": 1,
              "requiredAA": 4.5,
              "requiredAAA": 7,
              "level": "fail"
            },
            {
              "element": "div.welcome-hero__trust-item",
              "selector": "div.welcome-hero-custom__grid > div.ifinsta-hero__content > div.welcome-hero__trust > div.welcome-hero__trust-item",
              "foreground": "rgba(255, 255, 255, 0.7)",
              "background": "rgba(0, 0, 0, 0)",
              "ratio": 1,
              "requiredAA": 4.5,
              "requiredAAA": 7,
              "level": "fail"
            },
            {
              "element": "div.welcome-hero__trust-item",
              "selector": "div.welcome-hero-custom__grid > div.ifinsta-hero__content > div.welcome-hero__trust > div.welcome-hero__trust-item",
              "foreground": "rgba(255, 255, 255, 0.7)",
              "background": "rgba(0, 0, 0, 0)",
              "ratio": 1,
              "requiredAA": 4.5,
              "requiredAAA": 7,
              "level": "fail"
            },
            {
              "element": "div.welcome-hero__browser",
              "selector": "div.ifinsta-hero__container > div.welcome-hero-custom__grid > div.welcome-hero__mockup > div.welcome-hero__browser",
              "foreground": "rgb(26, 26, 26)",
              "background": "rgb(15, 23, 42)",
              "ratio": 1.03,
              "requiredAA": 4.5,
              "requiredAAA": 7,
              "level": "fail"
            },
            {
              "element": "div.welcome-hero__browser-header",
              "selector": "div.welcome-hero-custom__grid > div.welcome-hero__mockup > div.welcome-hero__browser > div.welcome-hero__browser-header",
              "foreground": "rgb(26, 26, 26)",
              "background": "rgb(30, 41, 59)",
              "ratio": 1.19,
              "requiredAA": 4.5,
              "requiredAAA": 7,
              "level": "fail"
            },
            {
              "element": "div.welcome-hero__dashboard",
              "selector": "div.welcome-hero-custom__grid > div.welcome-hero__mockup > div.welcome-hero__browser > div.welcome-hero__dashboard",
              "foreground": "rgb(26, 26, 26)",
              "background": "rgba(0, 0, 0, 0)",
              "ratio": 1.03,
              "requiredAA": 4.5,
              "requiredAAA": 7,
              "level": "fail"
            },
            {
              "element": "div.welcome-hero__dash-main",
              "selector": "div.welcome-hero__mockup > div.welcome-hero__browser > div.welcome-hero__dashboard > div.welcome-hero__dash-main",
              "foreground": "rgb(26, 26, 26)",
              "background": "rgba(0, 0, 0, 0)",
              "ratio": 1.03,
              "requiredAA": 4.5,
              "requiredAAA": 7,
              "level": "fail"
            },
            {
              "element": "div.welcome-hero__dash-stats",
              "selector": "div.welcome-hero__browser > div.welcome-hero__dashboard > div.welcome-hero__dash-main > div.welcome-hero__dash-stats",
              "foreground": "rgb(26, 26, 26)",
              "background": "rgba(0, 0, 0, 0)",
              "ratio": 1.03,
              "requiredAA": 4.5,
              "requiredAAA": 7,
              "level": "fail"
            },
            {
              "element": "div.welcome-hero__dash-stat-label",
              "selector": "div.welcome-hero__dash-main > div.welcome-hero__dash-stats > div.welcome-hero__dash-stat > div.welcome-hero__dash-stat-label",
              "foreground": "rgba(255, 255, 255, 0.4)",
              "background": "rgba(0, 0, 0, 0)",
              "ratio": 1,
              "requiredAA": 4.5,
              "requiredAAA": 7,
              "level": "fail"
            },
            {
              "element": "div.welcome-hero__dash-stat-value",
              "selector": "div.welcome-hero__dash-main > div.welcome-hero__dash-stats > div.welcome-hero__dash-stat > div.welcome-hero__dash-stat-value",
              "foreground": "rgb(255, 255, 255)",
              "background": "rgba(0, 0, 0, 0)",
              "ratio": 1,
              "requiredAA": 4.5,
              "requiredAAA": 7,
              "level": "fail"
            },
            {
              "element": "div.welcome-hero__dash-stat-change",
              "selector": "div.welcome-hero__dash-main > div.welcome-hero__dash-stats > div.welcome-hero__dash-stat > div.welcome-hero__dash-stat-change",
              "foreground": "rgb(16, 185, 129)",
              "background": "rgba(0, 0, 0, 0)",
              "ratio": 2.54,
              "requiredAA": 4.5,
              "requiredAAA": 7,
              "level": "fail"
            },
            {
              "element": "div.welcome-hero__dash-stat-label",
              "selector": "div.welcome-hero__dash-main > div.welcome-hero__dash-stats > div.welcome-hero__dash-stat > div.welcome-hero__dash-stat-label",
              "foreground": "rgba(255, 255, 255, 0.4)",
              "background": "rgba(0, 0, 0, 0)",
              "ratio": 1,
              "requiredAA": 4.5,
              "requiredAAA": 7,
              "level": "fail"
            },
            {
              "element": "div.welcome-hero__dash-stat-value",
              "selector": "div.welcome-hero__dash-main > div.welcome-hero__dash-stats > div.welcome-hero__dash-stat > div.welcome-hero__dash-stat-value",
              "foreground": "rgb(255, 255, 255)",
              "background": "rgba(0, 0, 0, 0)",
              "ratio": 1,
              "requiredAA": 4.5,
              "requiredAAA": 7,
              "level": "fail"
            },
            {
              "element": "div.welcome-hero__dash-stat-change",
              "selector": "div.welcome-hero__dash-main > div.welcome-hero__dash-stats > div.welcome-hero__dash-stat > div.welcome-hero__dash-stat-change",
              "foreground": "rgb(16, 185, 129)",
              "background": "rgba(0, 0, 0, 0)",
              "ratio": 2.54,
              "requiredAA": 4.5,
              "requiredAAA": 7,
              "level": "fail"
            },
            {
              "element": "div.welcome-hero__dash-stat-label",
              "selector": "div.welcome-hero__dash-main > div.welcome-hero__dash-stats > div.welcome-hero__dash-stat > div.welcome-hero__dash-stat-label",
              "foreground": "rgba(255, 255, 255, 0.4)",
              "background": "rgba(0, 0, 0, 0)",
              "ratio": 1,
              "requiredAA": 4.5,
              "requiredAAA": 7,
              "level": "fail"
            },
            {
              "element": "div.welcome-hero__dash-stat-value",
              "selector": "div.welcome-hero__dash-main > div.welcome-hero__dash-stats > div.welcome-hero__dash-stat > div.welcome-hero__dash-stat-value",
              "foreground": "rgb(255, 255, 255)",
              "background": "rgba(0, 0, 0, 0)",
              "ratio": 1,
              "requiredAA": 4.5,
              "requiredAAA": 7,
              "level": "fail"
            },
            {
              "element": "div.welcome-hero__dash-stat-change",
              "selector": "div.welcome-hero__dash-main > div.welcome-hero__dash-stats > div.welcome-hero__dash-stat > div.welcome-hero__dash-stat-change",
              "foreground": "rgb(16, 185, 129)",
              "background": "rgba(0, 0, 0, 0)",
              "ratio": 2.54,
              "requiredAA": 4.5,
              "requiredAAA": 7,
              "level": "fail"
            },
            {
              "element": "div.welcome-hero__dash-chart-header",
              "selector": "div.welcome-hero__dashboard > div.welcome-hero__dash-main > div.welcome-hero__dash-chart > div.welcome-hero__dash-chart-header",
              "foreground": "rgba(255, 255, 255, 0.4)",
              "background": "rgba(0, 0, 0, 0)",
              "ratio": 1,
              "requiredAA": 4.5,
              "requiredAAA": 7,
              "level": "fail"
            },
            {
              "element": "p.welcome-logos__text",
              "selector": "#main-content > section.welcome-logos > div.ifinsta-guest-container > p.welcome-logos__text",
              "foreground": "rgb(158, 158, 158)",
              "background": "rgba(0, 0, 0, 0)",
              "ratio": 2.68,
              "requiredAA": 4.5,
              "requiredAAA": 7,
              "level": "fail"
            },
            {
              "element": "span.welcome-logos__item",
              "selector": "section.welcome-logos > div.ifinsta-guest-container > div.welcome-logos__grid > span.welcome-logos__item",
              "foreground": "rgb(203, 213, 225)",
              "background": "rgba(0, 0, 0, 0)",
              "ratio": 1.48,
              "requiredAA": 3,
              "requiredAAA": 4.5,
              "level": "fail"
            },
            {
              "element": "span.welcome-logos__item",
              "selector": "section.welcome-logos > div.ifinsta-guest-container > div.welcome-logos__grid > span.welcome-logos__item",
              "foreground": "rgb(203, 213, 225)",
              "background": "rgba(0, 0, 0, 0)",
              "ratio": 1.48,
              "requiredAA": 3,
              "requiredAAA": 4.5,
              "level": "fail"
            },
            {
              "element": "span.welcome-logos__item",
              "selector": "section.welcome-logos > div.ifinsta-guest-container > div.welcome-logos__grid > span.welcome-logos__item",
              "foreground": "rgb(203, 213, 225)",
              "background": "rgba(0, 0, 0, 0)",
              "ratio": 1.48,
              "requiredAA": 3,
              "requiredAAA": 4.5,
              "level": "fail"
            },
            {
              "element": "span.welcome-logos__item",
              "selector": "section.welcome-logos > div.ifinsta-guest-container > div.welcome-logos__grid > span.welcome-logos__item",
              "foreground": "rgb(203, 213, 225)",
              "background": "rgba(0, 0, 0, 0)",
              "ratio": 1.48,
              "requiredAA": 3,
              "requiredAAA": 4.5,
              "level": "fail"
            },
            {
              "element": "span.welcome-logos__item",
              "selector": "section.welcome-logos > div.ifinsta-guest-container > div.welcome-logos__grid > span.welcome-logos__item",
              "foreground": "rgb(203, 213, 225)",
              "background": "rgba(0, 0, 0, 0)",
              "ratio": 1.48,
              "requiredAA": 3,
              "requiredAAA": 4.5,
              "level": "fail"
            },
            {
              "element": "div.welcome-step__number",
              "selector": "div.ifinsta-guest-container > div.welcome-steps__grid > div.welcome-step > div.welcome-step__number",
              "foreground": "rgb(0, 102, 204)",
              "background": "rgba(0, 102, 204, 0.08)",
              "ratio": 1,
              "requiredAA": 3,
              "requiredAAA": 4.5,
              "level": "fail"
            },
            {
              "element": "div.welcome-step__number",
              "selector": "div.ifinsta-guest-container > div.welcome-steps__grid > div.welcome-step > div.welcome-step__number",
              "foreground": "rgb(0, 102, 204)",
              "background": "rgba(0, 102, 204, 0.08)",
              "ratio": 1,
              "requiredAA": 3,
              "requiredAAA": 4.5,
              "level": "fail"
            },
            {
              "element": "div.welcome-step__number",
              "selector": "div.ifinsta-guest-container > div.welcome-steps__grid > div.welcome-step > div.welcome-step__number",
              "foreground": "rgb(0, 102, 204)",
              "background": "rgba(0, 102, 204, 0.08)",
              "ratio": 1,
              "requiredAA": 3,
              "requiredAAA": 4.5,
              "level": "fail"
            },
            {
              "element": "span.welcome-discover__eyebrow",
              "selector": "#discoverFilters > span.welcome-discover__eyebrow",
              "foreground": "rgb(180, 83, 9)",
              "background": "rgba(245, 158, 11, 0.1)",
              "ratio": 2.34,
              "requiredAA": 3,
              "requiredAAA": 4.5,
              "level": "fail"
            },
            {
              "element": "button.dfilter__chip.dfilter__chip--active",
              "selector": "#discoverFilters > div.dfilter__group > div.dfilter__chips > button.dfilter__chip.dfilter__chip--active",
              "foreground": "rgb(37, 99, 235)",
              "background": "rgba(37, 99, 235, 0.08)",
              "ratio": 1,
              "requiredAA": 4.5,
              "requiredAAA": 7,
              "level": "fail"
            },
            {
              "element": "button.dfilter__sort-btn.dfilter__sort-btn--active",
              "selector": "#discoverFilters > div.dfilter__group > div.dfilter__sort > button.dfilter__sort-btn.dfilter__sort-btn--active",
              "foreground": "rgb(37, 99, 235)",
              "background": "rgba(37, 99, 235, 0.08)",
              "ratio": 1,
              "requiredAA": 4.5,
              "requiredAAA": 7,
              "level": "fail"
            },
            {
              "element": "span.welcome-discover-card__badge",
              "selector": "#discoverProducts > a.welcome-discover-card > div.welcome-discover-card__media > span.welcome-discover-card__badge",
              "foreground": "rgb(255, 255, 255)",
              "background": "rgba(0, 0, 0, 0)",
              "ratio": 1,
              "requiredAA": 4.5,
              "requiredAAA": 7,
              "level": "fail"
            },
            {
              "element": "span.welcome-discover-card__badge",
              "selector": "#discoverProducts > a.welcome-discover-card > div.welcome-discover-card__media > span.welcome-discover-card__badge",
              "foreground": "rgb(255, 255, 255)",
              "background": "rgba(0, 0, 0, 0)",
              "ratio": 1,
              "requiredAA": 4.5,
              "requiredAAA": 7,
              "level": "fail"
            },
            {
              "element": "span.welcome-discover-card__badge",
              "selector": "#discoverProducts > a.welcome-discover-card > div.welcome-discover-card__media > span.welcome-discover-card__badge",
              "foreground": "rgb(255, 255, 255)",
              "background": "rgba(0, 0, 0, 0)",
              "ratio": 1,
              "requiredAA": 4.5,
              "requiredAAA": 7,
              "level": "fail"
            }
          ]
        },
        "typography": {
          "fonts": [
            {
              "fontSize": 16,
              "lineHeight": 25.6,
              "fontFamily": "Roboto, \"Segoe UI\", Arial, sans-serif",
              "count": 97
            },
            {
              "fontSize": 15,
              "lineHeight": 24,
              "fontFamily": "Roboto, \"Segoe UI\", Arial, sans-serif",
              "count": 21
            },
            {
              "fontSize": 18,
              "lineHeight": 28.8,
              "fontFamily": "Roboto, \"Segoe UI\", Arial, sans-serif",
              "count": 19
            },
            {
              "fontSize": 14,
              "lineHeight": 19.6,
              "fontFamily": "Roboto, \"Segoe UI\", Arial, sans-serif",
              "count": 10
            },
            {
              "fontSize": 14,
              "lineHeight": 22.4,
              "fontFamily": "Roboto, \"Segoe UI\", Arial, sans-serif",
              "count": 9
            },
            {
              "fontSize": 13,
              "lineHeight": 20.8,
              "fontFamily": "Roboto, \"Segoe UI\", Arial, sans-serif",
              "count": 5
            },
            {
              "fontSize": 11,
              "lineHeight": 17.6,
              "fontFamily": "Roboto, \"Segoe UI\", Arial, sans-serif",
              "count": 5
            },
            {
              "fontSize": 13.76,
              "lineHeight": 13.76,
              "fontFamily": "Arial",
              "count": 5
            },
            {
              "fontSize": 12,
              "lineHeight": 19.2,
              "fontFamily": "Roboto, \"Segoe UI\", Arial, sans-serif",
              "count": 4
            },
            {
              "fontSize": 12.48,
              "lineHeight": 19.968,
              "fontFamily": "Roboto, \"Segoe UI\", Arial, sans-serif",
              "count": 4
            },
            {
              "fontSize": 40,
              "lineHeight": 64,
              "fontFamily": "Roboto, \"Segoe UI\", Arial, sans-serif",
              "count": 4
            },
            {
              "fontSize": 10,
              "lineHeight": 16,
              "fontFamily": "Roboto, \"Segoe UI\", Arial, sans-serif",
              "count": 3
            },
            {
              "fontSize": 11.52,
              "lineHeight": 18.432,
              "fontFamily": "Roboto, \"Segoe UI\", Arial, sans-serif",
              "count": 3
            },
            {
              "fontSize": 14.72,
              "lineHeight": 23.552,
              "fontFamily": "Roboto, \"Segoe UI\", Arial, sans-serif",
              "count": 3
            },
            {
              "fontSize": 16,
              "lineHeight": 20.8,
              "fontFamily": "Roboto, \"Segoe UI\", Arial, sans-serif",
              "count": 3
            },
            {
              "fontSize": 10.88,
              "lineHeight": 17.408,
              "fontFamily": "Roboto, \"Segoe UI\", Arial, sans-serif",
              "count": 3
            },
            {
              "fontSize": 13.12,
              "lineHeight": 19.024,
              "fontFamily": "Roboto, \"Segoe UI\", Arial, sans-serif",
              "count": 3
            },
            {
              "fontSize": 20,
              "lineHeight": 32,
              "fontFamily": "Roboto, \"Segoe UI\", Arial, sans-serif",
              "count": 3
            },
            {
              "fontSize": 17,
              "lineHeight": 27.2,
              "fontFamily": "Roboto, \"Segoe UI\", Arial, sans-serif",
              "count": 2
            },
            {
              "fontSize": 32,
              "lineHeight": 35.2,
              "fontFamily": "Roboto, \"Segoe UI\", Arial, sans-serif",
              "count": 1
            },
            {
              "fontSize": 12,
              "lineHeight": 19.2,
              "fontFamily": "ui-monospace, monospace",
              "count": 1
            },
            {
              "fontSize": 36,
              "lineHeight": 57.6,
              "fontFamily": "Roboto, \"Segoe UI\", Arial, sans-serif",
              "count": 1
            },
            {
              "fontSize": 14.4,
              "lineHeight": 23.04,
              "fontFamily": "Roboto, \"Segoe UI\", Arial, sans-serif",
              "count": 1
            },
            {
              "fontSize": 21.6,
              "lineHeight": 24.84,
              "fontFamily": "Roboto, \"Segoe UI\", Arial, sans-serif",
              "count": 1
            },
            {
              "fontSize": 15.2,
              "lineHeight": 25.08,
              "fontFamily": "Roboto, \"Segoe UI\", Arial, sans-serif",
              "count": 1
            },
            {
              "fontSize": 21.6,
              "lineHeight": 25.92,
              "fontFamily": "Roboto, \"Segoe UI\", Arial, sans-serif",
              "count": 1
            },
            {
              "fontSize": 14.72,
              "lineHeight": 22.08,
              "fontFamily": "Roboto, \"Segoe UI\", Arial, sans-serif",
              "count": 1
            },
            {
              "fontSize": 12.8,
              "lineHeight": 20.48,
              "fontFamily": "Roboto, \"Segoe UI\", Arial, sans-serif",
              "count": 1
            },
            {
              "fontSize": 40,
              "lineHeight": 48,
              "fontFamily": "Roboto, \"Segoe UI\", Arial, sans-serif",
              "count": 1
            },
            {
              "fontSize": 18,
              "lineHeight": 30.6,
              "fontFamily": "Roboto, \"Segoe UI\", Arial, sans-serif",
              "count": 1
            },
            {
              "fontSize": 32,
              "lineHeight": 51.2,
              "fontFamily": "Roboto, \"Segoe UI\", Arial, sans-serif",
              "count": 1
            }
          ],
          "issues": [
            "Tight line-height (1.10) on: h1.ifinsta-hero__title",
            "Small font (10px) on: div.welcome-hero__dash-stat-label",
            "Small font (11px) on: div.welcome-hero__dash-stat-change",
            "Small font (10px) on: div.welcome-hero__dash-stat-label",
            "Small font (11px) on: div.welcome-hero__dash-stat-change",
            "Small font (10px) on: div.welcome-hero__dash-stat-label",
            "Small font (11px) on: div.welcome-hero__dash-stat-change",
            "Small font (11px) on: div.welcome-hero__dash-chart-header",
            "Small font (11px) on: p.welcome-logos__text",
            "Long lines (~103ch) on: p.welcome-logos__text",
            "Tight line-height (1.15) on: h2.welcome-discover__intro-title",
            "Long lines (~84ch) on: span.dfilter__label",
            "Tight line-height (1.00) on: button.dfilter__chip.dfilter__chip--active",
            "Tight line-height (1.00) on: button.dfilter__chip",
            "Long lines (~84ch) on: span.dfilter__label",
            "Long lines (~84ch) on: span.dfilter__label",
            "Tight line-height (1.00) on: button.dfilter__sort-btn.dfilter__sort-btn--active",
            "Tight line-height (1.00) on: button.dfilter__sort-btn",
            "Tight line-height (1.00) on: button.dfilter__sort-btn",
            "Small font (11.52px) on: span.welcome-discover-card__badge",
            "Small font (10.88px) on: span.welcome-discover-card__meta-label",
            "Small font (11.52px) on: span.welcome-discover-card__badge",
            "Small font (10.88px) on: span.welcome-discover-card__meta-label",
            "Small font (11.52px) on: span.welcome-discover-card__badge",
            "Small font (10.88px) on: span.welcome-discover-card__meta-label",
            "Long lines (~81ch) on: p.welcome-cta__note",
            "Long lines (~94ch) on: h4.ifinsta-guest-footer__heading",
            "Long lines (~94ch) on: h4.ifinsta-guest-footer__heading",
            "Long lines (~94ch) on: h4.ifinsta-guest-footer__heading"
          ],
          "readabilityScore": 87
        },
        "touchTargets": {
          "total": 45,
          "passing": 14,
          "failing": 31,
          "violations": [
            {
              "element": "a.ifinsta-visually-hidden",
              "selector": "a.ifinsta-visually-hidden",
              "width": 1,
              "height": 1
            },
            {
              "element": "a.ifinsta-guest-header__brand",
              "selector": "header.ifinsta-guest-header > div.ifinsta-guest-header__container > a.ifinsta-guest-header__brand",
              "width": 100,
              "height": 32
            },
            {
              "element": "button.ifinsta-guest-header__menu-toggle",
              "selector": "header.ifinsta-guest-header > div.ifinsta-guest-header__container > button.ifinsta-guest-header__menu-toggle",
              "width": 40,
              "height": 40
            },
            {
              "element": "button.ifinsta-guest-mobile-menu__close",
              "selector": "#guest-mobile-menu > div.ifinsta-guest-mobile-menu__panel > div.ifinsta-guest-mobile-menu__header > button.ifinsta-guest-mobile-menu__close",
              "width": 40,
              "height": 43
            },
            {
              "element": "button.dfilter__chip.dfilter__chip--active",
              "selector": "#discoverFilters > div.dfilter__group > div.dfilter__chips > button.dfilter__chip.dfilter__chip--active",
              "width": 49,
              "height": 36
            },
            {
              "element": "button.dfilter__chip",
              "selector": "#discoverFilters > div.dfilter__group > div.dfilter__chips > button.dfilter__chip",
              "width": 119,
              "height": 36
            },
            {
              "element": "input",
              "selector": "div.dfilter__group > div.dfilter__price-list > label.dfilter__radio > input",
              "width": 13,
              "height": 13
            },
            {
              "element": "input",
              "selector": "div.dfilter__group > div.dfilter__price-list > label.dfilter__radio > input",
              "width": 13,
              "height": 13
            },
            {
              "element": "input",
              "selector": "div.dfilter__group > div.dfilter__price-list > label.dfilter__radio > input",
              "width": 13,
              "height": 13
            },
            {
              "element": "input",
              "selector": "div.dfilter__group > div.dfilter__price-list > label.dfilter__radio > input",
              "width": 13,
              "height": 13
            },
            {
              "element": "input",
              "selector": "div.dfilter__group > div.dfilter__price-list > label.dfilter__radio > input",
              "width": 13,
              "height": 13
            },
            {
              "element": "button.dfilter__sort-btn.dfilter__sort-btn--active",
              "selector": "#discoverFilters > div.dfilter__group > div.dfilter__sort > button.dfilter__sort-btn.dfilter__sort-btn--active",
              "width": 83,
              "height": 36
            },
            {
              "element": "button.dfilter__sort-btn",
              "selector": "#discoverFilters > div.dfilter__group > div.dfilter__sort > button.dfilter__sort-btn",
              "width": 80,
              "height": 36
            },
            {
              "element": "button.dfilter__sort-btn",
              "selector": "#discoverFilters > div.dfilter__group > div.dfilter__sort > button.dfilter__sort-btn",
              "width": 81,
              "height": 36
            },
            {
              "element": "a.welcome-feature__link",
              "selector": "div.ifinsta-guest-container > div.welcome-features__grid > article.welcome-feature > a.welcome-feature__link",
              "width": 97,
              "height": 24
            },
            {
              "element": "a.welcome-feature__link",
              "selector": "div.ifinsta-guest-container > div.welcome-features__grid > article.welcome-feature > a.welcome-feature__link",
              "width": 97,
              "height": 24
            },
            {
              "element": "a.welcome-feature__link",
              "selector": "div.ifinsta-guest-container > div.welcome-features__grid > article.welcome-feature > a.welcome-feature__link",
              "width": 97,
              "height": 24
            },
            {
              "element": "a.welcome-features__link",
              "selector": "section.welcome-features > div.ifinsta-guest-container > div.welcome-features__footer > a.welcome-features__link",
              "width": 183,
              "height": 24
            },
            {
              "element": "a.ifinsta-guest-footer__social-link",
              "selector": "div.ifinsta-guest-footer__grid > div.ifinsta-guest-footer__brand > div.ifinsta-guest-footer__social > a.ifinsta-guest-footer__social-link",
              "width": 40,
              "height": 40
            },
            {
              "element": "a.ifinsta-guest-footer__social-link",
              "selector": "div.ifinsta-guest-footer__grid > div.ifinsta-guest-footer__brand > div.ifinsta-guest-footer__social > a.ifinsta-guest-footer__social-link",
              "width": 40,
              "height": 40
            },
            {
              "element": "a.ifinsta-guest-footer__social-link",
              "selector": "div.ifinsta-guest-footer__grid > div.ifinsta-guest-footer__brand > div.ifinsta-guest-footer__social > a.ifinsta-guest-footer__social-link",
              "width": 40,
              "height": 40
            },
            {
              "element": "a",
              "selector": "div.ifinsta-guest-footer__column > ul.ifinsta-guest-footer__list > li > a",
              "width": 56,
              "height": 20
            },
            {
              "element": "a",
              "selector": "div.ifinsta-guest-footer__column > ul.ifinsta-guest-footer__list > li > a",
              "width": 45,
              "height": 20
            },
            {
              "element": "a",
              "selector": "div.ifinsta-guest-footer__column > ul.ifinsta-guest-footer__list > li > a",
              "width": 101,
              "height": 20
            },
            {
              "element": "a",
              "selector": "div.ifinsta-guest-footer__column > ul.ifinsta-guest-footer__list > li > a",
              "width": 62,
              "height": 20
            },
            {
              "element": "a",
              "selector": "div.ifinsta-guest-footer__column > ul.ifinsta-guest-footer__list > li > a",
              "width": 79,
              "height": 20
            },
            {
              "element": "a",
              "selector": "div.ifinsta-guest-footer__column > ul.ifinsta-guest-footer__list > li > a",
              "width": 72,
              "height": 20
            },
            {
              "element": "a",
              "selector": "div.ifinsta-guest-footer__column > ul.ifinsta-guest-footer__list > li > a",
              "width": 129,
              "height": 20
            },
            {
              "element": "a",
              "selector": "div.ifinsta-guest-footer__column > ul.ifinsta-guest-footer__list > li > a",
              "width": 40,
              "height": 20
            },
            {
              "element": "a",
              "selector": "div.ifinsta-guest-footer__column > ul.ifinsta-guest-footer__list > li > a",
              "width": 88,
              "height": 20
            },
            {
              "element": "a",
              "selector": "div.ifinsta-guest-footer__column > ul.ifinsta-guest-footer__list > li > a",
              "width": 107,
              "height": 20
            }
          ]
        },
        "layoutShifts": {
          "score": 0.0006863336160526077,
          "shifts": [
            {
              "value": 0.0005650252630719596,
              "startTime": 2075.5999999940395,
              "sources": [
                "unknown",
                "unknown"
              ]
            },
            {
              "value": 0.0000028117383211910852,
              "startTime": 2122.89999999851,
              "sources": [
                "unknown"
              ]
            },
            {
              "value": 0.000004760373736485786,
              "startTime": 2217,
              "sources": [
                "unknown"
              ]
            },
            {
              "value": 0.00001586417360976555,
              "startTime": 2251.0999999940395,
              "sources": [
                "unknown"
              ]
            },
            {
              "value": 0.0000026469122816729867,
              "startTime": 2275.5,
              "sources": [
                "unknown"
              ]
            },
            {
              "value": 0.000004174832558036256,
              "startTime": 2535.39999999851,
              "sources": [
                "unknown"
              ]
            },
            {
              "value": 0.00007937657050508934,
              "startTime": 2546.7999999970198,
              "sources": [
                "unknown"
              ]
            },
            {
              "value": 0.000008097198010559208,
              "startTime": 2633.5,
              "sources": [
                "unknown"
              ]
            },
            {
              "value": 0.0000029742830314424964,
              "startTime": 2665.0999999940395,
              "sources": [
                "unknown"
              ]
            },
            {
              "value": 6.022709264052304e-7,
              "startTime": 2926.1999999955297,
              "sources": [
                "unknown"
              ]
            }
          ]
        },
        "responsiveness": {
          "overflowingElements": [
            {
              "element": "div.ifinsta-guest-mobile-menu__panel",
              "selector": "#guest-mobile-menu > div.ifinsta-guest-mobile-menu__panel",
              "width": 607,
              "right": 1213
            },
            {
              "element": "div.ifinsta-guest-mobile-menu__header",
              "selector": "#guest-mobile-menu > div.ifinsta-guest-mobile-menu__panel > div.ifinsta-guest-mobile-menu__header",
              "width": 607,
              "right": 1213
            },
            {
              "element": "span.ifinsta-guest-mobile-menu__title",
              "selector": "#guest-mobile-menu > div.ifinsta-guest-mobile-menu__panel > div.ifinsta-guest-mobile-menu__header > span.ifinsta-guest-mobile-menu__title",
              "width": 46,
              "right": 677
            },
            {
              "element": "button.ifinsta-guest-mobile-menu__close",
              "selector": "#guest-mobile-menu > div.ifinsta-guest-mobile-menu__panel > div.ifinsta-guest-mobile-menu__header > button.ifinsta-guest-mobile-menu__close",
              "width": 40,
              "right": 1189
            },
            {
              "element": "svg",
              "selector": "div.ifinsta-guest-mobile-menu__panel > div.ifinsta-guest-mobile-menu__header > button.ifinsta-guest-mobile-menu__close > svg",
              "width": 24,
              "right": 1181
            },
            {
              "element": "path",
              "selector": "div.ifinsta-guest-mobile-menu__header > button.ifinsta-guest-mobile-menu__close > svg > path",
              "width": 12,
              "right": 1175
            },
            {
              "element": "nav.ifinsta-guest-mobile-menu__nav",
              "selector": "#guest-mobile-menu > div.ifinsta-guest-mobile-menu__panel > nav.ifinsta-guest-mobile-menu__nav",
              "width": 607,
              "right": 1213
            },
            {
              "element": "a.ifinsta-guest-mobile-menu__link",
              "selector": "#guest-mobile-menu > div.ifinsta-guest-mobile-menu__panel > nav.ifinsta-guest-mobile-menu__nav > a.ifinsta-guest-mobile-menu__link",
              "width": 607,
              "right": 1213
            },
            {
              "element": "a.ifinsta-guest-mobile-menu__link",
              "selector": "#guest-mobile-menu > div.ifinsta-guest-mobile-menu__panel > nav.ifinsta-guest-mobile-menu__nav > a.ifinsta-guest-mobile-menu__link",
              "width": 607,
              "right": 1213
            },
            {
              "element": "svg",
              "selector": "div.ifinsta-guest-mobile-menu__panel > nav.ifinsta-guest-mobile-menu__nav > a.ifinsta-guest-mobile-menu__link > svg",
              "width": 24,
              "right": 657
            },
            {
              "element": "path",
              "selector": "nav.ifinsta-guest-mobile-menu__nav > a.ifinsta-guest-mobile-menu__link > svg > path",
              "width": 19,
              "right": 654
            },
            {
              "element": "span",
              "selector": "div.ifinsta-guest-mobile-menu__panel > nav.ifinsta-guest-mobile-menu__nav > a.ifinsta-guest-mobile-menu__link > span",
              "width": 70,
              "right": 738
            },
            {
              "element": "a.ifinsta-guest-mobile-menu__link",
              "selector": "#guest-mobile-menu > div.ifinsta-guest-mobile-menu__panel > nav.ifinsta-guest-mobile-menu__nav > a.ifinsta-guest-mobile-menu__link",
              "width": 607,
              "right": 1213
            },
            {
              "element": "a.ifinsta-guest-mobile-menu__link",
              "selector": "#guest-mobile-menu > div.ifinsta-guest-mobile-menu__panel > nav.ifinsta-guest-mobile-menu__nav > a.ifinsta-guest-mobile-menu__link",
              "width": 607,
              "right": 1213
            },
            {
              "element": "a.ifinsta-guest-mobile-menu__link",
              "selector": "#guest-mobile-menu > div.ifinsta-guest-mobile-menu__panel > nav.ifinsta-guest-mobile-menu__nav > a.ifinsta-guest-mobile-menu__link",
              "width": 607,
              "right": 1213
            },
            {
              "element": "a.ifinsta-guest-mobile-menu__link",
              "selector": "#guest-mobile-menu > div.ifinsta-guest-mobile-menu__panel > nav.ifinsta-guest-mobile-menu__nav > a.ifinsta-guest-mobile-menu__link",
              "width": 607,
              "right": 1213
            },
            {
              "element": "div.ifinsta-guest-mobile-menu__footer",
              "selector": "#guest-mobile-menu > div.ifinsta-guest-mobile-menu__panel > div.ifinsta-guest-mobile-menu__footer",
              "width": 607,
              "right": 1213
            },
            {
              "element": "a.ifinsta-guest-btn.ifinsta-guest-btn--primary",
              "selector": "#guest-mobile-menu > div.ifinsta-guest-mobile-menu__panel > div.ifinsta-guest-mobile-menu__footer > a.ifinsta-guest-btn.ifinsta-guest-btn--primary",
              "width": 559,
              "right": 1189
            },
            {
              "element": "a.welcome-discover-card",
              "selector": "#discoverProducts > a.welcome-discover-card",
              "width": 232,
              "right": 765
            },
            {
              "element": "div.welcome-discover-card__media",
              "selector": "#discoverProducts > a.welcome-discover-card > div.welcome-discover-card__media",
              "width": 231,
              "right": 764
            },
            {
              "element": "img",
              "selector": "#discoverProducts > a.welcome-discover-card > div.welcome-discover-card__media > img",
              "width": 231,
              "right": 764
            },
            {
              "element": "span.welcome-discover-card__badge",
              "selector": "#discoverProducts > a.welcome-discover-card > div.welcome-discover-card__media > span.welcome-discover-card__badge",
              "width": 62,
              "right": 608
            },
            {
              "element": "div.welcome-discover-card__body",
              "selector": "#discoverProducts > a.welcome-discover-card > div.welcome-discover-card__body",
              "width": 231,
              "right": 764
            },
            {
              "element": "div.welcome-discover-card__price",
              "selector": "#discoverProducts > a.welcome-discover-card > div.welcome-discover-card__body > div.welcome-discover-card__price",
              "width": 200,
              "right": 749
            },
            {
              "element": "h3.welcome-discover-card__title",
              "selector": "#discoverProducts > a.welcome-discover-card > div.welcome-discover-card__body > h3.welcome-discover-card__title",
              "width": 200,
              "right": 749
            },
            {
              "element": "p.welcome-discover-card__meta",
              "selector": "#discoverProducts > a.welcome-discover-card > div.welcome-discover-card__body > p.welcome-discover-card__meta",
              "width": 200,
              "right": 749
            },
            {
              "element": "span.welcome-discover-card__meta-label",
              "selector": "a.welcome-discover-card > div.welcome-discover-card__body > p.welcome-discover-card__meta > span.welcome-discover-card__meta-label",
              "width": 200,
              "right": 749
            },
            {
              "element": "span.welcome-discover-card__meta-value",
              "selector": "a.welcome-discover-card > div.welcome-discover-card__body > p.welcome-discover-card__meta > span.welcome-discover-card__meta-value",
              "width": 200,
              "right": 749
            }
          ],
          "hasHorizontalScroll": false,
          "viewportWidth": 607
        },
        "zIndexStacking": {
          "layers": [
            {
              "element": "div#search-overlay.ifinsta-search-overlay",
              "selector": "#search-overlay",
              "zIndex": 900,
              "position": "fixed"
            },
            {
              "element": "div.ifinsta-search-overlay__container",
              "selector": "#search-overlay > div.ifinsta-search-overlay__container",
              "zIndex": 900,
              "position": "fixed"
            },
            {
              "element": "div#search-backdrop.ifinsta-search-overlay__backdrop",
              "selector": "#search-backdrop",
              "zIndex": 890,
              "position": "absolute"
            },
            {
              "element": "div#toast-container.ifinsta-toast-container",
              "selector": "#toast-container",
              "zIndex": 700,
              "position": "fixed"
            },
            {
              "element": "div#ifinsta-toast-container.ifinsta-toast-container",
              "selector": "#ifinsta-toast-container",
              "zIndex": 700,
              "position": "fixed"
            },
            {
              "element": "div#guest-mobile-menu.ifinsta-guest-mobile-menu",
              "selector": "#guest-mobile-menu",
              "zIndex": 500,
              "position": "fixed"
            },
            {
              "element": "header.ifinsta-guest-header",
              "selector": "header.ifinsta-guest-header",
              "zIndex": 300,
              "position": "fixed"
            },
            {
              "element": "div.welcome-hero-custom__grid",
              "selector": "#main-content > section.ifinsta-hero.welcome-hero-custom > div.ifinsta-hero__container > div.welcome-hero-custom__grid",
              "zIndex": 1,
              "position": "relative"
            },
            {
              "element": "div.ifinsta-hero__content",
              "selector": "section.ifinsta-hero.welcome-hero-custom > div.ifinsta-hero__container > div.welcome-hero-custom__grid > div.ifinsta-hero__content",
              "zIndex": 1,
              "position": "relative"
            },
            {
              "element": "div.welcome-discover__shell",
              "selector": "#main-content > section.welcome-discover > div.ifinsta-guest-container > div.welcome-discover__shell",
              "zIndex": 1,
              "position": "relative"
            }
          ],
          "maxZIndex": 900,
          "potentialIssues": []
        },
        "spacing": {
          "commonMargins": [
            {
              "value": "0px",
              "count": 136
            },
            {
              "value": "0px 0px 4px",
              "count": 7
            },
            {
              "value": "0px 0px 24px",
              "count": 6
            },
            {
              "value": "8.8px 0px 0px",
              "count": 6
            },
            {
              "value": "0px 0px 2px",
              "count": 3
            },
            {
              "value": "0px 235.333px 16px",
              "count": 3
            },
            {
              "value": "2.4px 0px 0px",
              "count": 3
            },
            {
              "value": "0px 0px 20px",
              "count": 3
            },
            {
              "value": "0px 0px 32px",
              "count": 2
            },
            {
              "value": "0px 0px 16px",
              "count": 2
            },
            {
              "value": "16px 0px 0px",
              "count": 2
            },
            {
              "value": "0px 0px 64px",
              "count": 2
            },
            {
              "value": "16px 0px 24px",
              "count": 1
            },
            {
              "value": "0px 0px 8px",
              "count": 1
            },
            {
              "value": "0px 0px 12px",
              "count": 1
            }
          ],
          "commonPaddings": [
            {
              "value": "0px",
              "count": 127
            },
            {
              "value": "0px 20px",
              "count": 9
            },
            {
              "value": "24px",
              "count": 5
            },
            {
              "value": "80px 0px",
              "count": 4
            },
            {
              "value": "12px",
              "count": 3
            },
            {
              "value": "15.2px 15.2px 16px",
              "count": 3
            },
            {
              "value": "8.8px 0px 0px",
              "count": 3
            },
            {
              "value": "15.2px",
              "count": 3
            },
            {
              "value": "32px",
              "count": 3
            },
            {
              "value": "8px 0px 0px",
              "count": 3
            },
            {
              "value": "20px",
              "count": 2
            },
            {
              "value": "16px 0px 0px",
              "count": 2
            },
            {
              "value": "16px 0px",
              "count": 1
            },
            {
              "value": "72px 0px 0px",
              "count": 1
            },
            {
              "value": "24px 0px 40px",
              "count": 1
            }
          ],
          "consistencyScore": 84
        },
        "colorPalette": {
          "colors": [
            {
              "value": "rgb(26, 26, 26)",
              "count": 250,
              "usage": [
                "text",
                "border"
              ]
            },
            {
              "value": "rgb(255, 255, 255)",
              "count": 56,
              "usage": [
                "background",
                "text",
                "border"
              ]
            },
            {
              "value": "rgb(245, 246, 247)",
              "count": 45,
              "usage": [
                "text",
                "border"
              ]
            },
            {
              "value": "rgba(241, 245, 249, 0.7)",
              "count": 41,
              "usage": [
                "text",
                "border"
              ]
            },
            {
              "value": "rgb(37, 99, 235)",
              "count": 36,
              "usage": [
                "text",
                "border",
                "background"
              ]
            },
            {
              "value": "rgba(255, 255, 255, 0.4)",
              "count": 34,
              "usage": [
                "text",
                "border"
              ]
            },
            {
              "value": "rgb(0, 102, 204)",
              "count": 30,
              "usage": [
                "text",
                "border"
              ]
            },
            {
              "value": "rgb(71, 85, 105)",
              "count": 29,
              "usage": [
                "text",
                "border"
              ]
            },
            {
              "value": "rgb(100, 116, 139)",
              "count": 28,
              "usage": [
                "text",
                "border"
              ]
            },
            {
              "value": "rgb(15, 23, 42)",
              "count": 26,
              "usage": [
                "background",
                "text",
                "border"
              ]
            },
            {
              "value": "rgb(80, 80, 80)",
              "count": 24,
              "usage": [
                "text",
                "border"
              ]
            },
            {
              "value": "rgb(96, 165, 250)",
              "count": 17,
              "usage": [
                "text",
                "border"
              ]
            },
            {
              "value": "rgb(52, 211, 153)",
              "count": 15,
              "usage": [
                "text",
                "border",
                "background"
              ]
            },
            {
              "value": "rgb(0, 0, 0)",
              "count": 12,
              "usage": [
                "text",
                "border"
              ]
            },
            {
              "value": "rgba(241, 245, 249, 0.5)",
              "count": 12,
              "usage": [
                "text",
                "border"
              ]
            },
            {
              "value": "rgb(203, 213, 225)",
              "count": 10,
              "usage": [
                "text",
                "border"
              ]
            },
            {
              "value": "rgb(180, 83, 9)",
              "count": 9,
              "usage": [
                "text",
                "border"
              ]
            },
            {
              "value": "rgba(255, 255, 255, 0.7)",
              "count": 8,
              "usage": [
                "text",
                "border"
              ]
            },
            {
              "value": "rgb(16, 185, 129)",
              "count": 8,
              "usage": [
                "background",
                "text",
                "border"
              ]
            },
            {
              "value": "rgba(255, 255, 255, 0.05)",
              "count": 7,
              "usage": [
                "border",
                "background"
              ]
            },
            {
              "value": "rgb(26, 26, 26) rgb(26, 26, 26) rgb(26, 26, 26) rgba(0, 0, 0, 0)",
              "count": 6,
              "usage": [
                "border"
              ]
            },
            {
              "value": "rgba(148, 163, 184, 0.24)",
              "count": 6,
              "usage": [
                "border"
              ]
            },
            {
              "value": "rgb(15, 118, 110)",
              "count": 6,
              "usage": [
                "text",
                "border"
              ]
            },
            {
              "value": "rgba(255, 255, 255, 0.03)",
              "count": 4,
              "usage": [
                "background"
              ]
            },
            {
              "value": "rgba(148, 163, 184, 0.9)",
              "count": 4,
              "usage": [
                "border"
              ]
            },
            {
              "value": "rgb(229, 231, 235)",
              "count": 4,
              "usage": [
                "border"
              ]
            },
            {
              "value": "rgba(0, 102, 204, 0.08)",
              "count": 3,
              "usage": [
                "background"
              ]
            },
            {
              "value": "rgba(37, 99, 235, 0.08)",
              "count": 3,
              "usage": [
                "background"
              ]
            },
            {
              "value": "rgb(51, 65, 85)",
              "count": 3,
              "usage": [
                "text"
              ]
            },
            {
              "value": "rgba(255, 255, 255, 0.84)",
              "count": 3,
              "usage": [
                "background"
              ]
            },
            {
              "value": "rgba(148, 163, 184, 0.22)",
              "count": 3,
              "usage": [
                "border"
              ]
            },
            {
              "value": "rgba(255, 255, 255, 0.16)",
              "count": 3,
              "usage": [
                "border"
              ]
            },
            {
              "value": "rgba(226, 232, 240, 0.86) rgb(37, 99, 235) rgb(37, 99, 235)",
              "count": 3,
              "usage": [
                "border"
              ]
            },
            {
              "value": "rgba(226, 232, 240, 0.9)",
              "count": 3,
              "usage": [
                "border"
              ]
            },
            {
              "value": "rgba(255, 255, 255, 0.1)",
              "count": 3,
              "usage": [
                "border"
              ]
            },
            {
              "value": "rgb(26, 26, 26) rgb(26, 26, 26) rgb(229, 231, 235)",
              "count": 2,
              "usage": [
                "border"
              ]
            },
            {
              "value": "rgb(117, 117, 117)",
              "count": 2,
              "usage": [
                "text",
                "border"
              ]
            },
            {
              "value": "rgb(229, 231, 235) rgb(26, 26, 26) rgb(26, 26, 26)",
              "count": 2,
              "usage": [
                "border"
              ]
            },
            {
              "value": "rgba(255, 255, 255, 0.8)",
              "count": 2,
              "usage": [
                "text",
                "border"
              ]
            },
            {
              "value": "rgb(30, 41, 59)",
              "count": 2,
              "usage": [
                "background"
              ]
            },
            {
              "value": "rgb(158, 158, 158)",
              "count": 2,
              "usage": [
                "text",
                "border"
              ]
            },
            {
              "value": "rgba(37, 99, 235, 0.28)",
              "count": 2,
              "usage": [
                "border"
              ]
            },
            {
              "value": "rgba(226, 232, 240, 0.9) rgb(26, 26, 26) rgb(26, 26, 26)",
              "count": 2,
              "usage": [
                "border"
              ]
            },
            {
              "value": "rgba(255, 255, 255, 0.6)",
              "count": 2,
              "usage": [
                "text",
                "border"
              ]
            },
            {
              "value": "rgba(255, 255, 255, 0.85)",
              "count": 1,
              "usage": [
                "background"
              ]
            },
            {
              "value": "rgb(26, 26, 26) rgb(26, 26, 26) rgba(71, 85, 105, 0.15)",
              "count": 1,
              "usage": [
                "border"
              ]
            },
            {
              "value": "rgba(15, 23, 42, 0.4)",
              "count": 1,
              "usage": [
                "background"
              ]
            },
            {
              "value": "rgba(59, 130, 246, 0.15)",
              "count": 1,
              "usage": [
                "background"
              ]
            },
            {
              "value": "rgba(59, 130, 246, 0.3)",
              "count": 1,
              "usage": [
                "border"
              ]
            },
            {
              "value": "rgb(209, 213, 219)",
              "count": 1,
              "usage": [
                "border"
              ]
            }
          ],
          "totalUnique": 66,
          "groups": [
            {
              "representative": "rgb(26, 26, 26)",
              "members": [
                "rgb(26, 26, 26)",
                "rgb(26, 26, 26) rgb(26, 26, 26) rgb(26, 26, 26) rgba(0, 0, 0, 0)",
                "rgb(26, 26, 26) rgb(26, 26, 26) rgb(229, 231, 235)",
                "rgb(26, 26, 26) rgb(26, 26, 26) rgba(71, 85, 105, 0.15)",
                "rgb(26, 26, 26) rgb(26, 26, 26) rgba(255, 255, 255, 0.1)",
                "rgb(26, 26, 26) rgba(255, 255, 255, 0.05) rgb(26, 26, 26) rgb(26, 26, 26)",
                "rgb(26, 26, 26) rgb(26, 26, 26) rgba(148, 163, 184, 0.16)"
              ]
            },
            {
              "representative": "rgb(255, 255, 255)",
              "members": [
                "rgb(255, 255, 255)",
                "rgb(245, 246, 247)",
                "rgba(255, 255, 255, 0.4)",
                "rgba(255, 255, 255, 0.7)",
                "rgba(255, 255, 255, 0.05)",
                "rgba(255, 255, 255, 0.03)",
                "rgba(255, 255, 255, 0.84)",
                "rgba(255, 255, 255, 0.16)",
                "rgba(255, 255, 255, 0.1)",
                "rgba(255, 255, 255, 0.8)",
                "rgba(255, 255, 255, 0.6)",
                "rgba(255, 255, 255, 0.85)",
                "rgba(255, 255, 255, 0.76)",
                "rgb(250, 251, 252)",
                "rgba(255, 255, 255, 0.1) rgb(245, 246, 247) rgb(245, 246, 247)"
              ]
            },
            {
              "representative": "rgba(241, 245, 249, 0.7)",
              "members": [
                "rgba(241, 245, 249, 0.7)",
                "rgba(241, 245, 249, 0.5)"
              ]
            },
            {
              "representative": "rgb(37, 99, 235)",
              "members": [
                "rgb(37, 99, 235)",
                "rgba(37, 99, 235, 0.08)",
                "rgba(37, 99, 235, 0.28)",
                "rgba(37, 99, 235, 0.2)",
                "rgba(37, 99, 235, 0.72)"
              ]
            },
            {
              "representative": "rgb(0, 102, 204)",
              "members": [
                "rgb(0, 102, 204)",
                "rgba(0, 102, 204, 0.08)"
              ]
            },
            {
              "representative": "rgb(71, 85, 105)",
              "members": [
                "rgb(71, 85, 105)"
              ]
            },
            {
              "representative": "rgb(100, 116, 139)",
              "members": [
                "rgb(100, 116, 139)"
              ]
            },
            {
              "representative": "rgb(15, 23, 42)",
              "members": [
                "rgb(15, 23, 42)",
                "rgba(15, 23, 42, 0.4)",
                "rgb(0, 21, 41)"
              ]
            },
            {
              "representative": "rgb(80, 80, 80)",
              "members": [
                "rgb(80, 80, 80)"
              ]
            },
            {
              "representative": "rgb(96, 165, 250)",
              "members": [
                "rgb(96, 165, 250)"
              ]
            },
            {
              "representative": "rgb(52, 211, 153)",
              "members": [
                "rgb(52, 211, 153)"
              ]
            },
            {
              "representative": "rgb(0, 0, 0)",
              "members": [
                "rgb(0, 0, 0)"
              ]
            },
            {
              "representative": "rgb(203, 213, 225)",
              "members": [
                "rgb(203, 213, 225)",
                "rgb(209, 213, 219)"
              ]
            },
            {
              "representative": "rgb(180, 83, 9)",
              "members": [
                "rgb(180, 83, 9)"
              ]
            },
            {
              "representative": "rgb(16, 185, 129)",
              "members": [
                "rgb(16, 185, 129)"
              ]
            },
            {
              "representative": "rgba(148, 163, 184, 0.24)",
              "members": [
                "rgba(148, 163, 184, 0.24)",
                "rgba(148, 163, 184, 0.9)",
                "rgba(148, 163, 184, 0.22)"
              ]
            },
            {
              "representative": "rgb(15, 118, 110)",
              "members": [
                "rgb(15, 118, 110)"
              ]
            },
            {
              "representative": "rgb(229, 231, 235)",
              "members": [
                "rgb(229, 231, 235)",
                "rgba(226, 232, 240, 0.86) rgb(37, 99, 235) rgb(37, 99, 235)",
                "rgba(226, 232, 240, 0.9)",
                "rgb(229, 231, 235) rgb(26, 26, 26) rgb(26, 26, 26)",
                "rgba(226, 232, 240, 0.9) rgb(26, 26, 26) rgb(26, 26, 26)",
                "rgb(229, 231, 235) rgb(26, 26, 26)"
              ]
            },
            {
              "representative": "rgb(51, 65, 85)",
              "members": [
                "rgb(51, 65, 85)"
              ]
            },
            {
              "representative": "rgb(117, 117, 117)",
              "members": [
                "rgb(117, 117, 117)"
              ]
            }
          ]
        },
        "images": {
          "total": 5,
          "missingAlt": [],
          "oversized": [
            {
              "src": "https://ifinsta.com/static/logos/ifinsta-text.1101c3ebd272.svg?v=6a12c7b77024",
              "selector": "header.ifinsta-guest-header > div.ifinsta-guest-header__container > a.ifinsta-guest-header__brand > img.w-5.h-5",
              "naturalWidth": 300,
              "displayWidth": 100,
              "ratio": 3
            },
            {
              "src": "https://ifinsta.com/media/36/b8/b84940866cecfb47_d28d4771.jpg",
              "selector": "#discoverProducts > a.welcome-discover-card > div.welcome-discover-card__media > img",
              "naturalWidth": 1111,
              "displayWidth": 231,
              "ratio": 4.8
            },
            {
              "src": "https://ifinsta.com/media/36/c6/c66e5f1320f41901_90c78daf.jpg",
              "selector": "#discoverProducts > a.welcome-discover-card > div.welcome-discover-card__media > img",
              "naturalWidth": 1122,
              "displayWidth": 231,
              "ratio": 4.9
            },
            {
              "src": "https://ifinsta.com/media/36/34/348a07d93c62d3e3_c32a6850.jpg",
              "selector": "#discoverProducts > a.welcome-discover-card > div.welcome-discover-card__media > img",
              "naturalWidth": 1022,
              "displayWidth": 231,
              "ratio": 4.4
            }
          ],
          "missingDimensions": [
            {
              "src": "https://ifinsta.com/static/logos/ifinsta-text.1101c3ebd272.svg?v=6a12c7b77024",
              "selector": "header.ifinsta-guest-header > div.ifinsta-guest-header__container > a.ifinsta-guest-header__brand > img.w-5.h-5"
            },
            {
              "src": "https://ifinsta.com/media/36/b8/b84940866cecfb47_d28d4771.jpg",
              "selector": "#discoverProducts > a.welcome-discover-card > div.welcome-discover-card__media > img"
            },
            {
              "src": "https://ifinsta.com/media/36/c6/c66e5f1320f41901_90c78daf.jpg",
              "selector": "#discoverProducts > a.welcome-discover-card > div.welcome-discover-card__media > img"
            },
            {
              "src": "https://ifinsta.com/media/36/34/348a07d93c62d3e3_c32a6850.jpg",
              "selector": "#discoverProducts > a.welcome-discover-card > div.welcome-discover-card__media > img"
            },
            {
              "src": "https://ifinsta.com/static/logos/ifinsta-text-white.f537994d0072.svg?v=6a12c7b77024",
              "selector": "div.ifinsta-guest-footer__container > div.ifinsta-guest-footer__grid > div.ifinsta-guest-footer__brand > img.w-8.h-8"
            }
          ],
          "lazyLoaded": 3,
          "eagerLoaded": 2
        },
        "forms": {
          "total": 6,
          "withLabels": 6,
          "withoutLabels": 0,
          "violations": []
        },
        "interactiveElements": {
          "total": 40,
          "violations": [
            {
              "element": "a.ifinsta-visually-hidden",
              "selector": "a.ifinsta-visually-hidden",
              "issue": "undersized",
              "width": 1,
              "height": 1
            },
            {
              "element": "a.ifinsta-guest-header__brand",
              "selector": "header.ifinsta-guest-header > div.ifinsta-guest-header__container > a.ifinsta-guest-header__brand",
              "issue": "undersized",
              "width": 100,
              "height": 32
            },
            {
              "element": "button.ifinsta-guest-header__menu-toggle",
              "selector": "header.ifinsta-guest-header > div.ifinsta-guest-header__container > button.ifinsta-guest-header__menu-toggle",
              "issue": "undersized",
              "width": 40,
              "height": 40
            },
            {
              "element": "button.ifinsta-guest-mobile-menu__close",
              "selector": "#guest-mobile-menu > div.ifinsta-guest-mobile-menu__panel > div.ifinsta-guest-mobile-menu__header > button.ifinsta-guest-mobile-menu__close",
              "issue": "undersized",
              "width": 40,
              "height": 43
            },
            {
              "element": "button.dfilter__chip.dfilter__chip--active",
              "selector": "#discoverFilters > div.dfilter__group > div.dfilter__chips > button.dfilter__chip.dfilter__chip--active",
              "issue": "undersized",
              "width": 49,
              "height": 36
            },
            {
              "element": "button.dfilter__chip",
              "selector": "#discoverFilters > div.dfilter__group > div.dfilter__chips > button.dfilter__chip",
              "issue": "undersized",
              "width": 119,
              "height": 36
            },
            {
              "element": "button.dfilter__sort-btn.dfilter__sort-btn--active",
              "selector": "#discoverFilters > div.dfilter__group > div.dfilter__sort > button.dfilter__sort-btn.dfilter__sort-btn--active",
              "issue": "undersized",
              "width": 83,
              "height": 36
            },
            {
              "element": "button.dfilter__sort-btn",
              "selector": "#discoverFilters > div.dfilter__group > div.dfilter__sort > button.dfilter__sort-btn",
              "issue": "undersized",
              "width": 80,
              "height": 36
            },
            {
              "element": "button.dfilter__sort-btn",
              "selector": "#discoverFilters > div.dfilter__group > div.dfilter__sort > button.dfilter__sort-btn",
              "issue": "undersized",
              "width": 81,
              "height": 36
            },
            {
              "element": "a.welcome-feature__link",
              "selector": "div.ifinsta-guest-container > div.welcome-features__grid > article.welcome-feature > a.welcome-feature__link",
              "issue": "undersized",
              "width": 97,
              "height": 24
            },
            {
              "element": "a.welcome-feature__link",
              "selector": "div.ifinsta-guest-container > div.welcome-features__grid > article.welcome-feature > a.welcome-feature__link",
              "issue": "undersized",
              "width": 97,
              "height": 24
            },
            {
              "element": "a.welcome-feature__link",
              "selector": "div.ifinsta-guest-container > div.welcome-features__grid > article.welcome-feature > a.welcome-feature__link",
              "issue": "undersized",
              "width": 97,
              "height": 24
            },
            {
              "element": "a.welcome-features__link",
              "selector": "section.welcome-features > div.ifinsta-guest-container > div.welcome-features__footer > a.welcome-features__link",
              "issue": "undersized",
              "width": 183,
              "height": 24
            },
            {
              "element": "a.ifinsta-guest-footer__social-link",
              "selector": "div.ifinsta-guest-footer__grid > div.ifinsta-guest-footer__brand > div.ifinsta-guest-footer__social > a.ifinsta-guest-footer__social-link",
              "issue": "undersized",
              "width": 40,
              "height": 40
            },
            {
              "element": "a.ifinsta-guest-footer__social-link",
              "selector": "div.ifinsta-guest-footer__grid > div.ifinsta-guest-footer__brand > div.ifinsta-guest-footer__social > a.ifinsta-guest-footer__social-link",
              "issue": "undersized",
              "width": 40,
              "height": 40
            },
            {
              "element": "a.ifinsta-guest-footer__social-link",
              "selector": "div.ifinsta-guest-footer__grid > div.ifinsta-guest-footer__brand > div.ifinsta-guest-footer__social > a.ifinsta-guest-footer__social-link",
              "issue": "undersized",
              "width": 40,
              "height": 40
            },
            {
              "element": "a",
              "selector": "div.ifinsta-guest-footer__column > ul.ifinsta-guest-footer__list > li > a",
              "issue": "undersized",
              "width": 56,
              "height": 20
            },
            {
              "element": "a",
              "selector": "div.ifinsta-guest-footer__column > ul.ifinsta-guest-footer__list > li > a",
              "issue": "undersized",
              "width": 45,
              "height": 20
            },
            {
              "element": "a",
              "selector": "div.ifinsta-guest-footer__column > ul.ifinsta-guest-footer__list > li > a",
              "issue": "undersized",
              "width": 101,
              "height": 20
            },
            {
              "element": "a",
              "selector": "div.ifinsta-guest-footer__column > ul.ifinsta-guest-footer__list > li > a",
              "issue": "undersized",
              "width": 62,
              "height": 20
            },
            {
              "element": "a",
              "selector": "div.ifinsta-guest-footer__column > ul.ifinsta-guest-footer__list > li > a",
              "issue": "undersized",
              "width": 79,
              "height": 20
            },
            {
              "element": "a",
              "selector": "div.ifinsta-guest-footer__column > ul.ifinsta-guest-footer__list > li > a",
              "issue": "undersized",
              "width": 72,
              "height": 20
            },
            {
              "element": "a",
              "selector": "div.ifinsta-guest-footer__column > ul.ifinsta-guest-footer__list > li > a",
              "issue": "undersized",
              "width": 129,
              "height": 20
            },
            {
              "element": "a",
              "selector": "div.ifinsta-guest-footer__column > ul.ifinsta-guest-footer__list > li > a",
              "issue": "undersized",
              "width": 40,
              "height": 20
            },
            {
              "element": "a",
              "selector": "div.ifinsta-guest-footer__column > ul.ifinsta-guest-footer__list > li > a",
              "issue": "undersized",
              "width": 88,
              "height": 20
            },
            {
              "element": "a",
              "selector": "div.ifinsta-guest-footer__column > ul.ifinsta-guest-footer__list > li > a",
              "issue": "undersized",
              "width": 107,
              "height": 20
            }
          ]
        }
      }
    },
    {
      "name": "performanceProfile-Mobile",
      "status": "passed",
      "duration": 3753,
      "data": {
        "cpuProfile": {
          "endTime": 45446125557,
          "nodes": [
            {
              "callFrame": {
                "columnNumber": -1,
                "functionName": "(root)",
                "lineNumber": -1,
                "scriptId": "0",
                "url": ""
              },
              "children": [
                2,
                3,
                6,
                7,
                8
              ],
              "hitCount": 0,
              "id": 1
            },
            {
              "callFrame": {
                "columnNumber": -1,
                "functionName": "(program)",
                "lineNumber": -1,
                "scriptId": "0",
                "url": ""
              },
              "hitCount": 349,
              "id": 2
            },
            {
              "callFrame": {
                "columnNumber": 68616,
                "functionName": "",
                "lineNumber": 0,
                "scriptId": "7",
                "url": "chrome-extension://nhdogjmejiglipccpnnnanhbledajbpd/dist/prepare.js"
              },
              "children": [
                4
              ],
              "hitCount": 0,
              "id": 3
            },
            {
              "callFrame": {
                "columnNumber": 68444,
                "functionName": "n",
                "lineNumber": 0,
                "scriptId": "7",
                "url": "chrome-extension://nhdogjmejiglipccpnnnanhbledajbpd/dist/prepare.js"
              },
              "children": [
                5
              ],
              "hitCount": 1,
              "id": 4,
              "positionTicks": [
                {
                  "line": 1,
                  "ticks": 1
                }
              ]
            },
            {
              "callFrame": {
                "columnNumber": -1,
                "functionName": "querySelectorAll",
                "lineNumber": -1,
                "scriptId": "0",
                "url": ""
              },
              "hitCount": 1,
              "id": 5,
              "positionTicks": [
                {
                  "line": 1,
                  "ticks": 1
                }
              ]
            },
            {
              "callFrame": {
                "columnNumber": 26,
                "functionName": "syncRailState",
                "lineNumber": 2454,
                "scriptId": "50",
                "url": "https://ifinsta.com/"
              },
              "hitCount": 1,
              "id": 6,
              "positionTicks": [
                {
                  "line": 2457,
                  "ticks": 1
                }
              ]
            },
            {
              "callFrame": {
                "columnNumber": -1,
                "functionName": "(idle)",
                "lineNumber": -1,
                "scriptId": "0",
                "url": ""
              },
              "hitCount": 1925,
              "id": 7
            },
            {
              "callFrame": {
                "columnNumber": 3199,
                "functionName": "_poll",
                "lineNumber": 894,
                "scriptId": "52",
                "url": "chrome-extension://bnjjngeaknajbdcgpfkgnonkmififhfo/src/content-script.js"
              },
              "hitCount": 1,
              "id": 8,
              "positionTicks": [
                {
                  "line": 895,
                  "ticks": 1
                }
              ]
            }
          ],
          "samples": [
            2,
            2,
            2,
            2,
            5,
            6,
            2,
            2,
            2,
            2,
            7,
            7,
            7,
            2,
            7,
            7,
            7,
            7,
            7,
            2,
            7,
            7,
            7,
            7,
            7,
            7,
            2,
            7,
            7,
            7,
            7,
            7,
            7,
            7,
            7,
            7,
            2,
            7,
            7,
            7,
            7,
            7,
            2,
            7,
            7,
            7,
            7,
            7,
            7,
            2,
            7,
            7,
            7,
            7,
            7,
            7,
            2,
            7,
            7,
            7,
            7,
            7,
            2,
            7,
            7,
            7,
            7,
            2,
            7,
            7,
            7,
            7,
            7,
            7,
            2,
            7,
            7,
            7,
            7,
            7,
            2,
            7,
            7,
            7,
            7,
            7,
            7,
            7,
            7,
            7,
            7,
            2,
            2,
            7,
            7,
            7,
            7,
            7,
            2,
            7,
            7,
            7,
            7,
            2,
            7,
            7,
            7,
            7,
            7,
            7,
            2,
            7,
            7,
            7,
            7,
            7,
            7,
            2,
            7,
            7,
            7,
            7,
            7,
            7,
            7,
            7,
            7,
            7,
            2,
            7,
            7,
            7,
            7,
            7,
            7,
            7,
            7,
            7,
            7,
            7,
            2,
            7,
            7,
            7,
            7,
            7,
            2,
            7,
            7,
            7,
            7,
            7,
            2,
            7,
            7,
            7,
            7,
            7,
            7,
            7,
            7,
            7,
            7,
            2,
            7,
            7,
            7,
            7,
            7,
            7,
            2,
            7,
            7,
            7,
            7,
            7,
            7,
            7,
            7,
            2,
            7,
            7,
            7,
            7,
            7,
            7,
            7,
            7,
            7,
            7,
            2,
            7,
            7,
            7,
            7,
            7,
            7,
            2,
            7,
            7,
            7,
            7,
            7,
            7,
            2,
            7,
            7,
            7,
            7,
            7,
            7,
            2,
            7,
            7,
            7,
            7,
            2,
            7,
            7,
            7,
            7,
            7,
            2,
            2,
            7,
            7,
            7,
            7,
            7,
            2,
            2,
            7,
            7,
            7,
            7,
            7,
            2,
            2,
            2,
            7,
            7,
            7,
            7,
            2,
            7,
            7,
            7,
            7,
            7,
            7,
            2,
            7,
            7,
            7,
            7,
            7,
            7,
            2,
            7,
            7,
            7,
            7,
            7,
            7,
            2,
            7,
            7,
            7,
            7,
            7,
            7,
            2,
            7,
            7,
            7,
            7,
            7,
            7,
            2,
            7,
            7,
            7,
            7,
            7,
            7,
            2,
            7,
            7,
            7,
            7,
            7,
            7,
            2,
            7,
            7,
            7,
            7,
            7,
            7,
            2,
            7,
            7,
            7,
            7,
            7,
            7,
            2,
            7,
            7,
            7,
            7,
            7,
            7,
            2,
            7,
            7,
            7,
            7,
            7,
            2,
            7,
            7,
            7,
            7,
            7,
            7,
            7,
            7,
            7,
            7,
            7,
            7,
            7,
            7,
            7,
            2,
            7,
            7,
            7,
            7,
            7,
            7,
            2,
            7,
            7,
            7,
            7,
            7,
            7,
            2,
            7,
            7,
            7,
            7,
            2,
            7,
            7,
            7,
            7,
            7,
            7,
            7,
            2,
            7,
            7,
            7,
            7,
            7,
            2,
            7,
            7,
            7,
            7,
            7,
            7,
            2,
            7,
            7,
            7,
            7,
            7,
            7,
            2,
            7,
            7,
            7,
            7,
            7,
            7,
            2,
            7,
            7,
            7,
            7,
            7,
            7,
            2,
            7,
            7,
            7,
            7,
            7,
            2,
            7,
            7,
            7,
            7,
            7,
            7,
            2,
            7,
            7,
            7,
            7,
            7,
            7,
            7,
            7,
            7,
            7,
            7,
            2,
            7,
            7,
            7,
            7,
            7,
            7,
            2,
            7,
            7,
            7,
            7,
            7,
            2,
            7,
            7,
            7,
            7,
            7,
            7,
            7,
            7,
            7,
            7,
            7,
            7,
            2,
            7,
            7,
            7,
            7,
            7,
            7,
            2,
            7,
            7,
            7,
            7,
            7,
            7,
            7,
            7,
            7,
            2,
            7,
            7,
            7,
            7,
            7,
            7,
            2,
            7,
            7,
            7,
            7,
            7,
            7,
            7,
            7,
            7,
            7,
            7,
            2,
            7,
            7,
            7,
            7,
            7,
            2,
            7,
            7,
            7,
            7,
            7,
            2,
            7,
            7,
            4,
            7,
            7,
            7,
            2,
            7,
            7,
            7,
            7,
            7,
            7,
            2,
            7,
            7,
            7,
            7,
            7,
            7,
            2,
            7,
            7,
            7,
            7,
            7,
            7,
            7,
            7,
            7,
            7,
            7,
            7,
            2,
            7,
            7,
            7,
            7,
            7,
            7,
            7,
            2,
            7,
            7,
            7,
            7,
            7,
            2,
            2,
            7,
            7,
            7,
            7,
            7,
            7,
            2,
            7,
            7,
            7,
            7,
            7,
            7,
            7,
            7,
            7,
            7,
            7,
            7,
            7,
            7,
            7,
            7,
            7,
            7,
            2,
            7,
            7,
            7,
            7,
            7,
            7,
            2,
            7,
            7,
            7,
            7,
            2,
            7,
            7,
            7,
            7,
            7,
            2,
            7,
            7,
            7,
            7,
            7,
            2,
            7,
            7,
            7,
            7,
            7,
            2,
            7,
            7,
            7,
            7,
            7,
            2,
            7,
            7,
            7,
            7,
            7,
            2,
            2,
            7,
            7,
            7,
            7,
            7,
            7,
            7,
            7,
            7,
            7,
            7,
            2,
            7,
            7,
            7,
            7,
            7,
            7,
            2,
            7,
            7,
            7,
            7,
            7,
            7,
            2,
            7,
            7,
            7,
            7,
            7,
            7,
            7,
            7,
            7,
            7,
            2,
            7,
            7,
            7,
            7,
            7,
            7,
            7,
            7,
            7,
            7,
            7,
            2,
            7,
            7,
            7,
            7,
            7,
            2,
            7,
            7,
            7,
            7,
            7,
            7,
            2,
            7,
            7,
            7,
            7,
            7,
            2,
            7,
            7,
            7,
            7,
            7,
            7,
            2,
            2,
            7,
            7,
            7,
            7,
            7,
            2,
            7,
            7,
            7,
            7,
            7,
            7,
            2,
            7,
            7,
            7,
            7,
            7,
            2,
            7,
            7,
            7,
            7,
            7,
            7,
            2,
            7,
            7,
            7,
            7,
            7,
            7,
            2,
            7,
            7,
            7,
            7,
            7,
            2,
            7,
            7,
            7,
            7,
            7,
            7,
            7,
            7,
            7,
            7,
            7,
            7,
            7,
            7,
            7,
            2,
            7,
            7,
            7,
            7,
            7,
            2,
            7,
            7,
            7,
            7,
            7,
            7,
            2,
            7,
            7,
            7,
            7,
            7,
            7,
            2,
            7,
            7,
            7,
            7,
            7,
            2,
            2,
            7,
            7,
            7,
            7,
            7,
            7,
            7,
            7,
            7,
            7,
            7,
            7,
            7,
            7,
            7,
            7,
            2,
            2,
            7,
            7,
            7,
            7,
            7,
            2,
            7,
            7,
            7,
            7,
            7,
            7,
            7,
            7,
            7,
            7,
            2,
            7,
            7,
            7,
            7,
            7,
            2,
            7,
            7,
            7,
            7,
            7,
            2,
            7,
            7,
            7,
            7,
            7,
            2,
            2,
            7,
            7,
            7,
            7,
            7,
            2,
            7,
            7,
            7,
            7,
            7,
            7,
            2,
            7,
            7,
            7,
            7,
            7,
            2,
            2,
            7,
            7,
            7,
            7,
            7,
            2,
            2,
            7,
            7,
            7,
            7,
            7,
            7,
            2,
            7,
            7,
            7,
            7,
            7,
            7,
            2,
            7,
            7,
            7,
            7,
            7,
            7,
            2,
            7,
            7,
            7,
            7,
            7,
            7,
            2,
            7,
            7,
            7,
            7,
            7,
            2,
            7,
            7,
            7,
            7,
            7,
            2,
            7,
            7,
            7,
            7,
            7,
            7,
            7,
            7,
            7,
            7,
            7,
            7,
            2,
            7,
            7,
            7,
            7,
            7,
            2,
            7,
            7,
            7,
            7,
            7,
            7,
            7,
            2,
            7,
            7,
            7,
            7,
            7,
            7,
            2,
            7,
            7,
            7,
            7,
            2,
            7,
            7,
            7,
            7,
            7,
            2,
            7,
            7,
            7,
            7,
            7,
            7,
            2,
            7,
            7,
            7,
            7,
            7,
            2,
            7,
            7,
            7,
            7,
            2,
            7,
            7,
            7,
            7,
            2,
            7,
            7,
            7,
            7,
            7,
            2,
            7,
            7,
            7,
            7,
            7,
            7,
            2,
            7,
            7,
            7,
            7,
            7,
            7,
            2,
            7,
            7,
            7,
            7,
            2,
            7,
            7,
            7,
            7,
            7,
            7,
            2,
            7,
            7,
            7,
            7,
            7,
            7,
            2,
            7,
            7,
            7,
            7,
            7,
            7,
            2,
            7,
            7,
            7,
            7,
            7,
            7,
            2,
            7,
            7,
            7,
            7,
            7,
            7,
            2,
            7,
            7,
            7,
            7,
            7,
            7,
            2,
            7,
            7,
            7,
            7,
            7,
            7,
            2,
            7,
            7,
            7,
            7,
            7,
            7,
            7,
            7,
            7,
            7,
            7,
            7,
            2,
            7,
            7,
            7,
            7,
            7,
            7,
            2,
            7,
            7,
            7,
            7,
            7,
            2,
            7,
            7,
            7,
            7,
            7,
            7,
            2,
            7,
            7,
            7,
            7,
            7,
            7,
            2,
            7,
            7,
            7,
            7,
            7,
            7,
            2,
            7,
            7,
            7,
            7,
            7,
            7,
            2,
            7,
            7,
            7,
            7,
            7,
            7,
            2,
            7,
            7,
            7,
            7,
            7,
            7,
            2,
            7,
            7,
            7,
            7,
            7,
            7,
            2,
            7,
            7,
            7,
            7,
            7,
            7,
            2,
            7,
            7,
            7,
            7,
            7,
            7,
            2,
            7,
            7,
            7,
            7,
            7,
            7,
            2,
            7,
            7,
            7,
            7,
            7,
            7,
            7,
            7,
            7,
            7,
            7,
            7,
            2,
            7,
            7,
            7,
            7,
            7,
            2,
            2,
            7,
            7,
            7,
            7,
            7,
            2,
            7,
            7,
            7,
            7,
            7,
            7,
            2,
            2,
            7,
            7,
            7,
            7,
            7,
            7,
            7,
            7,
            7,
            7,
            7,
            7,
            2,
            7,
            7,
            7,
            7,
            7,
            7,
            2,
            7,
            7,
            7,
            7,
            7,
            7,
            2,
            7,
            7,
            7,
            7,
            7,
            7,
            2,
            7,
            7,
            7,
            7,
            7,
            7,
            2,
            7,
            7,
            7,
            7,
            7,
            7,
            2,
            7,
            7,
            7,
            7,
            7,
            7,
            7,
            7,
            7,
            7,
            7,
            7,
            7,
            7,
            7,
            7,
            7,
            2,
            7,
            7,
            7,
            7,
            7,
            2,
            2,
            7,
            7,
            7,
            7,
            2,
            7,
            7,
            7,
            7,
            7,
            7,
            2,
            7,
            7,
            7,
            7,
            7,
            2,
            2,
            7,
            7,
            7,
            7,
            7,
            7,
            2,
            7,
            7,
            7,
            7,
            7,
            7,
            2,
            7,
            7,
            7,
            7,
            7,
            2,
            2,
            7,
            7,
            7,
            7,
            7,
            7,
            2,
            7,
            7,
            7,
            7,
            7,
            7,
            2,
            7,
            7,
            7,
            7,
            7,
            7,
            7,
            7,
            7,
            7,
            7,
            7,
            2,
            2,
            7,
            7,
            7,
            7,
            7,
            2,
            7,
            7,
            7,
            7,
            7,
            7,
            2,
            7,
            7,
            7,
            7,
            7,
            7,
            2,
            7,
            7,
            7,
            7,
            7,
            7,
            7,
            7,
            7,
            7,
            7,
            2,
            7,
            7,
            7,
            7,
            7,
            7,
            2,
            7,
            7,
            7,
            7,
            7,
            7,
            2,
            7,
            7,
            7,
            7,
            7,
            7,
            2,
            7,
            7,
            7,
            7,
            7,
            7,
            7,
            7,
            7,
            7,
            7,
            7,
            2,
            7,
            7,
            7,
            7,
            7,
            7,
            7,
            7,
            7,
            7,
            7,
            7,
            2,
            7,
            7,
            7,
            7,
            7,
            2,
            7,
            7,
            7,
            7,
            7,
            7,
            2,
            7,
            7,
            7,
            7,
            7,
            7,
            7,
            2,
            7,
            7,
            7,
            7,
            2,
            2,
            7,
            7,
            7,
            7,
            7,
            7,
            2,
            2,
            8,
            7,
            7,
            7,
            7,
            7,
            7,
            7,
            2,
            7,
            7,
            7,
            7,
            7,
            7,
            7,
            7,
            7,
            2,
            7,
            7,
            7,
            7,
            7,
            2,
            2,
            7,
            7,
            7,
            7,
            2,
            7,
            7,
            7,
            7,
            7,
            2,
            2,
            7,
            7,
            7,
            7,
            7,
            2,
            7,
            7,
            7,
            7,
            7,
            7,
            2,
            7,
            7,
            7,
            7,
            7,
            7,
            2,
            7,
            7,
            7,
            7,
            2,
            7,
            7,
            7,
            7,
            7,
            2,
            7,
            7,
            7,
            7,
            7,
            2,
            7,
            7,
            7,
            7,
            7,
            2,
            7,
            7,
            7,
            7,
            7,
            2,
            7,
            7,
            7,
            7,
            7,
            7,
            2,
            7,
            7,
            7,
            7,
            7,
            7,
            2,
            7,
            7,
            7,
            7,
            7,
            2,
            2,
            7,
            7,
            7,
            7,
            7,
            2,
            7,
            7,
            7,
            7,
            7,
            7,
            2,
            7,
            7,
            7,
            7,
            2,
            7,
            7,
            7,
            2,
            7,
            7,
            7,
            7,
            7,
            7,
            2,
            7,
            7,
            7,
            7,
            7,
            2,
            7,
            7,
            7,
            7,
            7,
            7,
            2,
            7,
            7,
            7,
            7,
            7,
            7,
            2,
            7,
            7,
            7,
            7,
            7,
            7,
            7,
            7,
            7,
            7,
            7,
            7,
            2,
            7,
            7,
            7,
            7,
            7,
            7,
            2,
            7,
            7,
            7,
            7,
            7,
            2,
            7,
            7,
            7,
            7,
            7,
            7,
            2,
            7,
            7,
            7,
            7,
            7,
            7,
            2,
            7,
            7,
            7,
            7,
            7,
            2,
            7,
            7,
            7,
            7,
            7,
            7,
            2,
            7,
            7,
            7,
            7,
            7,
            7,
            2,
            7,
            7,
            7,
            7,
            7,
            2,
            7,
            7,
            7,
            7,
            7,
            7,
            2,
            7,
            7,
            7,
            7,
            7,
            2,
            7,
            7,
            7,
            7,
            7,
            7,
            2,
            7,
            7,
            7,
            7,
            7,
            7,
            2,
            7,
            7,
            7,
            7,
            7,
            2,
            7,
            7,
            7,
            7,
            7,
            7,
            2,
            7,
            7,
            7,
            7,
            7,
            7,
            2,
            7,
            7,
            7,
            7,
            7,
            7,
            2,
            7,
            7,
            7,
            7,
            7,
            7,
            2,
            7,
            7,
            7,
            7,
            7,
            2,
            7,
            7,
            7,
            7,
            7,
            7,
            2,
            7,
            7,
            7,
            7,
            7,
            7,
            2,
            7,
            7,
            7,
            7,
            7,
            7,
            7,
            7,
            7,
            7,
            7,
            7,
            2,
            2,
            7,
            7,
            7,
            7,
            7,
            2,
            7,
            7,
            7,
            7,
            7,
            7,
            2,
            7,
            7,
            7,
            7,
            7,
            7,
            2,
            7,
            7,
            7,
            7,
            7,
            2,
            2,
            7,
            7,
            7,
            7,
            7,
            7,
            2,
            7,
            7,
            7,
            7,
            7,
            7,
            7,
            7,
            7,
            7,
            7,
            7,
            2,
            7,
            7,
            7,
            7,
            7,
            7,
            2,
            7,
            7,
            7,
            7,
            7,
            7,
            2,
            7,
            7,
            7,
            7,
            7,
            7,
            2,
            7,
            7,
            7,
            7,
            7,
            2,
            7,
            7,
            7,
            7,
            7,
            7,
            2,
            2,
            7,
            7,
            7,
            7,
            7,
            2,
            7,
            7,
            7,
            7,
            7,
            7,
            2,
            2,
            7,
            7,
            7,
            7,
            7,
            2,
            7,
            7,
            7,
            7,
            7,
            7,
            2,
            7,
            7,
            7,
            7,
            7,
            7,
            2,
            7,
            7,
            7,
            7,
            7,
            7,
            2,
            7,
            7,
            7,
            7,
            7,
            2,
            7,
            7,
            7,
            7,
            7,
            7,
            7,
            2,
            7,
            7,
            7,
            7,
            7,
            7,
            2,
            7,
            7,
            7,
            7,
            7,
            2,
            2,
            7,
            7,
            7,
            7,
            7,
            7,
            2,
            7,
            7,
            7,
            7,
            7,
            7,
            2,
            7,
            7,
            7,
            7,
            7,
            7,
            7,
            7,
            7,
            7,
            7,
            7,
            2,
            7,
            7,
            7,
            7,
            7,
            7,
            2,
            2,
            7,
            7,
            7,
            7,
            7,
            7,
            2,
            7,
            7,
            7,
            7,
            7,
            2,
            7,
            7,
            7,
            7,
            7,
            7,
            2,
            7,
            7,
            7,
            7,
            7,
            7,
            2,
            7,
            7,
            7,
            7,
            7,
            2,
            2,
            7,
            7,
            2,
            7,
            7,
            7,
            7,
            7,
            2,
            7,
            7,
            7,
            2,
            2,
            7,
            7,
            7,
            7,
            2,
            7,
            7,
            7,
            7,
            7,
            2,
            7,
            7,
            7,
            7,
            7,
            2,
            7,
            7,
            7,
            7,
            7,
            2,
            7,
            7,
            7,
            7,
            7,
            2,
            7,
            7,
            7,
            7,
            7,
            7,
            2,
            7,
            7,
            7,
            7,
            7,
            7,
            7,
            7,
            7,
            7,
            7,
            7,
            2,
            7,
            7,
            7,
            7,
            7,
            2,
            7,
            7,
            7,
            7,
            7,
            7,
            2,
            7,
            7,
            7,
            7,
            7,
            7,
            2,
            7,
            7,
            7,
            7,
            7,
            7,
            2,
            7,
            7,
            7,
            7,
            7,
            2,
            7,
            7,
            7,
            7,
            7,
            7,
            2,
            7,
            7,
            7,
            7,
            7,
            7,
            2,
            2,
            7,
            7,
            7,
            7,
            7,
            7,
            2,
            7,
            7,
            7,
            7,
            7,
            7,
            2,
            7,
            7,
            7,
            7,
            7,
            7,
            2,
            7,
            7,
            7,
            7,
            7,
            7,
            2,
            7,
            7,
            7,
            7,
            7,
            7,
            7,
            2,
            7,
            7,
            7,
            7,
            7,
            7,
            2,
            7,
            7,
            7,
            7,
            7,
            7,
            7,
            7,
            7,
            7,
            7,
            7,
            7,
            7,
            2,
            7,
            7,
            7,
            7,
            7,
            7,
            2,
            2,
            7,
            7,
            7,
            7,
            7,
            7,
            2,
            7,
            7,
            7,
            7,
            7,
            7,
            2,
            2,
            7,
            7,
            7,
            7,
            7,
            7,
            2,
            7,
            7,
            7,
            7,
            7,
            7,
            2,
            7,
            7,
            7,
            7,
            7,
            7,
            7,
            2,
            7,
            7,
            7,
            7,
            7,
            7,
            2,
            7,
            7,
            7,
            7,
            7,
            7,
            2,
            7,
            7,
            7,
            7,
            7,
            2,
            7,
            7,
            7,
            7,
            7,
            7,
            2,
            7,
            7,
            7,
            7,
            7,
            7,
            2,
            2,
            7,
            7,
            7,
            7,
            7,
            7,
            2,
            7,
            7,
            7,
            7,
            7,
            7,
            2,
            7,
            7,
            7,
            7,
            7,
            7,
            2,
            7,
            7,
            7,
            7,
            7,
            7,
            7,
            2,
            7,
            7,
            7,
            7,
            7,
            2,
            7,
            7,
            7,
            7,
            7,
            7,
            7,
            2,
            7,
            7,
            7,
            7,
            7,
            2,
            7,
            7,
            7,
            7,
            7,
            7,
            7,
            7,
            7,
            7,
            7,
            7,
            7,
            7,
            2,
            7,
            7,
            7,
            7,
            7,
            7,
            2,
            2
          ],
          "startTime": 45442465300,
          "timeDeltas": [
            623796,
            5387,
            1129,
            1117,
            1356,
            1174,
            1386,
            1208,
            1195,
            1145,
            1131,
            1138,
            1171,
            1805,
            1293,
            1155,
            1173,
            1214,
            1132,
            2233,
            1265,
            1174,
            1120,
            1125,
            1115,
            2322,
            1122,
            1157,
            1123,
            1109,
            1339,
            4017,
            1256,
            1246,
            1354,
            1628,
            1726,
            1123,
            1536,
            1120,
            1212,
            1136,
            1903,
            1277,
            1117,
            1117,
            1107,
            1114,
            1122,
            1485,
            1229,
            1124,
            1169,
            1835,
            7960,
            1133,
            2521,
            1136,
            1123,
            1234,
            1116,
            1128,
            4202,
            1508,
            1335,
            1157,
            1138,
            1119,
            1180,
            1128,
            1160,
            1128,
            1140,
            1178,
            1566,
            1151,
            1130,
            1122,
            1236,
            1350,
            2548,
            1376,
            1220,
            1119,
            1132,
            1524,
            3252,
            1124,
            1125,
            1244,
            1167,
            2038,
            1087,
            1521,
            1117,
            1116,
            1126,
            2399,
            1245,
            1116,
            1201,
            1115,
            1450,
            2301,
            1265,
            1149,
            1128,
            1122,
            1142,
            1110,
            1254,
            1118,
            1114,
            1139,
            1117,
            1152,
            1136,
            2588,
            1130,
            1128,
            1121,
            1127,
            1123,
            3819,
            1148,
            1272,
            1132,
            1140,
            1938,
            1141,
            1118,
            1116,
            1121,
            1111,
            2484,
            2060,
            1163,
            1450,
            1135,
            1137,
            1253,
            1773,
            1161,
            1126,
            1129,
            1127,
            2469,
            1230,
            1153,
            1141,
            1119,
            1122,
            2355,
            1580,
            1131,
            1120,
            1127,
            1578,
            3450,
            1120,
            1113,
            1107,
            1564,
            1692,
            1174,
            1121,
            1108,
            1110,
            1107,
            1250,
            1439,
            1631,
            1135,
            1132,
            1136,
            1260,
            4811,
            1331,
            1422,
            2841,
            1427,
            1125,
            1119,
            1113,
            6919,
            7015,
            1134,
            1128,
            1123,
            1136,
            1395,
            1152,
            1123,
            1122,
            1152,
            1203,
            1113,
            1623,
            1210,
            1118,
            1150,
            1116,
            1119,
            1110,
            1609,
            1125,
            1137,
            1235,
            1190,
            1116,
            1115,
            2996,
            1234,
            1502,
            1118,
            1129,
            2215,
            1210,
            1176,
            1115,
            1117,
            1111,
            1483,
            1142,
            1222,
            1144,
            1124,
            1101,
            1119,
            1352,
            1115,
            1201,
            1122,
            1129,
            1118,
            1122,
            1574,
            1137,
            1119,
            1186,
            1115,
            1112,
            1108,
            2453,
            1119,
            1119,
            1109,
            1111,
            1118,
            1120,
            1530,
            1205,
            1113,
            1121,
            1115,
            1119,
            1172,
            1120,
            1122,
            1115,
            1125,
            1122,
            1129,
            1120,
            1562,
            1174,
            1125,
            1124,
            1115,
            1145,
            1107,
            1534,
            1120,
            1119,
            1122,
            1208,
            1171,
            1114,
            1692,
            1163,
            1130,
            1119,
            1185,
            1144,
            1107,
            1734,
            1194,
            1113,
            1115,
            1123,
            1114,
            1111,
            1337,
            1156,
            1112,
            1134,
            1113,
            1122,
            1125,
            1341,
            1159,
            1186,
            1126,
            1113,
            1538,
            1179,
            1311,
            1130,
            1182,
            1113,
            1115,
            1126,
            1153,
            1731,
            1131,
            1200,
            1173,
            1117,
            1354,
            1844,
            1412,
            1123,
            1126,
            1133,
            1121,
            2422,
            2059,
            1648,
            1106,
            1187,
            4324,
            1171,
            1134,
            1113,
            1104,
            2022,
            1163,
            1151,
            1112,
            1108,
            1127,
            1150,
            1516,
            1249,
            1128,
            1130,
            1117,
            1110,
            1110,
            2035,
            2252,
            1135,
            1119,
            1192,
            1415,
            1287,
            1175,
            1134,
            1105,
            1109,
            1107,
            1336,
            1115,
            1124,
            1141,
            1126,
            1184,
            1619,
            1612,
            1130,
            1116,
            1107,
            1112,
            1105,
            1120,
            1749,
            1132,
            1122,
            1131,
            1129,
            1142,
            1115,
            1523,
            1223,
            1182,
            1119,
            1114,
            1105,
            1118,
            1600,
            1128,
            1184,
            1150,
            1125,
            1126,
            1120,
            1459,
            1763,
            1120,
            1098,
            1125,
            1115,
            2200,
            1202,
            1122,
            1129,
            1123,
            1114,
            1112,
            1222,
            1117,
            1115,
            1117,
            1135,
            1101,
            1108,
            3349,
            1304,
            1109,
            1568,
            1121,
            1112,
            2071,
            1138,
            1122,
            1128,
            1093,
            2391,
            1146,
            1127,
            1125,
            1166,
            1125,
            1133,
            1392,
            1133,
            1116,
            1097,
            1092,
            1089,
            1176,
            2317,
            1124,
            1101,
            1098,
            1101,
            1113,
            1399,
            1295,
            1117,
            1099,
            1119,
            1128,
            1113,
            1906,
            1151,
            1136,
            1123,
            1219,
            1098,
            18067,
            4418,
            2433,
            1562,
            1478,
            1129,
            1117,
            1109,
            1549,
            1117,
            1536,
            1137,
            1187,
            1473,
            1126,
            1112,
            1114,
            1235,
            1399,
            1130,
            1123,
            1115,
            1592,
            2594,
            1337,
            1132,
            1308,
            1349,
            1137,
            2329,
            1293,
            1122,
            1173,
            1140,
            1135,
            2269,
            1200,
            1126,
            1220,
            1164,
            1174,
            1110,
            1149,
            1145,
            1192,
            1195,
            1128,
            1120,
            1122,
            1259,
            1307,
            1134,
            1130,
            1127,
            1115,
            1113,
            1807,
            1142,
            1131,
            1134,
            1333,
            1122,
            2291,
            1330,
            1148,
            1115,
            1109,
            1103,
            1132,
            1102,
            1348,
            1130,
            1165,
            1116,
            1104,
            1112,
            1199,
            1123,
            1115,
            1130,
            1133,
            1116,
            1119,
            1462,
            1122,
            1144,
            1108,
            1105,
            1102,
            1107,
            1118,
            1633,
            1131,
            1120,
            1127,
            1103,
            1105,
            1125,
            2020,
            1191,
            1131,
            1125,
            1119,
            1118,
            3016,
            1141,
            1121,
            1118,
            1099,
            1187,
            1432,
            1201,
            1212,
            1133,
            1122,
            1129,
            1136,
            1646,
            2503,
            1129,
            1128,
            1193,
            2220,
            1264,
            1121,
            1132,
            1120,
            1172,
            2546,
            1300,
            1189,
            1120,
            1257,
            1183,
            2565,
            1224,
            1142,
            1112,
            1189,
            1204,
            2240,
            1762,
            1171,
            1209,
            1119,
            1216,
            2053,
            1178,
            1319,
            1109,
            1093,
            1118,
            2193,
            1289,
            1168,
            1123,
            1147,
            1149,
            2251,
            1201,
            1140,
            1123,
            1120,
            1109,
            1111,
            1720,
            1248,
            1112,
            1104,
            1109,
            1106,
            1104,
            1298,
            1183,
            1122,
            1123,
            1100,
            1096,
            1107,
            1835,
            1710,
            1128,
            1113,
            1096,
            1241,
            3755,
            1138,
            1111,
            1119,
            1217,
            2454,
            1130,
            1123,
            1113,
            1110,
            1153,
            3149,
            1125,
            1097,
            1136,
            1119,
            1532,
            1857,
            1125,
            1122,
            1132,
            1123,
            1150,
            2697,
            1342,
            9157,
            1107,
            1095,
            1097,
            1100,
            1357,
            1210,
            1132,
            1148,
            1095,
            1576,
            2212,
            1114,
            1114,
            1100,
            1098,
            1104,
            1107,
            1114,
            1119,
            1135,
            1167,
            1121,
            1098,
            1520,
            1522,
            1162,
            1113,
            1105,
            1117,
            1165,
            1110,
            1650,
            1185,
            1244,
            1110,
            1097,
            1120,
            2527,
            1123,
            1119,
            1513,
            1117,
            1129,
            1165,
            1222,
            1228,
            1122,
            1116,
            1138,
            1121,
            1123,
            2307,
            1135,
            1114,
            1120,
            1128,
            1127,
            2262,
            1205,
            1126,
            1105,
            1107,
            1125,
            4360,
            1129,
            1103,
            1097,
            1559,
            3215,
            1119,
            1110,
            1103,
            1462,
            1891,
            1118,
            1151,
            1131,
            1122,
            1696,
            1835,
            1345,
            1303,
            1138,
            1098,
            1077,
            1089,
            1309,
            1126,
            1137,
            1130,
            1186,
            1138,
            1188,
            1530,
            1464,
            1577,
            1119,
            1129,
            1129,
            1305,
            1289,
            1190,
            1627,
            1155,
            1124,
            1139,
            2376,
            1170,
            1140,
            1125,
            1138,
            1125,
            3249,
            1344,
            1163,
            1131,
            1150,
            1147,
            1160,
            1187,
            1155,
            1174,
            1141,
            1183,
            2463,
            1190,
            1124,
            1134,
            1162,
            1179,
            3793,
            1264,
            1182,
            1136,
            1132,
            3382,
            1134,
            1154,
            1180,
            1113,
            1132,
            1518,
            1457,
            1192,
            1153,
            1137,
            1214,
            2175,
            1336,
            1140,
            1135,
            1125,
            1122,
            1709,
            1372,
            1296,
            1109,
            1106,
            1219,
            1123,
            1286,
            1454,
            1139,
            1129,
            1143,
            1102,
            1110,
            1554,
            1869,
            1136,
            1179,
            1108,
            1109,
            1153,
            1263,
            1124,
            1119,
            1113,
            1103,
            1132,
            1516,
            1122,
            1121,
            1150,
            1115,
            1105,
            1108,
            1108,
            1346,
            1132,
            1126,
            1108,
            1117,
            1124,
            1136,
            1175,
            1643,
            1129,
            1127,
            1138,
            1120,
            1119,
            1370,
            1176,
            1196,
            1132,
            1103,
            1105,
            1104,
            1422,
            1206,
            1391,
            1128,
            1124,
            1322,
            2027,
            1876,
            1134,
            1145,
            1106,
            1122,
            2451,
            1157,
            1127,
            1116,
            1126,
            1112,
            1611,
            1685,
            1137,
            1151,
            1123,
            1106,
            3053,
            1131,
            1145,
            1124,
            1101,
            1091,
            1091,
            1444,
            1169,
            1129,
            1295,
            1131,
            1221,
            1594,
            7758,
            1323,
            1271,
            1132,
            1125,
            1174,
            1121,
            1129,
            3029,
            1110,
            1522,
            1115,
            1102,
            2312,
            1344,
            1118,
            1151,
            1151,
            1124,
            1961,
            1277,
            1195,
            1132,
            1106,
            1116,
            1120,
            1448,
            1619,
            1206,
            1113,
            1101,
            1239,
            2999,
            1181,
            1116,
            1123,
            1646,
            3401,
            1227,
            1276,
            1285,
            1156,
            2395,
            1226,
            1138,
            1129,
            1118,
            1114,
            1748,
            1753,
            1128,
            1524,
            1118,
            1118,
            1135,
            1282,
            1306,
            1114,
            1102,
            1098,
            1108,
            3128,
            1216,
            1110,
            1130,
            1112,
            1114,
            2158,
            1150,
            1117,
            1117,
            1109,
            1296,
            1108,
            1555,
            1242,
            1147,
            1151,
            1131,
            1121,
            1151,
            1465,
            1138,
            1132,
            1117,
            1169,
            1133,
            1141,
            1191,
            1174,
            1137,
            1122,
            1135,
            1108,
            1118,
            1319,
            1122,
            1174,
            1127,
            1136,
            1111,
            1131,
            2044,
            1351,
            1112,
            1109,
            1098,
            1093,
            1121,
            1157,
            1122,
            1384,
            1118,
            1124,
            1116,
            1127,
            1697,
            1149,
            1143,
            1125,
            1124,
            1128,
            2151,
            1419,
            1111,
            1134,
            1119,
            1124,
            1128,
            1641,
            1153,
            1135,
            1144,
            1124,
            1138,
            1131,
            1217,
            1266,
            1120,
            1125,
            1112,
            1120,
            2698,
            1228,
            1122,
            1104,
            1104,
            1102,
            1156,
            1487,
            1166,
            1187,
            1118,
            1105,
            1106,
            1107,
            1622,
            1128,
            1138,
            1116,
            1112,
            1267,
            1119,
            1485,
            1137,
            1117,
            1114,
            1098,
            1105,
            1109,
            1492,
            1385,
            1143,
            1134,
            1166,
            1219,
            1612,
            1115,
            1123,
            1112,
            1098,
            1090,
            1113,
            1106,
            1407,
            1160,
            1115,
            1198,
            1191,
            1153,
            1126,
            1349,
            1128,
            1126,
            1125,
            1107,
            1104,
            1105,
            1800,
            1135,
            1182,
            1146,
            1114,
            1119,
            1112,
            1253,
            1140,
            1124,
            1119,
            1116,
            1109,
            1127,
            1453,
            1448,
            1157,
            1121,
            1105,
            1136,
            1115,
            2625,
            1209,
            1119,
            1102,
            1109,
            1101,
            1523,
            1199,
            1495,
            1514,
            1114,
            1117,
            1901,
            1141,
            1116,
            1103,
            1105,
            1111,
            1121,
            1287,
            1129,
            1121,
            1108,
            1099,
            1106,
            1113,
            1232,
            1238,
            1120,
            1116,
            1101,
            1092,
            1121,
            1943,
            1629,
            1121,
            1131,
            1164,
            1120,
            1125,
            1334,
            1120,
            1131,
            1137,
            1125,
            1115,
            1116,
            1552,
            1259,
            1106,
            1109,
            1135,
            1123,
            1120,
            1546,
            1195,
            1150,
            1150,
            1117,
            1138,
            1120,
            1441,
            1301,
            1156,
            1125,
            1149,
            1122,
            1109,
            1373,
            1382,
            1270,
            1125,
            1131,
            1124,
            2742,
            1140,
            1133,
            1120,
            1109,
            1125,
            1255,
            1774,
            1188,
            1111,
            1103,
            1096,
            1109,
            2908,
            1170,
            1118,
            1149,
            1112,
            1115,
            1476,
            1409,
            1337,
            1530,
            1516,
            1129,
            1755,
            1262,
            1131,
            1500,
            1107,
            1099,
            1986,
            1136,
            1319,
            1108,
            1100,
            1522,
            1957,
            1142,
            1131,
            1108,
            1106,
            1098,
            1115,
            1209,
            1215,
            1120,
            1118,
            1106,
            1091,
            1098,
            1124,
            1595,
            1519,
            1129,
            1110,
            1098,
            1151,
            1110,
            1371,
            1124,
            1119,
            1123,
            1112,
            1121,
            1460,
            1234,
            1230,
            1098,
            1085,
            1270,
            1134,
            1176,
            1234,
            1131,
            1114,
            1101,
            1090,
            1128,
            1120,
            1480,
            1132,
            1098,
            1151,
            1106,
            1093,
            1120,
            2220,
            1125,
            1125,
            1084,
            1086,
            1100,
            1304,
            1162,
            1123,
            1164,
            1151,
            1125,
            1156,
            1820,
            1249,
            1173,
            1109,
            1093,
            1088,
            1114,
            1772,
            1620,
            1132,
            1128,
            1107,
            1102,
            1518,
            1215,
            1123,
            1116,
            1095,
            1101,
            1118,
            2389,
            1271,
            1526,
            1524,
            1094,
            1103,
            1759,
            1216,
            1117,
            1146,
            1125,
            1134,
            1126,
            1694,
            1150,
            1168,
            1104,
            1092,
            1120,
            1125,
            1225,
            1126,
            1108,
            1106,
            1092,
            1088,
            1106,
            1200,
            1601,
            1149,
            1119,
            1128,
            1127,
            1103,
            2988,
            1149,
            1122,
            1109,
            1103,
            1137,
            1763,
            1124,
            1110,
            1121,
            1153,
            1138,
            1188,
            2000,
            1120,
            1110,
            1107,
            1181,
            1162,
            2247,
            1120,
            1133,
            1112,
            1125,
            1094,
            1767,
            1179,
            1215,
            1112,
            1181,
            1136,
            1176,
            2413,
            1121,
            1249,
            1154,
            1176,
            1168,
            23487,
            10308,
            2217,
            1627,
            1325,
            1187,
            1412,
            1415,
            1185,
            1248,
            1165,
            1130,
            1221,
            8764,
            15332,
            1237,
            1141,
            2702,
            1501,
            1175,
            1505,
            1302,
            4034,
            1152,
            3319,
            1616,
            1174,
            1235,
            1166,
            1115,
            1132,
            4875,
            1209,
            1231,
            1196,
            1914,
            1437,
            1422,
            1447,
            1411,
            1178,
            1887,
            1184,
            1927,
            1130,
            1102,
            1103,
            1725,
            1326,
            1138,
            1529,
            1261,
            1154,
            1417,
            1153,
            1139,
            1144,
            1135,
            1147,
            1152,
            1129,
            1734,
            1119,
            1139,
            1136,
            1148,
            1158,
            1701,
            1136,
            1130,
            1128,
            1133,
            1149,
            1136,
            2035,
            2165,
            1358,
            1190,
            1187,
            1988,
            1490,
            1175,
            1123,
            1115,
            1117,
            2385,
            1840,
            1175,
            1127,
            1218,
            1215,
            1531,
            1469,
            1143,
            1528,
            1119,
            1196,
            2379,
            1137,
            1130,
            1131,
            1153,
            1151,
            1524,
            1449,
            1194,
            1137,
            1136,
            1200,
            1149,
            1551,
            1129,
            1143,
            1136,
            1246,
            1214,
            1128,
            1372,
            1477,
            1129,
            1157,
            1210,
            1275,
            2143,
            1170,
            1163,
            1128,
            1207,
            1174,
            1138,
            1234,
            1131,
            1142,
            1134,
            1123,
            1122,
            1120,
            1707,
            1254,
            1423,
            2042,
            1128,
            1796,
            1499,
            2023,
            4043,
            1491,
            1485,
            1137,
            1126,
            1131,
            1150,
            1474,
            1157,
            1261,
            1125,
            1141,
            1168,
            1193,
            1449,
            1852,
            1148,
            1127,
            1222,
            1162,
            1135,
            1158,
            1847,
            1147,
            1139,
            1217,
            1196,
            1473,
            1124,
            1125,
            1138,
            1106,
            1123,
            1120,
            1258,
            1723,
            1321,
            1110,
            1169,
            1172,
            1124,
            1521,
            1129,
            1156,
            1127,
            1171,
            1192,
            1137,
            1666,
            1133,
            1136,
            1155,
            1195,
            1151,
            1963,
            1271,
            1132,
            1108,
            1119,
            1147,
            1135,
            1707,
            1135,
            1141,
            1133,
            1230,
            1185,
            1117,
            1707,
            1145,
            1140,
            1147,
            1337,
            1144,
            2254,
            1220,
            1128,
            1121,
            1196,
            1151,
            1266,
            1159,
            1127,
            1299,
            1132,
            1139,
            1119,
            1139,
            1456,
            2310,
            1154,
            1134,
            1131,
            1121,
            1379,
            1238,
            1193,
            1159,
            1138,
            1130,
            1128,
            1857,
            1186,
            1111,
            1119,
            1123,
            1129,
            2165,
            1228,
            1143,
            1181,
            1151,
            1114,
            1122,
            1317,
            1229,
            1147,
            1143,
            1111,
            1097,
            1100,
            1850,
            1296,
            1131,
            1115,
            1105,
            1110,
            1586,
            1384,
            1144,
            1123,
            1100,
            1094,
            1112,
            1415,
            1451,
            1116,
            1167,
            1114,
            1105,
            1114,
            1303,
            1191,
            1253,
            1137,
            1110,
            1296,
            1160,
            1597,
            1142,
            1116,
            1133,
            1154,
            1140,
            1132,
            1679,
            1472,
            1154,
            1193,
            1114,
            1152,
            2159,
            1195,
            1131,
            1119,
            1109,
            1096,
            1116,
            1628,
            1146,
            1397,
            1109,
            1100,
            1104,
            1099,
            1333,
            1151,
            1130,
            1109,
            1099,
            1104,
            1111,
            2402,
            1191,
            1121,
            1132,
            1103,
            1119,
            1707,
            1133,
            1108,
            1152,
            1129,
            1116,
            1105,
            1743,
            1294,
            1104,
            1132,
            1123,
            1119,
            1096,
            1349,
            1123,
            1119,
            1119,
            1118,
            1105,
            1104,
            2509,
            1163,
            1193,
            1110,
            1123,
            1139,
            1170,
            1108,
            1209,
            1131,
            1104,
            1110,
            1124,
            1103,
            1196,
            1397,
            1194,
            1462,
            1117,
            1128,
            1476,
            1329,
            1141,
            1121,
            1115,
            1178,
            1121,
            1704,
            1252,
            1129,
            1108,
            1132,
            1161,
            1136,
            1376,
            1129,
            1126,
            1114,
            1154,
            1114,
            1108,
            1794,
            1344,
            1141,
            1115,
            1104,
            1101,
            1100,
            1465,
            1165,
            1126,
            1238,
            1469,
            1128,
            1402,
            1204,
            1200,
            1125,
            1113,
            1106,
            1115,
            1854,
            1127,
            1234,
            1159,
            1111,
            1113,
            1136,
            1577,
            1130,
            1135,
            1111,
            1122,
            1115,
            1143,
            1126,
            1222,
            1188,
            1140,
            1143,
            1128,
            1113,
            1375,
            1676,
            1126,
            1117,
            1108,
            1110,
            1111,
            1966,
            1249,
            1128,
            1119,
            1105,
            1103,
            1093,
            1272,
            1124,
            1127,
            1118,
            1096,
            1090,
            1160,
            1387,
            1371,
            1134,
            1735,
            1193,
            1120,
            3406,
            1155,
            1130,
            1493,
            1403,
            5093,
            1185,
            1615,
            2310,
            1147,
            1152,
            1163,
            1142,
            1098,
            1088,
            1396,
            1250,
            1138,
            1510,
            1509,
            1104,
            1107,
            1195,
            1210,
            1192,
            1126,
            1127,
            1139,
            1175,
            1112,
            1127,
            1113,
            1122,
            1168,
            1110,
            1095,
            1139,
            1526,
            1136,
            1123,
            1132,
            1099,
            1103,
            2455,
            1108,
            1168,
            1100,
            1096,
            1125,
            1093,
            1615,
            1147,
            1105,
            1083,
            1082,
            1076,
            1153,
            1310,
            1163,
            1311,
            1116,
            1101,
            1111,
            1181,
            1509,
            1171,
            1136,
            1142,
            1125,
            1114,
            1087,
            1788,
            1124,
            1111,
            1118,
            1135,
            1185,
            1865,
            1358,
            1127,
            1126,
            1118,
            1107,
            1499,
            1120,
            1122,
            1124,
            1169,
            1222,
            1125,
            3246,
            1295,
            2923,
            1124,
            2122,
            2225,
            1243,
            1280,
            1171,
            2353,
            1216,
            1146,
            2967,
            1122,
            1169,
            1149,
            1219,
            1219,
            1600,
            1515,
            2343,
            1228,
            1130,
            1135,
            1133,
            1113,
            1816,
            1602,
            1993,
            1123,
            1143,
            1157,
            2285,
            1367,
            1361,
            1224,
            1155,
            1156,
            1692,
            1767,
            1125,
            1120,
            1208,
            1141,
            2870,
            2405,
            3237,
            5291,
            1270,
            1144,
            1114,
            1277,
            1131,
            1123,
            1121,
            1122,
            1111,
            1367,
            2503,
            1340,
            1261,
            1175,
            1095,
            1118,
            1681,
            1223,
            1222,
            1536,
            1178,
            1244,
            1535,
            1664,
            1135,
            1103,
            1093,
            1105,
            1543,
            1122,
            1116,
            1111,
            1100,
            1124,
            1097,
            1618,
            1134,
            1116,
            1179,
            1125,
            1122,
            1142,
            2508,
            1137,
            1124,
            1187,
            1208,
            1127,
            1126,
            1161,
            1491,
            1159,
            1135,
            1143,
            1137,
            1079,
            1118,
            1118,
            1178,
            1083,
            1078,
            1074,
            1086,
            1091,
            1114,
            1127,
            1120,
            1105,
            1092,
            1093,
            1088,
            1112,
            1174,
            1128,
            1134,
            1570,
            1143,
            1123,
            1122,
            1138,
            1148,
            1112,
            1089,
            1105,
            1108,
            1566,
            1131,
            1101,
            1103,
            1119,
            1141,
            1094,
            1133,
            1139,
            1130,
            1105,
            1112,
            1086,
            1089,
            1136,
            1127,
            1120,
            1124,
            1107,
            1133,
            1144,
            1179,
            1125,
            1114,
            1127,
            1116,
            1110,
            1095,
            1250,
            1189,
            1156,
            1125,
            1106,
            1097,
            1115,
            1117,
            1094,
            1108,
            1115,
            1103,
            1105,
            1087,
            1128,
            1096,
            1103,
            1107,
            1115,
            1112,
            1121,
            1125,
            1094,
            1091,
            1114,
            1103,
            1116,
            1099,
            1161,
            1089,
            1083,
            1150,
            1114,
            1173,
            1150,
            1118,
            1126,
            1088,
            1076,
            1101,
            1124,
            1110,
            1112,
            1093,
            1084,
            1078,
            1162,
            1156,
            1113,
            1104,
            1538,
            1123,
            1120,
            1106,
            1135,
            1187,
            1146,
            1122,
            1131,
            1142,
            1255,
            1115,
            1118,
            1119,
            1119,
            1138,
            1154,
            1134,
            1202,
            1556,
            1590,
            1494,
            1514,
            1065,
            1106,
            1120,
            1131,
            1140,
            1128,
            1145,
            1163,
            1095,
            1113,
            1136,
            1104,
            1095,
            1530,
            1093,
            1092,
            1107,
            1127,
            1120,
            1140,
            1194,
            1172,
            1201,
            1160,
            1125,
            1109,
            1086,
            1083,
            1074,
            1081,
            1241,
            1196,
            1144,
            1526,
            1111,
            1118,
            1122,
            1121,
            1175,
            1124,
            1111,
            1088,
            1079,
            1114,
            1182,
            1160,
            1135,
            1157,
            1149,
            1531,
            1503,
            1235,
            1100,
            1113,
            1108,
            1080,
            1074,
            1084,
            1155,
            1121,
            1195,
            1118,
            1108,
            1553,
            1487,
            1191,
            1127,
            1150,
            1103,
            1081,
            1076,
            1077,
            1083,
            1906,
            1119,
            1150,
            1108,
            1123,
            1137,
            1109,
            1108,
            1132,
            1130,
            1120,
            1112,
            1119,
            1100,
            1287,
            1124
          ]
        },
        "metrics": [
          {
            "name": "Timestamp",
            "value": 45446.139158
          },
          {
            "name": "AudioHandlers",
            "value": 0
          },
          {
            "name": "AudioWorkletProcessors",
            "value": 0
          },
          {
            "name": "Documents",
            "value": 8
          },
          {
            "name": "Frames",
            "value": 5
          },
          {
            "name": "JSEventListeners",
            "value": 150
          },
          {
            "name": "LayoutObjects",
            "value": 609
          },
          {
            "name": "MediaKeySessions",
            "value": 0
          },
          {
            "name": "MediaKeys",
            "value": 0
          },
          {
            "name": "Nodes",
            "value": 1700
          },
          {
            "name": "Resources",
            "value": 134
          },
          {
            "name": "ContextLifecycleStateObservers",
            "value": 29
          },
          {
            "name": "V8PerContextDatas",
            "value": 8
          },
          {
            "name": "WorkerGlobalScopes",
            "value": 0
          },
          {
            "name": "UACSSResources",
            "value": 0
          },
          {
            "name": "RTCPeerConnections",
            "value": 0
          },
          {
            "name": "ResourceFetchers",
            "value": 8
          },
          {
            "name": "AdSubframes",
            "value": 0
          },
          {
            "name": "DetachedScriptStates",
            "value": 0
          },
          {
            "name": "ArrayBufferContents",
            "value": 2
          },
          {
            "name": "LayoutCount",
            "value": 0
          },
          {
            "name": "RecalcStyleCount",
            "value": 366
          },
          {
            "name": "LayoutDuration",
            "value": 0
          },
          {
            "name": "RecalcStyleDuration",
            "value": 0.10087
          },
          {
            "name": "DevToolsCommandDuration",
            "value": 0.010838
          },
          {
            "name": "ScriptDuration",
            "value": 0.001463
          },
          {
            "name": "V8CompileDuration",
            "value": 0
          },
          {
            "name": "TaskDuration",
            "value": 0.546824
          },
          {
            "name": "TaskOtherDuration",
            "value": 0.433653
          },
          {
            "name": "ThreadTime",
            "value": 0.535966
          },
          {
            "name": "ProcessTime",
            "value": 3.886848
          },
          {
            "name": "JSHeapUsedSize",
            "value": 10168692
          },
          {
            "name": "JSHeapTotalSize",
            "value": 13631488
          },
          {
            "name": "FirstMeaningfulPaint",
            "value": 45439.710018
          },
          {
            "name": "DomContentLoaded",
            "value": 45439.773106
          },
          {
            "name": "NavigationStart",
            "value": 45437.591191
          }
        ],
        "heapUsage": {
          "backingStorageSize": 2096013,
          "embedderHeapUsedSize": 11647792,
          "totalSize": 13631488,
          "usedSize": 10168692
        },
        "networkRequests": []
      }
    }
  ],
  "summary": {
    "total": 12,
    "passed": 10,
    "failed": 2,
    "skipped": 0
  },
  "webVitals": {
    "lcp": 1644,
    "fid": null,
    "cls": 0.0006863336160526077,
    "fcp": 1644,
    "ttfb": 568.3999999985099,
    "inp": null
  },
  "designAudit": {
    "colorContrast": {
      "passes": [
        {
          "element": "a.ifinsta-visually-hidden",
          "selector": "a.ifinsta-visually-hidden",
          "foreground": "rgb(37, 99, 235)",
          "background": "rgba(0, 0, 0, 0)",
          "ratio": 5.17,
          "requiredAA": 4.5,
          "requiredAAA": 7,
          "level": "AA"
        },
        {
          "element": "div.ifinsta-guest-header__container",
          "selector": "header.ifinsta-guest-header > div.ifinsta-guest-header__container",
          "foreground": "rgb(26, 26, 26)",
          "background": "rgba(0, 0, 0, 0)",
          "ratio": 17.4,
          "requiredAA": 4.5,
          "requiredAAA": 7,
          "level": "AAA"
        },
        {
          "element": "div#guest-mobile-menu.ifinsta-guest-mobile-menu",
          "selector": "#guest-mobile-menu",
          "foreground": "rgb(26, 26, 26)",
          "background": "rgba(0, 0, 0, 0)",
          "ratio": 17.4,
          "requiredAA": 4.5,
          "requiredAAA": 7,
          "level": "AAA"
        },
        {
          "element": "div.ifinsta-guest-mobile-menu__panel",
          "selector": "#guest-mobile-menu > div.ifinsta-guest-mobile-menu__panel",
          "foreground": "rgb(26, 26, 26)",
          "background": "rgb(255, 255, 255)",
          "ratio": 17.4,
          "requiredAA": 4.5,
          "requiredAAA": 7,
          "level": "AAA"
        },
        {
          "element": "div.ifinsta-guest-mobile-menu__header",
          "selector": "#guest-mobile-menu > div.ifinsta-guest-mobile-menu__panel > div.ifinsta-guest-mobile-menu__header",
          "foreground": "rgb(26, 26, 26)",
          "background": "rgba(0, 0, 0, 0)",
          "ratio": 17.4,
          "requiredAA": 4.5,
          "requiredAAA": 7,
          "level": "AAA"
        },
        {
          "element": "span.ifinsta-guest-mobile-menu__title",
          "selector": "#guest-mobile-menu > div.ifinsta-guest-mobile-menu__panel > div.ifinsta-guest-mobile-menu__header > span.ifinsta-guest-mobile-menu__title",
          "foreground": "rgb(117, 117, 117)",
          "background": "rgba(0, 0, 0, 0)",
          "ratio": 4.61,
          "requiredAA": 4.5,
          "requiredAAA": 7,
          "level": "AA"
        },
        {
          "element": "a.ifinsta-guest-mobile-menu__link",
          "selector": "#guest-mobile-menu > div.ifinsta-guest-mobile-menu__panel > nav.ifinsta-guest-mobile-menu__nav > a.ifinsta-guest-mobile-menu__link",
          "foreground": "rgb(26, 26, 26)",
          "background": "rgba(0, 0, 0, 0)",
          "ratio": 17.4,
          "requiredAA": 4.5,
          "requiredAAA": 7,
          "level": "AAA"
        },
        {
          "element": "a.ifinsta-guest-mobile-menu__link",
          "selector": "#guest-mobile-menu > div.ifinsta-guest-mobile-menu__panel > nav.ifinsta-guest-mobile-menu__nav > a.ifinsta-guest-mobile-menu__link",
          "foreground": "rgb(26, 26, 26)",
          "background": "rgba(0, 0, 0, 0)",
          "ratio": 17.4,
          "requiredAA": 4.5,
          "requiredAAA": 7,
          "level": "AAA"
        },
        {
          "element": "span",
          "selector": "div.ifinsta-guest-mobile-menu__panel > nav.ifinsta-guest-mobile-menu__nav > a.ifinsta-guest-mobile-menu__link > span",
          "foreground": "rgb(26, 26, 26)",
          "background": "rgba(0, 0, 0, 0)",
          "ratio": 17.4,
          "requiredAA": 4.5,
          "requiredAAA": 7,
          "level": "AAA"
        },
        {
          "element": "a.ifinsta-guest-mobile-menu__link",
          "selector": "#guest-mobile-menu > div.ifinsta-guest-mobile-menu__panel > nav.ifinsta-guest-mobile-menu__nav > a.ifinsta-guest-mobile-menu__link",
          "foreground": "rgb(26, 26, 26)",
          "background": "rgba(0, 0, 0, 0)",
          "ratio": 17.4,
          "requiredAA": 4.5,
          "requiredAAA": 7,
          "level": "AAA"
        },
        {
          "element": "a.ifinsta-guest-mobile-menu__link",
          "selector": "#guest-mobile-menu > div.ifinsta-guest-mobile-menu__panel > nav.ifinsta-guest-mobile-menu__nav > a.ifinsta-guest-mobile-menu__link",
          "foreground": "rgb(26, 26, 26)",
          "background": "rgba(0, 0, 0, 0)",
          "ratio": 17.4,
          "requiredAA": 4.5,
          "requiredAAA": 7,
          "level": "AAA"
        },
        {
          "element": "a.ifinsta-guest-mobile-menu__link",
          "selector": "#guest-mobile-menu > div.ifinsta-guest-mobile-menu__panel > nav.ifinsta-guest-mobile-menu__nav > a.ifinsta-guest-mobile-menu__link",
          "foreground": "rgb(26, 26, 26)",
          "background": "rgba(0, 0, 0, 0)",
          "ratio": 17.4,
          "requiredAA": 4.5,
          "requiredAAA": 7,
          "level": "AAA"
        },
        {
          "element": "a.ifinsta-guest-mobile-menu__link",
          "selector": "#guest-mobile-menu > div.ifinsta-guest-mobile-menu__panel > nav.ifinsta-guest-mobile-menu__nav > a.ifinsta-guest-mobile-menu__link",
          "foreground": "rgb(26, 26, 26)",
          "background": "rgba(0, 0, 0, 0)",
          "ratio": 17.4,
          "requiredAA": 4.5,
          "requiredAAA": 7,
          "level": "AAA"
        },
        {
          "element": "div.ifinsta-guest-mobile-menu__footer",
          "selector": "#guest-mobile-menu > div.ifinsta-guest-mobile-menu__panel > div.ifinsta-guest-mobile-menu__footer",
          "foreground": "rgb(26, 26, 26)",
          "background": "rgba(0, 0, 0, 0)",
          "ratio": 17.4,
          "requiredAA": 4.5,
          "requiredAAA": 7,
          "level": "AAA"
        },
        {
          "element": "a.ifinsta-guest-btn.ifinsta-guest-btn--primary",
          "selector": "#guest-mobile-menu > div.ifinsta-guest-mobile-menu__panel > div.ifinsta-guest-mobile-menu__footer > a.ifinsta-guest-btn.ifinsta-guest-btn--primary",
          "foreground": "rgb(255, 255, 255)",
          "background": "rgb(37, 99, 235)",
          "ratio": 5.17,
          "requiredAA": 4.5,
          "requiredAAA": 7,
          "level": "AA"
        },
        {
          "element": "div.ifinsta-hero__container",
          "selector": "#main-content > section.ifinsta-hero.welcome-hero-custom > div.ifinsta-hero__container",
          "foreground": "rgb(26, 26, 26)",
          "background": "rgba(0, 0, 0, 0)",
          "ratio": 17.4,
          "requiredAA": 4.5,
          "requiredAAA": 7,
          "level": "AAA"
        },
        {
          "element": "div.welcome-hero-custom__grid",
          "selector": "#main-content > section.ifinsta-hero.welcome-hero-custom > div.ifinsta-hero__container > div.welcome-hero-custom__grid",
          "foreground": "rgb(26, 26, 26)",
          "background": "rgba(0, 0, 0, 0)",
          "ratio": 17.4,
          "requiredAA": 4.5,
          "requiredAAA": 7,
          "level": "AAA"
        },
        {
          "element": "div.ifinsta-hero__content",
          "selector": "section.ifinsta-hero.welcome-hero-custom > div.ifinsta-hero__container > div.welcome-hero-custom__grid > div.ifinsta-hero__content",
          "foreground": "rgb(26, 26, 26)",
          "background": "rgba(0, 0, 0, 0)",
          "ratio": 17.4,
          "requiredAA": 4.5,
          "requiredAAA": 7,
          "level": "AAA"
        },
        {
          "element": "div.welcome-hero__actions",
          "selector": "div.ifinsta-hero__container > div.welcome-hero-custom__grid > div.ifinsta-hero__content > div.welcome-hero__actions",
          "foreground": "rgb(26, 26, 26)",
          "background": "rgba(0, 0, 0, 0)",
          "ratio": 17.4,
          "requiredAA": 4.5,
          "requiredAAA": 7,
          "level": "AAA"
        },
        {
          "element": "a.ifinsta-guest-btn.ifinsta-guest-btn--primary.ifinsta-guest-btn--lg",
          "selector": "div.welcome-hero-custom__grid > div.ifinsta-hero__content > div.welcome-hero__actions > a.ifinsta-guest-btn.ifinsta-guest-btn--primary",
          "foreground": "rgb(255, 255, 255)",
          "background": "rgb(37, 99, 235)",
          "ratio": 5.17,
          "requiredAA": 4.5,
          "requiredAAA": 7,
          "level": "AA"
        },
        {
          "element": "a.ifinsta-guest-btn.ifinsta-guest-btn--secondary.ifinsta-guest-btn--lg",
          "selector": "div.welcome-hero-custom__grid > div.ifinsta-hero__content > div.welcome-hero__actions > a.ifinsta-guest-btn.ifinsta-guest-btn--secondary",
          "foreground": "rgb(26, 26, 26)",
          "background": "rgb(255, 255, 255)",
          "ratio": 17.4,
          "requiredAA": 4.5,
          "requiredAAA": 7,
          "level": "AAA"
        },
        {
          "element": "div.welcome-hero__mockup",
          "selector": "section.ifinsta-hero.welcome-hero-custom > div.ifinsta-hero__container > div.welcome-hero-custom__grid > div.welcome-hero__mockup",
          "foreground": "rgb(26, 26, 26)",
          "background": "rgba(0, 0, 0, 0)",
          "ratio": 17.4,
          "requiredAA": 4.5,
          "requiredAAA": 7,
          "level": "AAA"
        },
        {
          "element": "div.welcome-hero__browser-url",
          "selector": "div.welcome-hero__mockup > div.welcome-hero__browser > div.welcome-hero__browser-header > div.welcome-hero__browser-url",
          "foreground": "rgba(255, 255, 255, 0.4)",
          "background": "rgba(0, 0, 0, 0)",
          "ratio": 14.63,
          "requiredAA": 4.5,
          "requiredAAA": 7,
          "level": "AAA"
        },
        {
          "element": "div.welcome-hero__dash-stat",
          "selector": "div.welcome-hero__dashboard > div.welcome-hero__dash-main > div.welcome-hero__dash-stats > div.welcome-hero__dash-stat",
          "foreground": "rgb(26, 26, 26)",
          "background": "rgba(255, 255, 255, 0.03)",
          "ratio": 17.4,
          "requiredAA": 4.5,
          "requiredAAA": 7,
          "level": "AAA"
        },
        {
          "element": "div.welcome-hero__dash-stat",
          "selector": "div.welcome-hero__dashboard > div.welcome-hero__dash-main > div.welcome-hero__dash-stats > div.welcome-hero__dash-stat",
          "foreground": "rgb(26, 26, 26)",
          "background": "rgba(255, 255, 255, 0.03)",
          "ratio": 17.4,
          "requiredAA": 4.5,
          "requiredAAA": 7,
          "level": "AAA"
        },
        {
          "element": "div.welcome-hero__dash-stat",
          "selector": "div.welcome-hero__dashboard > div.welcome-hero__dash-main > div.welcome-hero__dash-stats > div.welcome-hero__dash-stat",
          "foreground": "rgb(26, 26, 26)",
          "background": "rgba(255, 255, 255, 0.03)",
          "ratio": 17.4,
          "requiredAA": 4.5,
          "requiredAAA": 7,
          "level": "AAA"
        },
        {
          "element": "div.welcome-hero__dash-chart",
          "selector": "div.welcome-hero__browser > div.welcome-hero__dashboard > div.welcome-hero__dash-main > div.welcome-hero__dash-chart",
          "foreground": "rgb(26, 26, 26)",
          "background": "rgba(255, 255, 255, 0.03)",
          "ratio": 17.4,
          "requiredAA": 4.5,
          "requiredAAA": 7,
          "level": "AAA"
        },
        {
          "element": "div.ifinsta-guest-container",
          "selector": "#main-content > section.welcome-logos > div.ifinsta-guest-container",
          "foreground": "rgb(26, 26, 26)",
          "background": "rgba(0, 0, 0, 0)",
          "ratio": 17.4,
          "requiredAA": 4.5,
          "requiredAAA": 7,
          "level": "AAA"
        },
        {
          "element": "div.welcome-logos__grid",
          "selector": "#main-content > section.welcome-logos > div.ifinsta-guest-container > div.welcome-logos__grid",
          "foreground": "rgb(26, 26, 26)",
          "background": "rgba(0, 0, 0, 0)",
          "ratio": 17.4,
          "requiredAA": 4.5,
          "requiredAAA": 7,
          "level": "AAA"
        },
        {
          "element": "div.ifinsta-guest-container",
          "selector": "#main-content > section.welcome-steps > div.ifinsta-guest-container",
          "foreground": "rgb(26, 26, 26)",
          "background": "rgba(0, 0, 0, 0)",
          "ratio": 17.4,
          "requiredAA": 4.5,
          "requiredAAA": 7,
          "level": "AAA"
        },
        {
          "element": "div.welcome-steps__header",
          "selector": "#main-content > section.welcome-steps > div.ifinsta-guest-container > div.welcome-steps__header",
          "foreground": "rgb(26, 26, 26)",
          "background": "rgba(0, 0, 0, 0)",
          "ratio": 17.4,
          "requiredAA": 4.5,
          "requiredAAA": 7,
          "level": "AAA"
        },
        {
          "element": "h2.welcome-steps__title",
          "selector": "section.welcome-steps > div.ifinsta-guest-container > div.welcome-steps__header > h2.welcome-steps__title",
          "foreground": "rgb(26, 26, 26)",
          "background": "rgba(0, 0, 0, 0)",
          "ratio": 17.4,
          "requiredAA": 3,
          "requiredAAA": 4.5,
          "level": "AAA"
        },
        {
          "element": "p.welcome-steps__lead",
          "selector": "section.welcome-steps > div.ifinsta-guest-container > div.welcome-steps__header > p.welcome-steps__lead",
          "foreground": "rgb(100, 116, 139)",
          "background": "rgba(0, 0, 0, 0)",
          "ratio": 4.76,
          "requiredAA": 4.5,
          "requiredAAA": 7,
          "level": "AA"
        },
        {
          "element": "div.welcome-steps__grid",
          "selector": "#main-content > section.welcome-steps > div.ifinsta-guest-container > div.welcome-steps__grid",
          "foreground": "rgb(26, 26, 26)",
          "background": "rgba(0, 0, 0, 0)",
          "ratio": 17.4,
          "requiredAA": 4.5,
          "requiredAAA": 7,
          "level": "AAA"
        },
        {
          "element": "div.welcome-step",
          "selector": "section.welcome-steps > div.ifinsta-guest-container > div.welcome-steps__grid > div.welcome-step",
          "foreground": "rgb(26, 26, 26)",
          "background": "rgba(0, 0, 0, 0)",
          "ratio": 17.4,
          "requiredAA": 4.5,
          "requiredAAA": 7,
          "level": "AAA"
        },
        {
          "element": "h3.welcome-step__title",
          "selector": "div.ifinsta-guest-container > div.welcome-steps__grid > div.welcome-step > h3.welcome-step__title",
          "foreground": "rgb(26, 26, 26)",
          "background": "rgba(0, 0, 0, 0)",
          "ratio": 17.4,
          "requiredAA": 4.5,
          "requiredAAA": 7,
          "level": "AAA"
        },
        {
          "element": "p.welcome-step__desc",
          "selector": "div.ifinsta-guest-container > div.welcome-steps__grid > div.welcome-step > p.welcome-step__desc",
          "foreground": "rgb(80, 80, 80)",
          "background": "rgba(0, 0, 0, 0)",
          "ratio": 8.06,
          "requiredAA": 4.5,
          "requiredAAA": 7,
          "level": "AAA"
        },
        {
          "element": "div.welcome-step",
          "selector": "section.welcome-steps > div.ifinsta-guest-container > div.welcome-steps__grid > div.welcome-step",
          "foreground": "rgb(26, 26, 26)",
          "background": "rgba(0, 0, 0, 0)",
          "ratio": 17.4,
          "requiredAA": 4.5,
          "requiredAAA": 7,
          "level": "AAA"
        },
        {
          "element": "h3.welcome-step__title",
          "selector": "div.ifinsta-guest-container > div.welcome-steps__grid > div.welcome-step > h3.welcome-step__title",
          "foreground": "rgb(26, 26, 26)",
          "background": "rgba(0, 0, 0, 0)",
          "ratio": 17.4,
          "requiredAA": 4.5,
          "requiredAAA": 7,
          "level": "AAA"
        },
        {
          "element": "p.welcome-step__desc",
          "selector": "div.ifinsta-guest-container > div.welcome-steps__grid > div.welcome-step > p.welcome-step__desc",
          "foreground": "rgb(80, 80, 80)",
          "background": "rgba(0, 0, 0, 0)",
          "ratio": 8.06,
          "requiredAA": 4.5,
          "requiredAAA": 7,
          "level": "AAA"
        },
        {
          "element": "div.welcome-step",
          "selector": "section.welcome-steps > div.ifinsta-guest-container > div.welcome-steps__grid > div.welcome-step",
          "foreground": "rgb(26, 26, 26)",
          "background": "rgba(0, 0, 0, 0)",
          "ratio": 17.4,
          "requiredAA": 4.5,
          "requiredAAA": 7,
          "level": "AAA"
        },
        {
          "element": "h3.welcome-step__title",
          "selector": "div.ifinsta-guest-container > div.welcome-steps__grid > div.welcome-step > h3.welcome-step__title",
          "foreground": "rgb(26, 26, 26)",
          "background": "rgba(0, 0, 0, 0)",
          "ratio": 17.4,
          "requiredAA": 4.5,
          "requiredAAA": 7,
          "level": "AAA"
        },
        {
          "element": "p.welcome-step__desc",
          "selector": "div.ifinsta-guest-container > div.welcome-steps__grid > div.welcome-step > p.welcome-step__desc",
          "foreground": "rgb(80, 80, 80)",
          "background": "rgba(0, 0, 0, 0)",
          "ratio": 8.06,
          "requiredAA": 4.5,
          "requiredAAA": 7,
          "level": "AAA"
        },
        {
          "element": "div.ifinsta-guest-container",
          "selector": "#main-content > section.welcome-discover > div.ifinsta-guest-container",
          "foreground": "rgb(26, 26, 26)",
          "background": "rgba(0, 0, 0, 0)",
          "ratio": 17.4,
          "requiredAA": 4.5,
          "requiredAAA": 7,
          "level": "AAA"
        },
        {
          "element": "div.welcome-discover__shell",
          "selector": "#main-content > section.welcome-discover > div.ifinsta-guest-container > div.welcome-discover__shell",
          "foreground": "rgb(26, 26, 26)",
          "background": "rgba(0, 0, 0, 0)",
          "ratio": 17.4,
          "requiredAA": 4.5,
          "requiredAAA": 7,
          "level": "AAA"
        },
        {
          "element": "div#discoverFilters.welcome-discover__intro",
          "selector": "#discoverFilters",
          "foreground": "rgb(26, 26, 26)",
          "background": "rgba(0, 0, 0, 0)",
          "ratio": 17.4,
          "requiredAA": 4.5,
          "requiredAAA": 7,
          "level": "AAA"
        },
        {
          "element": "h2.welcome-discover__intro-title",
          "selector": "#discoverFilters > h2.welcome-discover__intro-title",
          "foreground": "rgb(26, 26, 26)",
          "background": "rgba(0, 0, 0, 0)",
          "ratio": 17.4,
          "requiredAA": 3,
          "requiredAAA": 4.5,
          "level": "AAA"
        },
        {
          "element": "p.welcome-discover__intro-text",
          "selector": "#discoverFilters > p.welcome-discover__intro-text",
          "foreground": "rgb(80, 80, 80)",
          "background": "rgba(0, 0, 0, 0)",
          "ratio": 8.06,
          "requiredAA": 4.5,
          "requiredAAA": 7,
          "level": "AAA"
        },
        {
          "element": "div.dfilter__group",
          "selector": "#discoverFilters > div.dfilter__group",
          "foreground": "rgb(26, 26, 26)",
          "background": "rgba(0, 0, 0, 0)",
          "ratio": 17.4,
          "requiredAA": 4.5,
          "requiredAAA": 7,
          "level": "AAA"
        },
        {
          "element": "span.dfilter__label",
          "selector": "#discoverFilters > div.dfilter__group > span.dfilter__label",
          "foreground": "rgb(100, 116, 139)",
          "background": "rgba(0, 0, 0, 0)",
          "ratio": 4.76,
          "requiredAA": 4.5,
          "requiredAAA": 7,
          "level": "AA"
        },
        {
          "element": "div.dfilter__chips",
          "selector": "#discoverFilters > div.dfilter__group > div.dfilter__chips",
          "foreground": "rgb(26, 26, 26)",
          "background": "rgba(0, 0, 0, 0)",
          "ratio": 17.4,
          "requiredAA": 4.5,
          "requiredAAA": 7,
          "level": "AAA"
        },
        {
          "element": "button.dfilter__chip",
          "selector": "#discoverFilters > div.dfilter__group > div.dfilter__chips > button.dfilter__chip",
          "foreground": "rgb(51, 65, 85)",
          "background": "rgba(255, 255, 255, 0.84)",
          "ratio": 10.35,
          "requiredAA": 4.5,
          "requiredAAA": 7,
          "level": "AAA"
        },
        {
          "element": "div.dfilter__group",
          "selector": "#discoverFilters > div.dfilter__group",
          "foreground": "rgb(26, 26, 26)",
          "background": "rgba(0, 0, 0, 0)",
          "ratio": 17.4,
          "requiredAA": 4.5,
          "requiredAAA": 7,
          "level": "AAA"
        },
        {
          "element": "span.dfilter__label",
          "selector": "#discoverFilters > div.dfilter__group > span.dfilter__label",
          "foreground": "rgb(100, 116, 139)",
          "background": "rgba(0, 0, 0, 0)",
          "ratio": 4.76,
          "requiredAA": 4.5,
          "requiredAAA": 7,
          "level": "AA"
        },
        {
          "element": "div.dfilter__price-list",
          "selector": "#discoverFilters > div.dfilter__group > div.dfilter__price-list",
          "foreground": "rgb(26, 26, 26)",
          "background": "rgba(0, 0, 0, 0)",
          "ratio": 17.4,
          "requiredAA": 4.5,
          "requiredAAA": 7,
          "level": "AAA"
        },
        {
          "element": "label.dfilter__radio",
          "selector": "#discoverFilters > div.dfilter__group > div.dfilter__price-list > label.dfilter__radio",
          "foreground": "rgb(71, 85, 105)",
          "background": "rgba(0, 0, 0, 0)",
          "ratio": 7.58,
          "requiredAA": 4.5,
          "requiredAAA": 7,
          "level": "AAA"
        },
        {
          "element": "span.dfilter__radio-text",
          "selector": "div.dfilter__group > div.dfilter__price-list > label.dfilter__radio > span.dfilter__radio-text",
          "foreground": "rgb(26, 26, 26)",
          "background": "rgba(0, 0, 0, 0)",
          "ratio": 17.4,
          "requiredAA": 4.5,
          "requiredAAA": 7,
          "level": "AAA"
        },
        {
          "element": "label.dfilter__radio",
          "selector": "#discoverFilters > div.dfilter__group > div.dfilter__price-list > label.dfilter__radio",
          "foreground": "rgb(71, 85, 105)",
          "background": "rgba(0, 0, 0, 0)",
          "ratio": 7.58,
          "requiredAA": 4.5,
          "requiredAAA": 7,
          "level": "AAA"
        },
        {
          "element": "span.dfilter__radio-text",
          "selector": "div.dfilter__group > div.dfilter__price-list > label.dfilter__radio > span.dfilter__radio-text",
          "foreground": "rgb(71, 85, 105)",
          "background": "rgba(0, 0, 0, 0)",
          "ratio": 7.58,
          "requiredAA": 4.5,
          "requiredAAA": 7,
          "level": "AAA"
        },
        {
          "element": "label.dfilter__radio",
          "selector": "#discoverFilters > div.dfilter__group > div.dfilter__price-list > label.dfilter__radio",
          "foreground": "rgb(71, 85, 105)",
          "background": "rgba(0, 0, 0, 0)",
          "ratio": 7.58,
          "requiredAA": 4.5,
          "requiredAAA": 7,
          "level": "AAA"
        },
        {
          "element": "span.dfilter__radio-text",
          "selector": "div.dfilter__group > div.dfilter__price-list > label.dfilter__radio > span.dfilter__radio-text",
          "foreground": "rgb(71, 85, 105)",
          "background": "rgba(0, 0, 0, 0)",
          "ratio": 7.58,
          "requiredAA": 4.5,
          "requiredAAA": 7,
          "level": "AAA"
        },
        {
          "element": "label.dfilter__radio",
          "selector": "#discoverFilters > div.dfilter__group > div.dfilter__price-list > label.dfilter__radio",
          "foreground": "rgb(71, 85, 105)",
          "background": "rgba(0, 0, 0, 0)",
          "ratio": 7.58,
          "requiredAA": 4.5,
          "requiredAAA": 7,
          "level": "AAA"
        },
        {
          "element": "span.dfilter__radio-text",
          "selector": "div.dfilter__group > div.dfilter__price-list > label.dfilter__radio > span.dfilter__radio-text",
          "foreground": "rgb(71, 85, 105)",
          "background": "rgba(0, 0, 0, 0)",
          "ratio": 7.58,
          "requiredAA": 4.5,
          "requiredAAA": 7,
          "level": "AAA"
        },
        {
          "element": "label.dfilter__radio",
          "selector": "#discoverFilters > div.dfilter__group > div.dfilter__price-list > label.dfilter__radio",
          "foreground": "rgb(71, 85, 105)",
          "background": "rgba(0, 0, 0, 0)",
          "ratio": 7.58,
          "requiredAA": 4.5,
          "requiredAAA": 7,
          "level": "AAA"
        },
        {
          "element": "span.dfilter__radio-text",
          "selector": "div.dfilter__group > div.dfilter__price-list > label.dfilter__radio > span.dfilter__radio-text",
          "foreground": "rgb(71, 85, 105)",
          "background": "rgba(0, 0, 0, 0)",
          "ratio": 7.58,
          "requiredAA": 4.5,
          "requiredAAA": 7,
          "level": "AAA"
        },
        {
          "element": "div.dfilter__group",
          "selector": "#discoverFilters > div.dfilter__group",
          "foreground": "rgb(26, 26, 26)",
          "background": "rgba(0, 0, 0, 0)",
          "ratio": 17.4,
          "requiredAA": 4.5,
          "requiredAAA": 7,
          "level": "AAA"
        },
        {
          "element": "span.dfilter__label",
          "selector": "#discoverFilters > div.dfilter__group > span.dfilter__label",
          "foreground": "rgb(100, 116, 139)",
          "background": "rgba(0, 0, 0, 0)",
          "ratio": 4.76,
          "requiredAA": 4.5,
          "requiredAAA": 7,
          "level": "AA"
        },
        {
          "element": "div.dfilter__sort",
          "selector": "#discoverFilters > div.dfilter__group > div.dfilter__sort",
          "foreground": "rgb(26, 26, 26)",
          "background": "rgba(0, 0, 0, 0)",
          "ratio": 17.4,
          "requiredAA": 4.5,
          "requiredAAA": 7,
          "level": "AAA"
        },
        {
          "element": "button.dfilter__sort-btn",
          "selector": "#discoverFilters > div.dfilter__group > div.dfilter__sort > button.dfilter__sort-btn",
          "foreground": "rgb(51, 65, 85)",
          "background": "rgba(255, 255, 255, 0.84)",
          "ratio": 10.35,
          "requiredAA": 4.5,
          "requiredAAA": 7,
          "level": "AAA"
        },
        {
          "element": "button.dfilter__sort-btn",
          "selector": "#discoverFilters > div.dfilter__group > div.dfilter__sort > button.dfilter__sort-btn",
          "foreground": "rgb(51, 65, 85)",
          "background": "rgba(255, 255, 255, 0.84)",
          "ratio": 10.35,
          "requiredAA": 4.5,
          "requiredAAA": 7,
          "level": "AAA"
        },
        {
          "element": "a#discoverCtaLink.ifinsta-guest-btn.ifinsta-guest-btn--primary.dfilter__cta",
          "selector": "#discoverCtaLink",
          "foreground": "rgb(255, 255, 255)",
          "background": "rgb(37, 99, 235)",
          "ratio": 5.17,
          "requiredAA": 4.5,
          "requiredAAA": 7,
          "level": "AA"
        },
        {
          "element": "div.welcome-discover__products-panel.welcome-discover__products-panel--overflowing",
          "selector": "section.welcome-discover > div.ifinsta-guest-container > div.welcome-discover__shell > div.welcome-discover__products-panel.welcome-discover__products-panel--overflowing",
          "foreground": "rgb(26, 26, 26)",
          "background": "rgba(0, 0, 0, 0)",
          "ratio": 17.4,
          "requiredAA": 4.5,
          "requiredAAA": 7,
          "level": "AAA"
        },
        {
          "element": "div.welcome-discover__products-head",
          "selector": "div.ifinsta-guest-container > div.welcome-discover__shell > div.welcome-discover__products-panel.welcome-discover__products-panel--overflowing > div.welcome-discover__products-head",
          "foreground": "rgb(26, 26, 26)",
          "background": "rgba(0, 0, 0, 0)",
          "ratio": 17.4,
          "requiredAA": 4.5,
          "requiredAAA": 7,
          "level": "AAA"
        },
        {
          "element": "div",
          "selector": "div.welcome-discover__shell > div.welcome-discover__products-panel.welcome-discover__products-panel--overflowing > div.welcome-discover__products-head > div",
          "foreground": "rgb(26, 26, 26)",
          "background": "rgba(0, 0, 0, 0)",
          "ratio": 17.4,
          "requiredAA": 4.5,
          "requiredAAA": 7,
          "level": "AAA"
        },
        {
          "element": "p.welcome-discover__products-kicker",
          "selector": "div.welcome-discover__products-panel.welcome-discover__products-panel--overflowing > div.welcome-discover__products-head > div > p.welcome-discover__products-kicker",
          "foreground": "rgb(100, 116, 139)",
          "background": "rgba(0, 0, 0, 0)",
          "ratio": 4.76,
          "requiredAA": 4.5,
          "requiredAAA": 7,
          "level": "AA"
        },
        {
          "element": "h3.welcome-discover__products-title",
          "selector": "div.welcome-discover__products-panel.welcome-discover__products-panel--overflowing > div.welcome-discover__products-head > div > h3.welcome-discover__products-title",
          "foreground": "rgb(26, 26, 26)",
          "background": "rgba(0, 0, 0, 0)",
          "ratio": 17.4,
          "requiredAA": 3,
          "requiredAAA": 4.5,
          "level": "AAA"
        },
        {
          "element": "p.welcome-discover__products-meta",
          "selector": "div.welcome-discover__products-panel.welcome-discover__products-panel--overflowing > div.welcome-discover__products-head > div > p.welcome-discover__products-meta",
          "foreground": "rgb(80, 80, 80)",
          "background": "rgba(0, 0, 0, 0)",
          "ratio": 8.06,
          "requiredAA": 4.5,
          "requiredAAA": 7,
          "level": "AAA"
        },
        {
          "element": "span#discoverRailHint.welcome-discover__products-note",
          "selector": "#discoverRailHint",
          "foreground": "rgb(100, 116, 139)",
          "background": "rgba(0, 0, 0, 0)",
          "ratio": 4.76,
          "requiredAA": 4.5,
          "requiredAAA": 7,
          "level": "AA"
        },
        {
          "element": "div#discoverProductsRail.welcome-discover__rail.welcome-discover__rail--overflowing",
          "selector": "#discoverProductsRail",
          "foreground": "rgb(26, 26, 26)",
          "background": "rgba(0, 0, 0, 0)",
          "ratio": 17.4,
          "requiredAA": 4.5,
          "requiredAAA": 7,
          "level": "AAA"
        },
        {
          "element": "div#discoverProducts.welcome-discover__products",
          "selector": "#discoverProducts",
          "foreground": "rgb(26, 26, 26)",
          "background": "rgba(0, 0, 0, 0)",
          "ratio": 17.4,
          "requiredAA": 4.5,
          "requiredAAA": 7,
          "level": "AAA"
        },
        {
          "element": "a.welcome-discover-card",
          "selector": "#discoverProducts > a.welcome-discover-card",
          "foreground": "rgb(37, 99, 235)",
          "background": "rgba(0, 0, 0, 0)",
          "ratio": 5.17,
          "requiredAA": 4.5,
          "requiredAAA": 7,
          "level": "AA"
        },
        {
          "element": "div.welcome-discover-card__media",
          "selector": "#discoverProducts > a.welcome-discover-card > div.welcome-discover-card__media",
          "foreground": "rgb(37, 99, 235)",
          "background": "rgba(0, 0, 0, 0)",
          "ratio": 5.17,
          "requiredAA": 4.5,
          "requiredAAA": 7,
          "level": "AA"
        },
        {
          "element": "div.welcome-discover-card__body",
          "selector": "#discoverProducts > a.welcome-discover-card > div.welcome-discover-card__body",
          "foreground": "rgb(37, 99, 235)",
          "background": "rgba(0, 0, 0, 0)",
          "ratio": 5.17,
          "requiredAA": 4.5,
          "requiredAAA": 7,
          "level": "AA"
        },
        {
          "element": "div.welcome-discover-card__price",
          "selector": "#discoverProducts > a.welcome-discover-card > div.welcome-discover-card__body > div.welcome-discover-card__price",
          "foreground": "rgb(15, 118, 110)",
          "background": "rgba(0, 0, 0, 0)",
          "ratio": 5.47,
          "requiredAA": 3,
          "requiredAAA": 4.5,
          "level": "AAA"
        },
        {
          "element": "h3.welcome-discover-card__title",
          "selector": "#discoverProducts > a.welcome-discover-card > div.welcome-discover-card__body > h3.welcome-discover-card__title",
          "foreground": "rgb(26, 26, 26)",
          "background": "rgba(0, 0, 0, 0)",
          "ratio": 17.4,
          "requiredAA": 3,
          "requiredAAA": 4.5,
          "level": "AAA"
        },
        {
          "element": "p.welcome-discover-card__meta",
          "selector": "#discoverProducts > a.welcome-discover-card > div.welcome-discover-card__body > p.welcome-discover-card__meta",
          "foreground": "rgb(37, 99, 235)",
          "background": "rgba(0, 0, 0, 0)",
          "ratio": 5.17,
          "requiredAA": 4.5,
          "requiredAAA": 7,
          "level": "AA"
        },
        {
          "element": "span.welcome-discover-card__meta-label",
          "selector": "a.welcome-discover-card > div.welcome-discover-card__body > p.welcome-discover-card__meta > span.welcome-discover-card__meta-label",
          "foreground": "rgb(100, 116, 139)",
          "background": "rgba(0, 0, 0, 0)",
          "ratio": 4.76,
          "requiredAA": 4.5,
          "requiredAAA": 7,
          "level": "AA"
        },
        {
          "element": "span.welcome-discover-card__meta-value",
          "selector": "a.welcome-discover-card > div.welcome-discover-card__body > p.welcome-discover-card__meta > span.welcome-discover-card__meta-value",
          "foreground": "rgb(71, 85, 105)",
          "background": "rgba(0, 0, 0, 0)",
          "ratio": 7.58,
          "requiredAA": 4.5,
          "requiredAAA": 7,
          "level": "AAA"
        },
        {
          "element": "a.welcome-discover-card",
          "selector": "#discoverProducts > a.welcome-discover-card",
          "foreground": "rgb(37, 99, 235)",
          "background": "rgba(0, 0, 0, 0)",
          "ratio": 5.17,
          "requiredAA": 4.5,
          "requiredAAA": 7,
          "level": "AA"
        },
        {
          "element": "div.welcome-discover-card__media",
          "selector": "#discoverProducts > a.welcome-discover-card > div.welcome-discover-card__media",
          "foreground": "rgb(37, 99, 235)",
          "background": "rgba(0, 0, 0, 0)",
          "ratio": 5.17,
          "requiredAA": 4.5,
          "requiredAAA": 7,
          "level": "AA"
        },
        {
          "element": "div.welcome-discover-card__body",
          "selector": "#discoverProducts > a.welcome-discover-card > div.welcome-discover-card__body",
          "foreground": "rgb(37, 99, 235)",
          "background": "rgba(0, 0, 0, 0)",
          "ratio": 5.17,
          "requiredAA": 4.5,
          "requiredAAA": 7,
          "level": "AA"
        },
        {
          "element": "div.welcome-discover-card__price",
          "selector": "#discoverProducts > a.welcome-discover-card > div.welcome-discover-card__body > div.welcome-discover-card__price",
          "foreground": "rgb(15, 118, 110)",
          "background": "rgba(0, 0, 0, 0)",
          "ratio": 5.47,
          "requiredAA": 3,
          "requiredAAA": 4.5,
          "level": "AAA"
        },
        {
          "element": "h3.welcome-discover-card__title",
          "selector": "#discoverProducts > a.welcome-discover-card > div.welcome-discover-card__body > h3.welcome-discover-card__title",
          "foreground": "rgb(26, 26, 26)",
          "background": "rgba(0, 0, 0, 0)",
          "ratio": 17.4,
          "requiredAA": 3,
          "requiredAAA": 4.5,
          "level": "AAA"
        },
        {
          "element": "p.welcome-discover-card__meta",
          "selector": "#discoverProducts > a.welcome-discover-card > div.welcome-discover-card__body > p.welcome-discover-card__meta",
          "foreground": "rgb(37, 99, 235)",
          "background": "rgba(0, 0, 0, 0)",
          "ratio": 5.17,
          "requiredAA": 4.5,
          "requiredAAA": 7,
          "level": "AA"
        },
        {
          "element": "span.welcome-discover-card__meta-label",
          "selector": "a.welcome-discover-card > div.welcome-discover-card__body > p.welcome-discover-card__meta > span.welcome-discover-card__meta-label",
          "foreground": "rgb(100, 116, 139)",
          "background": "rgba(0, 0, 0, 0)",
          "ratio": 4.76,
          "requiredAA": 4.5,
          "requiredAAA": 7,
          "level": "AA"
        },
        {
          "element": "span.welcome-discover-card__meta-value",
          "selector": "a.welcome-discover-card > div.welcome-discover-card__body > p.welcome-discover-card__meta > span.welcome-discover-card__meta-value",
          "foreground": "rgb(71, 85, 105)",
          "background": "rgba(0, 0, 0, 0)",
          "ratio": 7.58,
          "requiredAA": 4.5,
          "requiredAAA": 7,
          "level": "AAA"
        },
        {
          "element": "a.welcome-discover-card",
          "selector": "#discoverProducts > a.welcome-discover-card",
          "foreground": "rgb(37, 99, 235)",
          "background": "rgba(0, 0, 0, 0)",
          "ratio": 5.17,
          "requiredAA": 4.5,
          "requiredAAA": 7,
          "level": "AA"
        },
        {
          "element": "div.welcome-discover-card__media",
          "selector": "#discoverProducts > a.welcome-discover-card > div.welcome-discover-card__media",
          "foreground": "rgb(37, 99, 235)",
          "background": "rgba(0, 0, 0, 0)",
          "ratio": 5.17,
          "requiredAA": 4.5,
          "requiredAAA": 7,
          "level": "AA"
        },
        {
          "element": "div.welcome-discover-card__body",
          "selector": "#discoverProducts > a.welcome-discover-card > div.welcome-discover-card__body",
          "foreground": "rgb(37, 99, 235)",
          "background": "rgba(0, 0, 0, 0)",
          "ratio": 5.17,
          "requiredAA": 4.5,
          "requiredAAA": 7,
          "level": "AA"
        },
        {
          "element": "div.welcome-discover-card__price",
          "selector": "#discoverProducts > a.welcome-discover-card > div.welcome-discover-card__body > div.welcome-discover-card__price",
          "foreground": "rgb(15, 118, 110)",
          "background": "rgba(0, 0, 0, 0)",
          "ratio": 5.47,
          "requiredAA": 3,
          "requiredAAA": 4.5,
          "level": "AAA"
        },
        {
          "element": "h3.welcome-discover-card__title",
          "selector": "#discoverProducts > a.welcome-discover-card > div.welcome-discover-card__body > h3.welcome-discover-card__title",
          "foreground": "rgb(26, 26, 26)",
          "background": "rgba(0, 0, 0, 0)",
          "ratio": 17.4,
          "requiredAA": 3,
          "requiredAAA": 4.5,
          "level": "AAA"
        },
        {
          "element": "p.welcome-discover-card__meta",
          "selector": "#discoverProducts > a.welcome-discover-card > div.welcome-discover-card__body > p.welcome-discover-card__meta",
          "foreground": "rgb(37, 99, 235)",
          "background": "rgba(0, 0, 0, 0)",
          "ratio": 5.17,
          "requiredAA": 4.5,
          "requiredAAA": 7,
          "level": "AA"
        },
        {
          "element": "span.welcome-discover-card__meta-label",
          "selector": "a.welcome-discover-card > div.welcome-discover-card__body > p.welcome-discover-card__meta > span.welcome-discover-card__meta-label",
          "foreground": "rgb(100, 116, 139)",
          "background": "rgba(0, 0, 0, 0)",
          "ratio": 4.76,
          "requiredAA": 4.5,
          "requiredAAA": 7,
          "level": "AA"
        },
        {
          "element": "span.welcome-discover-card__meta-value",
          "selector": "a.welcome-discover-card > div.welcome-discover-card__body > p.welcome-discover-card__meta > span.welcome-discover-card__meta-value",
          "foreground": "rgb(71, 85, 105)",
          "background": "rgba(0, 0, 0, 0)",
          "ratio": 7.58,
          "requiredAA": 4.5,
          "requiredAAA": 7,
          "level": "AAA"
        },
        {
          "element": "div.ifinsta-guest-container",
          "selector": "#main-content > section.welcome-features > div.ifinsta-guest-container",
          "foreground": "rgb(26, 26, 26)",
          "background": "rgba(0, 0, 0, 0)",
          "ratio": 17.4,
          "requiredAA": 4.5,
          "requiredAAA": 7,
          "level": "AAA"
        }
      ],
      "violations": [
        {
          "element": "span.ifinsta-hero__eyebrow",
          "selector": "div.ifinsta-hero__container > div.welcome-hero-custom__grid > div.ifinsta-hero__content > span.ifinsta-hero__eyebrow",
          "foreground": "rgb(96, 165, 250)",
          "background": "rgba(59, 130, 246, 0.15)",
          "ratio": 1.45,
          "requiredAA": 4.5,
          "requiredAAA": 7,
          "level": "fail"
        },
        {
          "element": "h1.ifinsta-hero__title",
          "selector": "div.ifinsta-hero__container > div.welcome-hero-custom__grid > div.ifinsta-hero__content > h1.ifinsta-hero__title",
          "foreground": "rgb(255, 255, 255)",
          "background": "rgba(0, 0, 0, 0)",
          "ratio": 1,
          "requiredAA": 3,
          "requiredAAA": 4.5,
          "level": "fail"
        },
        {
          "element": "p.ifinsta-hero__subtitle",
          "selector": "div.ifinsta-hero__container > div.welcome-hero-custom__grid > div.ifinsta-hero__content > p.ifinsta-hero__subtitle",
          "foreground": "rgba(255, 255, 255, 0.8)",
          "background": "rgba(0, 0, 0, 0)",
          "ratio": 1,
          "requiredAA": 4.5,
          "requiredAAA": 7,
          "level": "fail"
        },
        {
          "element": "div.welcome-hero__trust",
          "selector": "div.ifinsta-hero__container > div.welcome-hero-custom__grid > div.ifinsta-hero__content > div.welcome-hero__trust",
          "foreground": "rgba(255, 255, 255, 0.7)",
          "background": "rgba(0, 0, 0, 0)",
          "ratio": 1,
          "requiredAA": 4.5,
          "requiredAAA": 7,
          "level": "fail"
        },
        {
          "element": "div.welcome-hero__trust-item",
          "selector": "div.welcome-hero-custom__grid > div.ifinsta-hero__content > div.welcome-hero__trust > div.welcome-hero__trust-item",
          "foreground": "rgba(255, 255, 255, 0.7)",
          "background": "rgba(0, 0, 0, 0)",
          "ratio": 1,
          "requiredAA": 4.5,
          "requiredAAA": 7,
          "level": "fail"
        },
        {
          "element": "div.welcome-hero__trust-item",
          "selector": "div.welcome-hero-custom__grid > div.ifinsta-hero__content > div.welcome-hero__trust > div.welcome-hero__trust-item",
          "foreground": "rgba(255, 255, 255, 0.7)",
          "background": "rgba(0, 0, 0, 0)",
          "ratio": 1,
          "requiredAA": 4.5,
          "requiredAAA": 7,
          "level": "fail"
        },
        {
          "element": "div.welcome-hero__trust-item",
          "selector": "div.welcome-hero-custom__grid > div.ifinsta-hero__content > div.welcome-hero__trust > div.welcome-hero__trust-item",
          "foreground": "rgba(255, 255, 255, 0.7)",
          "background": "rgba(0, 0, 0, 0)",
          "ratio": 1,
          "requiredAA": 4.5,
          "requiredAAA": 7,
          "level": "fail"
        },
        {
          "element": "div.welcome-hero__browser",
          "selector": "div.ifinsta-hero__container > div.welcome-hero-custom__grid > div.welcome-hero__mockup > div.welcome-hero__browser",
          "foreground": "rgb(26, 26, 26)",
          "background": "rgb(15, 23, 42)",
          "ratio": 1.03,
          "requiredAA": 4.5,
          "requiredAAA": 7,
          "level": "fail"
        },
        {
          "element": "div.welcome-hero__browser-header",
          "selector": "div.welcome-hero-custom__grid > div.welcome-hero__mockup > div.welcome-hero__browser > div.welcome-hero__browser-header",
          "foreground": "rgb(26, 26, 26)",
          "background": "rgb(30, 41, 59)",
          "ratio": 1.19,
          "requiredAA": 4.5,
          "requiredAAA": 7,
          "level": "fail"
        },
        {
          "element": "div.welcome-hero__dashboard",
          "selector": "div.welcome-hero-custom__grid > div.welcome-hero__mockup > div.welcome-hero__browser > div.welcome-hero__dashboard",
          "foreground": "rgb(26, 26, 26)",
          "background": "rgba(0, 0, 0, 0)",
          "ratio": 1.03,
          "requiredAA": 4.5,
          "requiredAAA": 7,
          "level": "fail"
        },
        {
          "element": "div.welcome-hero__dash-main",
          "selector": "div.welcome-hero__mockup > div.welcome-hero__browser > div.welcome-hero__dashboard > div.welcome-hero__dash-main",
          "foreground": "rgb(26, 26, 26)",
          "background": "rgba(0, 0, 0, 0)",
          "ratio": 1.03,
          "requiredAA": 4.5,
          "requiredAAA": 7,
          "level": "fail"
        },
        {
          "element": "div.welcome-hero__dash-stats",
          "selector": "div.welcome-hero__browser > div.welcome-hero__dashboard > div.welcome-hero__dash-main > div.welcome-hero__dash-stats",
          "foreground": "rgb(26, 26, 26)",
          "background": "rgba(0, 0, 0, 0)",
          "ratio": 1.03,
          "requiredAA": 4.5,
          "requiredAAA": 7,
          "level": "fail"
        },
        {
          "element": "div.welcome-hero__dash-stat-label",
          "selector": "div.welcome-hero__dash-main > div.welcome-hero__dash-stats > div.welcome-hero__dash-stat > div.welcome-hero__dash-stat-label",
          "foreground": "rgba(255, 255, 255, 0.4)",
          "background": "rgba(0, 0, 0, 0)",
          "ratio": 1,
          "requiredAA": 4.5,
          "requiredAAA": 7,
          "level": "fail"
        },
        {
          "element": "div.welcome-hero__dash-stat-value",
          "selector": "div.welcome-hero__dash-main > div.welcome-hero__dash-stats > div.welcome-hero__dash-stat > div.welcome-hero__dash-stat-value",
          "foreground": "rgb(255, 255, 255)",
          "background": "rgba(0, 0, 0, 0)",
          "ratio": 1,
          "requiredAA": 4.5,
          "requiredAAA": 7,
          "level": "fail"
        },
        {
          "element": "div.welcome-hero__dash-stat-change",
          "selector": "div.welcome-hero__dash-main > div.welcome-hero__dash-stats > div.welcome-hero__dash-stat > div.welcome-hero__dash-stat-change",
          "foreground": "rgb(16, 185, 129)",
          "background": "rgba(0, 0, 0, 0)",
          "ratio": 2.54,
          "requiredAA": 4.5,
          "requiredAAA": 7,
          "level": "fail"
        },
        {
          "element": "div.welcome-hero__dash-stat-label",
          "selector": "div.welcome-hero__dash-main > div.welcome-hero__dash-stats > div.welcome-hero__dash-stat > div.welcome-hero__dash-stat-label",
          "foreground": "rgba(255, 255, 255, 0.4)",
          "background": "rgba(0, 0, 0, 0)",
          "ratio": 1,
          "requiredAA": 4.5,
          "requiredAAA": 7,
          "level": "fail"
        },
        {
          "element": "div.welcome-hero__dash-stat-value",
          "selector": "div.welcome-hero__dash-main > div.welcome-hero__dash-stats > div.welcome-hero__dash-stat > div.welcome-hero__dash-stat-value",
          "foreground": "rgb(255, 255, 255)",
          "background": "rgba(0, 0, 0, 0)",
          "ratio": 1,
          "requiredAA": 4.5,
          "requiredAAA": 7,
          "level": "fail"
        },
        {
          "element": "div.welcome-hero__dash-stat-change",
          "selector": "div.welcome-hero__dash-main > div.welcome-hero__dash-stats > div.welcome-hero__dash-stat > div.welcome-hero__dash-stat-change",
          "foreground": "rgb(16, 185, 129)",
          "background": "rgba(0, 0, 0, 0)",
          "ratio": 2.54,
          "requiredAA": 4.5,
          "requiredAAA": 7,
          "level": "fail"
        },
        {
          "element": "div.welcome-hero__dash-stat-label",
          "selector": "div.welcome-hero__dash-main > div.welcome-hero__dash-stats > div.welcome-hero__dash-stat > div.welcome-hero__dash-stat-label",
          "foreground": "rgba(255, 255, 255, 0.4)",
          "background": "rgba(0, 0, 0, 0)",
          "ratio": 1,
          "requiredAA": 4.5,
          "requiredAAA": 7,
          "level": "fail"
        },
        {
          "element": "div.welcome-hero__dash-stat-value",
          "selector": "div.welcome-hero__dash-main > div.welcome-hero__dash-stats > div.welcome-hero__dash-stat > div.welcome-hero__dash-stat-value",
          "foreground": "rgb(255, 255, 255)",
          "background": "rgba(0, 0, 0, 0)",
          "ratio": 1,
          "requiredAA": 4.5,
          "requiredAAA": 7,
          "level": "fail"
        },
        {
          "element": "div.welcome-hero__dash-stat-change",
          "selector": "div.welcome-hero__dash-main > div.welcome-hero__dash-stats > div.welcome-hero__dash-stat > div.welcome-hero__dash-stat-change",
          "foreground": "rgb(16, 185, 129)",
          "background": "rgba(0, 0, 0, 0)",
          "ratio": 2.54,
          "requiredAA": 4.5,
          "requiredAAA": 7,
          "level": "fail"
        },
        {
          "element": "div.welcome-hero__dash-chart-header",
          "selector": "div.welcome-hero__dashboard > div.welcome-hero__dash-main > div.welcome-hero__dash-chart > div.welcome-hero__dash-chart-header",
          "foreground": "rgba(255, 255, 255, 0.4)",
          "background": "rgba(0, 0, 0, 0)",
          "ratio": 1,
          "requiredAA": 4.5,
          "requiredAAA": 7,
          "level": "fail"
        },
        {
          "element": "p.welcome-logos__text",
          "selector": "#main-content > section.welcome-logos > div.ifinsta-guest-container > p.welcome-logos__text",
          "foreground": "rgb(158, 158, 158)",
          "background": "rgba(0, 0, 0, 0)",
          "ratio": 2.68,
          "requiredAA": 4.5,
          "requiredAAA": 7,
          "level": "fail"
        },
        {
          "element": "span.welcome-logos__item",
          "selector": "section.welcome-logos > div.ifinsta-guest-container > div.welcome-logos__grid > span.welcome-logos__item",
          "foreground": "rgb(203, 213, 225)",
          "background": "rgba(0, 0, 0, 0)",
          "ratio": 1.48,
          "requiredAA": 3,
          "requiredAAA": 4.5,
          "level": "fail"
        },
        {
          "element": "span.welcome-logos__item",
          "selector": "section.welcome-logos > div.ifinsta-guest-container > div.welcome-logos__grid > span.welcome-logos__item",
          "foreground": "rgb(203, 213, 225)",
          "background": "rgba(0, 0, 0, 0)",
          "ratio": 1.48,
          "requiredAA": 3,
          "requiredAAA": 4.5,
          "level": "fail"
        },
        {
          "element": "span.welcome-logos__item",
          "selector": "section.welcome-logos > div.ifinsta-guest-container > div.welcome-logos__grid > span.welcome-logos__item",
          "foreground": "rgb(203, 213, 225)",
          "background": "rgba(0, 0, 0, 0)",
          "ratio": 1.48,
          "requiredAA": 3,
          "requiredAAA": 4.5,
          "level": "fail"
        },
        {
          "element": "span.welcome-logos__item",
          "selector": "section.welcome-logos > div.ifinsta-guest-container > div.welcome-logos__grid > span.welcome-logos__item",
          "foreground": "rgb(203, 213, 225)",
          "background": "rgba(0, 0, 0, 0)",
          "ratio": 1.48,
          "requiredAA": 3,
          "requiredAAA": 4.5,
          "level": "fail"
        },
        {
          "element": "span.welcome-logos__item",
          "selector": "section.welcome-logos > div.ifinsta-guest-container > div.welcome-logos__grid > span.welcome-logos__item",
          "foreground": "rgb(203, 213, 225)",
          "background": "rgba(0, 0, 0, 0)",
          "ratio": 1.48,
          "requiredAA": 3,
          "requiredAAA": 4.5,
          "level": "fail"
        },
        {
          "element": "div.welcome-step__number",
          "selector": "div.ifinsta-guest-container > div.welcome-steps__grid > div.welcome-step > div.welcome-step__number",
          "foreground": "rgb(0, 102, 204)",
          "background": "rgba(0, 102, 204, 0.08)",
          "ratio": 1,
          "requiredAA": 3,
          "requiredAAA": 4.5,
          "level": "fail"
        },
        {
          "element": "div.welcome-step__number",
          "selector": "div.ifinsta-guest-container > div.welcome-steps__grid > div.welcome-step > div.welcome-step__number",
          "foreground": "rgb(0, 102, 204)",
          "background": "rgba(0, 102, 204, 0.08)",
          "ratio": 1,
          "requiredAA": 3,
          "requiredAAA": 4.5,
          "level": "fail"
        },
        {
          "element": "div.welcome-step__number",
          "selector": "div.ifinsta-guest-container > div.welcome-steps__grid > div.welcome-step > div.welcome-step__number",
          "foreground": "rgb(0, 102, 204)",
          "background": "rgba(0, 102, 204, 0.08)",
          "ratio": 1,
          "requiredAA": 3,
          "requiredAAA": 4.5,
          "level": "fail"
        },
        {
          "element": "span.welcome-discover__eyebrow",
          "selector": "#discoverFilters > span.welcome-discover__eyebrow",
          "foreground": "rgb(180, 83, 9)",
          "background": "rgba(245, 158, 11, 0.1)",
          "ratio": 2.34,
          "requiredAA": 3,
          "requiredAAA": 4.5,
          "level": "fail"
        },
        {
          "element": "button.dfilter__chip.dfilter__chip--active",
          "selector": "#discoverFilters > div.dfilter__group > div.dfilter__chips > button.dfilter__chip.dfilter__chip--active",
          "foreground": "rgb(37, 99, 235)",
          "background": "rgba(37, 99, 235, 0.08)",
          "ratio": 1,
          "requiredAA": 4.5,
          "requiredAAA": 7,
          "level": "fail"
        },
        {
          "element": "button.dfilter__sort-btn.dfilter__sort-btn--active",
          "selector": "#discoverFilters > div.dfilter__group > div.dfilter__sort > button.dfilter__sort-btn.dfilter__sort-btn--active",
          "foreground": "rgb(37, 99, 235)",
          "background": "rgba(37, 99, 235, 0.08)",
          "ratio": 1,
          "requiredAA": 4.5,
          "requiredAAA": 7,
          "level": "fail"
        },
        {
          "element": "span.welcome-discover-card__badge",
          "selector": "#discoverProducts > a.welcome-discover-card > div.welcome-discover-card__media > span.welcome-discover-card__badge",
          "foreground": "rgb(255, 255, 255)",
          "background": "rgba(0, 0, 0, 0)",
          "ratio": 1,
          "requiredAA": 4.5,
          "requiredAAA": 7,
          "level": "fail"
        },
        {
          "element": "span.welcome-discover-card__badge",
          "selector": "#discoverProducts > a.welcome-discover-card > div.welcome-discover-card__media > span.welcome-discover-card__badge",
          "foreground": "rgb(255, 255, 255)",
          "background": "rgba(0, 0, 0, 0)",
          "ratio": 1,
          "requiredAA": 4.5,
          "requiredAAA": 7,
          "level": "fail"
        },
        {
          "element": "span.welcome-discover-card__badge",
          "selector": "#discoverProducts > a.welcome-discover-card > div.welcome-discover-card__media > span.welcome-discover-card__badge",
          "foreground": "rgb(255, 255, 255)",
          "background": "rgba(0, 0, 0, 0)",
          "ratio": 1,
          "requiredAA": 4.5,
          "requiredAAA": 7,
          "level": "fail"
        }
      ]
    },
    "typography": {
      "fonts": [
        {
          "fontSize": 16,
          "lineHeight": 25.6,
          "fontFamily": "Roboto, \"Segoe UI\", Arial, sans-serif",
          "count": 97
        },
        {
          "fontSize": 15,
          "lineHeight": 24,
          "fontFamily": "Roboto, \"Segoe UI\", Arial, sans-serif",
          "count": 21
        },
        {
          "fontSize": 18,
          "lineHeight": 28.8,
          "fontFamily": "Roboto, \"Segoe UI\", Arial, sans-serif",
          "count": 19
        },
        {
          "fontSize": 14,
          "lineHeight": 19.6,
          "fontFamily": "Roboto, \"Segoe UI\", Arial, sans-serif",
          "count": 10
        },
        {
          "fontSize": 14,
          "lineHeight": 22.4,
          "fontFamily": "Roboto, \"Segoe UI\", Arial, sans-serif",
          "count": 9
        },
        {
          "fontSize": 13,
          "lineHeight": 20.8,
          "fontFamily": "Roboto, \"Segoe UI\", Arial, sans-serif",
          "count": 5
        },
        {
          "fontSize": 11,
          "lineHeight": 17.6,
          "fontFamily": "Roboto, \"Segoe UI\", Arial, sans-serif",
          "count": 5
        },
        {
          "fontSize": 13.76,
          "lineHeight": 13.76,
          "fontFamily": "Arial",
          "count": 5
        },
        {
          "fontSize": 12,
          "lineHeight": 19.2,
          "fontFamily": "Roboto, \"Segoe UI\", Arial, sans-serif",
          "count": 4
        },
        {
          "fontSize": 12.48,
          "lineHeight": 19.968,
          "fontFamily": "Roboto, \"Segoe UI\", Arial, sans-serif",
          "count": 4
        },
        {
          "fontSize": 40,
          "lineHeight": 64,
          "fontFamily": "Roboto, \"Segoe UI\", Arial, sans-serif",
          "count": 4
        },
        {
          "fontSize": 10,
          "lineHeight": 16,
          "fontFamily": "Roboto, \"Segoe UI\", Arial, sans-serif",
          "count": 3
        },
        {
          "fontSize": 11.52,
          "lineHeight": 18.432,
          "fontFamily": "Roboto, \"Segoe UI\", Arial, sans-serif",
          "count": 3
        },
        {
          "fontSize": 14.72,
          "lineHeight": 23.552,
          "fontFamily": "Roboto, \"Segoe UI\", Arial, sans-serif",
          "count": 3
        },
        {
          "fontSize": 16,
          "lineHeight": 20.8,
          "fontFamily": "Roboto, \"Segoe UI\", Arial, sans-serif",
          "count": 3
        },
        {
          "fontSize": 10.88,
          "lineHeight": 17.408,
          "fontFamily": "Roboto, \"Segoe UI\", Arial, sans-serif",
          "count": 3
        },
        {
          "fontSize": 13.12,
          "lineHeight": 19.024,
          "fontFamily": "Roboto, \"Segoe UI\", Arial, sans-serif",
          "count": 3
        },
        {
          "fontSize": 20,
          "lineHeight": 32,
          "fontFamily": "Roboto, \"Segoe UI\", Arial, sans-serif",
          "count": 3
        },
        {
          "fontSize": 17,
          "lineHeight": 27.2,
          "fontFamily": "Roboto, \"Segoe UI\", Arial, sans-serif",
          "count": 2
        },
        {
          "fontSize": 32,
          "lineHeight": 35.2,
          "fontFamily": "Roboto, \"Segoe UI\", Arial, sans-serif",
          "count": 1
        },
        {
          "fontSize": 12,
          "lineHeight": 19.2,
          "fontFamily": "ui-monospace, monospace",
          "count": 1
        },
        {
          "fontSize": 36,
          "lineHeight": 57.6,
          "fontFamily": "Roboto, \"Segoe UI\", Arial, sans-serif",
          "count": 1
        },
        {
          "fontSize": 14.4,
          "lineHeight": 23.04,
          "fontFamily": "Roboto, \"Segoe UI\", Arial, sans-serif",
          "count": 1
        },
        {
          "fontSize": 21.6,
          "lineHeight": 24.84,
          "fontFamily": "Roboto, \"Segoe UI\", Arial, sans-serif",
          "count": 1
        },
        {
          "fontSize": 15.2,
          "lineHeight": 25.08,
          "fontFamily": "Roboto, \"Segoe UI\", Arial, sans-serif",
          "count": 1
        },
        {
          "fontSize": 21.6,
          "lineHeight": 25.92,
          "fontFamily": "Roboto, \"Segoe UI\", Arial, sans-serif",
          "count": 1
        },
        {
          "fontSize": 14.72,
          "lineHeight": 22.08,
          "fontFamily": "Roboto, \"Segoe UI\", Arial, sans-serif",
          "count": 1
        },
        {
          "fontSize": 12.8,
          "lineHeight": 20.48,
          "fontFamily": "Roboto, \"Segoe UI\", Arial, sans-serif",
          "count": 1
        },
        {
          "fontSize": 40,
          "lineHeight": 48,
          "fontFamily": "Roboto, \"Segoe UI\", Arial, sans-serif",
          "count": 1
        },
        {
          "fontSize": 18,
          "lineHeight": 30.6,
          "fontFamily": "Roboto, \"Segoe UI\", Arial, sans-serif",
          "count": 1
        },
        {
          "fontSize": 32,
          "lineHeight": 51.2,
          "fontFamily": "Roboto, \"Segoe UI\", Arial, sans-serif",
          "count": 1
        }
      ],
      "issues": [
        "Tight line-height (1.10) on: h1.ifinsta-hero__title",
        "Small font (10px) on: div.welcome-hero__dash-stat-label",
        "Small font (11px) on: div.welcome-hero__dash-stat-change",
        "Small font (10px) on: div.welcome-hero__dash-stat-label",
        "Small font (11px) on: div.welcome-hero__dash-stat-change",
        "Small font (10px) on: div.welcome-hero__dash-stat-label",
        "Small font (11px) on: div.welcome-hero__dash-stat-change",
        "Small font (11px) on: div.welcome-hero__dash-chart-header",
        "Small font (11px) on: p.welcome-logos__text",
        "Long lines (~103ch) on: p.welcome-logos__text",
        "Tight line-height (1.15) on: h2.welcome-discover__intro-title",
        "Long lines (~84ch) on: span.dfilter__label",
        "Tight line-height (1.00) on: button.dfilter__chip.dfilter__chip--active",
        "Tight line-height (1.00) on: button.dfilter__chip",
        "Long lines (~84ch) on: span.dfilter__label",
        "Long lines (~84ch) on: span.dfilter__label",
        "Tight line-height (1.00) on: button.dfilter__sort-btn.dfilter__sort-btn--active",
        "Tight line-height (1.00) on: button.dfilter__sort-btn",
        "Tight line-height (1.00) on: button.dfilter__sort-btn",
        "Small font (11.52px) on: span.welcome-discover-card__badge",
        "Small font (10.88px) on: span.welcome-discover-card__meta-label",
        "Small font (11.52px) on: span.welcome-discover-card__badge",
        "Small font (10.88px) on: span.welcome-discover-card__meta-label",
        "Small font (11.52px) on: span.welcome-discover-card__badge",
        "Small font (10.88px) on: span.welcome-discover-card__meta-label",
        "Long lines (~81ch) on: p.welcome-cta__note",
        "Long lines (~94ch) on: h4.ifinsta-guest-footer__heading",
        "Long lines (~94ch) on: h4.ifinsta-guest-footer__heading",
        "Long lines (~94ch) on: h4.ifinsta-guest-footer__heading"
      ],
      "readabilityScore": 87
    },
    "touchTargets": {
      "total": 45,
      "passing": 14,
      "failing": 31,
      "violations": [
        {
          "element": "a.ifinsta-visually-hidden",
          "selector": "a.ifinsta-visually-hidden",
          "width": 1,
          "height": 1
        },
        {
          "element": "a.ifinsta-guest-header__brand",
          "selector": "header.ifinsta-guest-header > div.ifinsta-guest-header__container > a.ifinsta-guest-header__brand",
          "width": 100,
          "height": 32
        },
        {
          "element": "button.ifinsta-guest-header__menu-toggle",
          "selector": "header.ifinsta-guest-header > div.ifinsta-guest-header__container > button.ifinsta-guest-header__menu-toggle",
          "width": 40,
          "height": 40
        },
        {
          "element": "button.ifinsta-guest-mobile-menu__close",
          "selector": "#guest-mobile-menu > div.ifinsta-guest-mobile-menu__panel > div.ifinsta-guest-mobile-menu__header > button.ifinsta-guest-mobile-menu__close",
          "width": 40,
          "height": 43
        },
        {
          "element": "button.dfilter__chip.dfilter__chip--active",
          "selector": "#discoverFilters > div.dfilter__group > div.dfilter__chips > button.dfilter__chip.dfilter__chip--active",
          "width": 49,
          "height": 36
        },
        {
          "element": "button.dfilter__chip",
          "selector": "#discoverFilters > div.dfilter__group > div.dfilter__chips > button.dfilter__chip",
          "width": 119,
          "height": 36
        },
        {
          "element": "input",
          "selector": "div.dfilter__group > div.dfilter__price-list > label.dfilter__radio > input",
          "width": 13,
          "height": 13
        },
        {
          "element": "input",
          "selector": "div.dfilter__group > div.dfilter__price-list > label.dfilter__radio > input",
          "width": 13,
          "height": 13
        },
        {
          "element": "input",
          "selector": "div.dfilter__group > div.dfilter__price-list > label.dfilter__radio > input",
          "width": 13,
          "height": 13
        },
        {
          "element": "input",
          "selector": "div.dfilter__group > div.dfilter__price-list > label.dfilter__radio > input",
          "width": 13,
          "height": 13
        },
        {
          "element": "input",
          "selector": "div.dfilter__group > div.dfilter__price-list > label.dfilter__radio > input",
          "width": 13,
          "height": 13
        },
        {
          "element": "button.dfilter__sort-btn.dfilter__sort-btn--active",
          "selector": "#discoverFilters > div.dfilter__group > div.dfilter__sort > button.dfilter__sort-btn.dfilter__sort-btn--active",
          "width": 83,
          "height": 36
        },
        {
          "element": "button.dfilter__sort-btn",
          "selector": "#discoverFilters > div.dfilter__group > div.dfilter__sort > button.dfilter__sort-btn",
          "width": 80,
          "height": 36
        },
        {
          "element": "button.dfilter__sort-btn",
          "selector": "#discoverFilters > div.dfilter__group > div.dfilter__sort > button.dfilter__sort-btn",
          "width": 81,
          "height": 36
        },
        {
          "element": "a.welcome-feature__link",
          "selector": "div.ifinsta-guest-container > div.welcome-features__grid > article.welcome-feature > a.welcome-feature__link",
          "width": 97,
          "height": 24
        },
        {
          "element": "a.welcome-feature__link",
          "selector": "div.ifinsta-guest-container > div.welcome-features__grid > article.welcome-feature > a.welcome-feature__link",
          "width": 97,
          "height": 24
        },
        {
          "element": "a.welcome-feature__link",
          "selector": "div.ifinsta-guest-container > div.welcome-features__grid > article.welcome-feature > a.welcome-feature__link",
          "width": 97,
          "height": 24
        },
        {
          "element": "a.welcome-features__link",
          "selector": "section.welcome-features > div.ifinsta-guest-container > div.welcome-features__footer > a.welcome-features__link",
          "width": 183,
          "height": 24
        },
        {
          "element": "a.ifinsta-guest-footer__social-link",
          "selector": "div.ifinsta-guest-footer__grid > div.ifinsta-guest-footer__brand > div.ifinsta-guest-footer__social > a.ifinsta-guest-footer__social-link",
          "width": 40,
          "height": 40
        },
        {
          "element": "a.ifinsta-guest-footer__social-link",
          "selector": "div.ifinsta-guest-footer__grid > div.ifinsta-guest-footer__brand > div.ifinsta-guest-footer__social > a.ifinsta-guest-footer__social-link",
          "width": 40,
          "height": 40
        },
        {
          "element": "a.ifinsta-guest-footer__social-link",
          "selector": "div.ifinsta-guest-footer__grid > div.ifinsta-guest-footer__brand > div.ifinsta-guest-footer__social > a.ifinsta-guest-footer__social-link",
          "width": 40,
          "height": 40
        },
        {
          "element": "a",
          "selector": "div.ifinsta-guest-footer__column > ul.ifinsta-guest-footer__list > li > a",
          "width": 56,
          "height": 20
        },
        {
          "element": "a",
          "selector": "div.ifinsta-guest-footer__column > ul.ifinsta-guest-footer__list > li > a",
          "width": 45,
          "height": 20
        },
        {
          "element": "a",
          "selector": "div.ifinsta-guest-footer__column > ul.ifinsta-guest-footer__list > li > a",
          "width": 101,
          "height": 20
        },
        {
          "element": "a",
          "selector": "div.ifinsta-guest-footer__column > ul.ifinsta-guest-footer__list > li > a",
          "width": 62,
          "height": 20
        },
        {
          "element": "a",
          "selector": "div.ifinsta-guest-footer__column > ul.ifinsta-guest-footer__list > li > a",
          "width": 79,
          "height": 20
        },
        {
          "element": "a",
          "selector": "div.ifinsta-guest-footer__column > ul.ifinsta-guest-footer__list > li > a",
          "width": 72,
          "height": 20
        },
        {
          "element": "a",
          "selector": "div.ifinsta-guest-footer__column > ul.ifinsta-guest-footer__list > li > a",
          "width": 129,
          "height": 20
        },
        {
          "element": "a",
          "selector": "div.ifinsta-guest-footer__column > ul.ifinsta-guest-footer__list > li > a",
          "width": 40,
          "height": 20
        },
        {
          "element": "a",
          "selector": "div.ifinsta-guest-footer__column > ul.ifinsta-guest-footer__list > li > a",
          "width": 88,
          "height": 20
        },
        {
          "element": "a",
          "selector": "div.ifinsta-guest-footer__column > ul.ifinsta-guest-footer__list > li > a",
          "width": 107,
          "height": 20
        }
      ]
    },
    "layoutShifts": {
      "score": 0.0006863336160526077,
      "shifts": [
        {
          "value": 0.0005650252630719596,
          "startTime": 2075.5999999940395,
          "sources": [
            "unknown",
            "unknown"
          ]
        },
        {
          "value": 0.0000028117383211910852,
          "startTime": 2122.89999999851,
          "sources": [
            "unknown"
          ]
        },
        {
          "value": 0.000004760373736485786,
          "startTime": 2217,
          "sources": [
            "unknown"
          ]
        },
        {
          "value": 0.00001586417360976555,
          "startTime": 2251.0999999940395,
          "sources": [
            "unknown"
          ]
        },
        {
          "value": 0.0000026469122816729867,
          "startTime": 2275.5,
          "sources": [
            "unknown"
          ]
        },
        {
          "value": 0.000004174832558036256,
          "startTime": 2535.39999999851,
          "sources": [
            "unknown"
          ]
        },
        {
          "value": 0.00007937657050508934,
          "startTime": 2546.7999999970198,
          "sources": [
            "unknown"
          ]
        },
        {
          "value": 0.000008097198010559208,
          "startTime": 2633.5,
          "sources": [
            "unknown"
          ]
        },
        {
          "value": 0.0000029742830314424964,
          "startTime": 2665.0999999940395,
          "sources": [
            "unknown"
          ]
        },
        {
          "value": 6.022709264052304e-7,
          "startTime": 2926.1999999955297,
          "sources": [
            "unknown"
          ]
        }
      ]
    },
    "responsiveness": {
      "overflowingElements": [
        {
          "element": "div.ifinsta-guest-mobile-menu__panel",
          "selector": "#guest-mobile-menu > div.ifinsta-guest-mobile-menu__panel",
          "width": 607,
          "right": 1213
        },
        {
          "element": "div.ifinsta-guest-mobile-menu__header",
          "selector": "#guest-mobile-menu > div.ifinsta-guest-mobile-menu__panel > div.ifinsta-guest-mobile-menu__header",
          "width": 607,
          "right": 1213
        },
        {
          "element": "span.ifinsta-guest-mobile-menu__title",
          "selector": "#guest-mobile-menu > div.ifinsta-guest-mobile-menu__panel > div.ifinsta-guest-mobile-menu__header > span.ifinsta-guest-mobile-menu__title",
          "width": 46,
          "right": 677
        },
        {
          "element": "button.ifinsta-guest-mobile-menu__close",
          "selector": "#guest-mobile-menu > div.ifinsta-guest-mobile-menu__panel > div.ifinsta-guest-mobile-menu__header > button.ifinsta-guest-mobile-menu__close",
          "width": 40,
          "right": 1189
        },
        {
          "element": "svg",
          "selector": "div.ifinsta-guest-mobile-menu__panel > div.ifinsta-guest-mobile-menu__header > button.ifinsta-guest-mobile-menu__close > svg",
          "width": 24,
          "right": 1181
        },
        {
          "element": "path",
          "selector": "div.ifinsta-guest-mobile-menu__header > button.ifinsta-guest-mobile-menu__close > svg > path",
          "width": 12,
          "right": 1175
        },
        {
          "element": "nav.ifinsta-guest-mobile-menu__nav",
          "selector": "#guest-mobile-menu > div.ifinsta-guest-mobile-menu__panel > nav.ifinsta-guest-mobile-menu__nav",
          "width": 607,
          "right": 1213
        },
        {
          "element": "a.ifinsta-guest-mobile-menu__link",
          "selector": "#guest-mobile-menu > div.ifinsta-guest-mobile-menu__panel > nav.ifinsta-guest-mobile-menu__nav > a.ifinsta-guest-mobile-menu__link",
          "width": 607,
          "right": 1213
        },
        {
          "element": "a.ifinsta-guest-mobile-menu__link",
          "selector": "#guest-mobile-menu > div.ifinsta-guest-mobile-menu__panel > nav.ifinsta-guest-mobile-menu__nav > a.ifinsta-guest-mobile-menu__link",
          "width": 607,
          "right": 1213
        },
        {
          "element": "svg",
          "selector": "div.ifinsta-guest-mobile-menu__panel > nav.ifinsta-guest-mobile-menu__nav > a.ifinsta-guest-mobile-menu__link > svg",
          "width": 24,
          "right": 657
        },
        {
          "element": "path",
          "selector": "nav.ifinsta-guest-mobile-menu__nav > a.ifinsta-guest-mobile-menu__link > svg > path",
          "width": 19,
          "right": 654
        },
        {
          "element": "span",
          "selector": "div.ifinsta-guest-mobile-menu__panel > nav.ifinsta-guest-mobile-menu__nav > a.ifinsta-guest-mobile-menu__link > span",
          "width": 70,
          "right": 738
        },
        {
          "element": "a.ifinsta-guest-mobile-menu__link",
          "selector": "#guest-mobile-menu > div.ifinsta-guest-mobile-menu__panel > nav.ifinsta-guest-mobile-menu__nav > a.ifinsta-guest-mobile-menu__link",
          "width": 607,
          "right": 1213
        },
        {
          "element": "a.ifinsta-guest-mobile-menu__link",
          "selector": "#guest-mobile-menu > div.ifinsta-guest-mobile-menu__panel > nav.ifinsta-guest-mobile-menu__nav > a.ifinsta-guest-mobile-menu__link",
          "width": 607,
          "right": 1213
        },
        {
          "element": "a.ifinsta-guest-mobile-menu__link",
          "selector": "#guest-mobile-menu > div.ifinsta-guest-mobile-menu__panel > nav.ifinsta-guest-mobile-menu__nav > a.ifinsta-guest-mobile-menu__link",
          "width": 607,
          "right": 1213
        },
        {
          "element": "a.ifinsta-guest-mobile-menu__link",
          "selector": "#guest-mobile-menu > div.ifinsta-guest-mobile-menu__panel > nav.ifinsta-guest-mobile-menu__nav > a.ifinsta-guest-mobile-menu__link",
          "width": 607,
          "right": 1213
        },
        {
          "element": "div.ifinsta-guest-mobile-menu__footer",
          "selector": "#guest-mobile-menu > div.ifinsta-guest-mobile-menu__panel > div.ifinsta-guest-mobile-menu__footer",
          "width": 607,
          "right": 1213
        },
        {
          "element": "a.ifinsta-guest-btn.ifinsta-guest-btn--primary",
          "selector": "#guest-mobile-menu > div.ifinsta-guest-mobile-menu__panel > div.ifinsta-guest-mobile-menu__footer > a.ifinsta-guest-btn.ifinsta-guest-btn--primary",
          "width": 559,
          "right": 1189
        },
        {
          "element": "a.welcome-discover-card",
          "selector": "#discoverProducts > a.welcome-discover-card",
          "width": 232,
          "right": 765
        },
        {
          "element": "div.welcome-discover-card__media",
          "selector": "#discoverProducts > a.welcome-discover-card > div.welcome-discover-card__media",
          "width": 231,
          "right": 764
        },
        {
          "element": "img",
          "selector": "#discoverProducts > a.welcome-discover-card > div.welcome-discover-card__media > img",
          "width": 231,
          "right": 764
        },
        {
          "element": "span.welcome-discover-card__badge",
          "selector": "#discoverProducts > a.welcome-discover-card > div.welcome-discover-card__media > span.welcome-discover-card__badge",
          "width": 62,
          "right": 608
        },
        {
          "element": "div.welcome-discover-card__body",
          "selector": "#discoverProducts > a.welcome-discover-card > div.welcome-discover-card__body",
          "width": 231,
          "right": 764
        },
        {
          "element": "div.welcome-discover-card__price",
          "selector": "#discoverProducts > a.welcome-discover-card > div.welcome-discover-card__body > div.welcome-discover-card__price",
          "width": 200,
          "right": 749
        },
        {
          "element": "h3.welcome-discover-card__title",
          "selector": "#discoverProducts > a.welcome-discover-card > div.welcome-discover-card__body > h3.welcome-discover-card__title",
          "width": 200,
          "right": 749
        },
        {
          "element": "p.welcome-discover-card__meta",
          "selector": "#discoverProducts > a.welcome-discover-card > div.welcome-discover-card__body > p.welcome-discover-card__meta",
          "width": 200,
          "right": 749
        },
        {
          "element": "span.welcome-discover-card__meta-label",
          "selector": "a.welcome-discover-card > div.welcome-discover-card__body > p.welcome-discover-card__meta > span.welcome-discover-card__meta-label",
          "width": 200,
          "right": 749
        },
        {
          "element": "span.welcome-discover-card__meta-value",
          "selector": "a.welcome-discover-card > div.welcome-discover-card__body > p.welcome-discover-card__meta > span.welcome-discover-card__meta-value",
          "width": 200,
          "right": 749
        }
      ],
      "hasHorizontalScroll": false,
      "viewportWidth": 607
    },
    "zIndexStacking": {
      "layers": [
        {
          "element": "div#search-overlay.ifinsta-search-overlay",
          "selector": "#search-overlay",
          "zIndex": 900,
          "position": "fixed"
        },
        {
          "element": "div.ifinsta-search-overlay__container",
          "selector": "#search-overlay > div.ifinsta-search-overlay__container",
          "zIndex": 900,
          "position": "fixed"
        },
        {
          "element": "div#search-backdrop.ifinsta-search-overlay__backdrop",
          "selector": "#search-backdrop",
          "zIndex": 890,
          "position": "absolute"
        },
        {
          "element": "div#toast-container.ifinsta-toast-container",
          "selector": "#toast-container",
          "zIndex": 700,
          "position": "fixed"
        },
        {
          "element": "div#ifinsta-toast-container.ifinsta-toast-container",
          "selector": "#ifinsta-toast-container",
          "zIndex": 700,
          "position": "fixed"
        },
        {
          "element": "div#guest-mobile-menu.ifinsta-guest-mobile-menu",
          "selector": "#guest-mobile-menu",
          "zIndex": 500,
          "position": "fixed"
        },
        {
          "element": "header.ifinsta-guest-header",
          "selector": "header.ifinsta-guest-header",
          "zIndex": 300,
          "position": "fixed"
        },
        {
          "element": "div.welcome-hero-custom__grid",
          "selector": "#main-content > section.ifinsta-hero.welcome-hero-custom > div.ifinsta-hero__container > div.welcome-hero-custom__grid",
          "zIndex": 1,
          "position": "relative"
        },
        {
          "element": "div.ifinsta-hero__content",
          "selector": "section.ifinsta-hero.welcome-hero-custom > div.ifinsta-hero__container > div.welcome-hero-custom__grid > div.ifinsta-hero__content",
          "zIndex": 1,
          "position": "relative"
        },
        {
          "element": "div.welcome-discover__shell",
          "selector": "#main-content > section.welcome-discover > div.ifinsta-guest-container > div.welcome-discover__shell",
          "zIndex": 1,
          "position": "relative"
        }
      ],
      "maxZIndex": 900,
      "potentialIssues": []
    },
    "spacing": {
      "commonMargins": [
        {
          "value": "0px",
          "count": 136
        },
        {
          "value": "0px 0px 4px",
          "count": 7
        },
        {
          "value": "0px 0px 24px",
          "count": 6
        },
        {
          "value": "8.8px 0px 0px",
          "count": 6
        },
        {
          "value": "0px 0px 2px",
          "count": 3
        },
        {
          "value": "0px 235.333px 16px",
          "count": 3
        },
        {
          "value": "2.4px 0px 0px",
          "count": 3
        },
        {
          "value": "0px 0px 20px",
          "count": 3
        },
        {
          "value": "0px 0px 32px",
          "count": 2
        },
        {
          "value": "0px 0px 16px",
          "count": 2
        },
        {
          "value": "16px 0px 0px",
          "count": 2
        },
        {
          "value": "0px 0px 64px",
          "count": 2
        },
        {
          "value": "16px 0px 24px",
          "count": 1
        },
        {
          "value": "0px 0px 8px",
          "count": 1
        },
        {
          "value": "0px 0px 12px",
          "count": 1
        }
      ],
      "commonPaddings": [
        {
          "value": "0px",
          "count": 127
        },
        {
          "value": "0px 20px",
          "count": 9
        },
        {
          "value": "24px",
          "count": 5
        },
        {
          "value": "80px 0px",
          "count": 4
        },
        {
          "value": "12px",
          "count": 3
        },
        {
          "value": "15.2px 15.2px 16px",
          "count": 3
        },
        {
          "value": "8.8px 0px 0px",
          "count": 3
        },
        {
          "value": "15.2px",
          "count": 3
        },
        {
          "value": "32px",
          "count": 3
        },
        {
          "value": "8px 0px 0px",
          "count": 3
        },
        {
          "value": "20px",
          "count": 2
        },
        {
          "value": "16px 0px 0px",
          "count": 2
        },
        {
          "value": "16px 0px",
          "count": 1
        },
        {
          "value": "72px 0px 0px",
          "count": 1
        },
        {
          "value": "24px 0px 40px",
          "count": 1
        }
      ],
      "consistencyScore": 84
    },
    "colorPalette": {
      "colors": [
        {
          "value": "rgb(26, 26, 26)",
          "count": 250,
          "usage": [
            "text",
            "border"
          ]
        },
        {
          "value": "rgb(255, 255, 255)",
          "count": 56,
          "usage": [
            "background",
            "text",
            "border"
          ]
        },
        {
          "value": "rgb(245, 246, 247)",
          "count": 45,
          "usage": [
            "text",
            "border"
          ]
        },
        {
          "value": "rgba(241, 245, 249, 0.7)",
          "count": 41,
          "usage": [
            "text",
            "border"
          ]
        },
        {
          "value": "rgb(37, 99, 235)",
          "count": 36,
          "usage": [
            "text",
            "border",
            "background"
          ]
        },
        {
          "value": "rgba(255, 255, 255, 0.4)",
          "count": 34,
          "usage": [
            "text",
            "border"
          ]
        },
        {
          "value": "rgb(0, 102, 204)",
          "count": 30,
          "usage": [
            "text",
            "border"
          ]
        },
        {
          "value": "rgb(71, 85, 105)",
          "count": 29,
          "usage": [
            "text",
            "border"
          ]
        },
        {
          "value": "rgb(100, 116, 139)",
          "count": 28,
          "usage": [
            "text",
            "border"
          ]
        },
        {
          "value": "rgb(15, 23, 42)",
          "count": 26,
          "usage": [
            "background",
            "text",
            "border"
          ]
        },
        {
          "value": "rgb(80, 80, 80)",
          "count": 24,
          "usage": [
            "text",
            "border"
          ]
        },
        {
          "value": "rgb(96, 165, 250)",
          "count": 17,
          "usage": [
            "text",
            "border"
          ]
        },
        {
          "value": "rgb(52, 211, 153)",
          "count": 15,
          "usage": [
            "text",
            "border",
            "background"
          ]
        },
        {
          "value": "rgb(0, 0, 0)",
          "count": 12,
          "usage": [
            "text",
            "border"
          ]
        },
        {
          "value": "rgba(241, 245, 249, 0.5)",
          "count": 12,
          "usage": [
            "text",
            "border"
          ]
        },
        {
          "value": "rgb(203, 213, 225)",
          "count": 10,
          "usage": [
            "text",
            "border"
          ]
        },
        {
          "value": "rgb(180, 83, 9)",
          "count": 9,
          "usage": [
            "text",
            "border"
          ]
        },
        {
          "value": "rgba(255, 255, 255, 0.7)",
          "count": 8,
          "usage": [
            "text",
            "border"
          ]
        },
        {
          "value": "rgb(16, 185, 129)",
          "count": 8,
          "usage": [
            "background",
            "text",
            "border"
          ]
        },
        {
          "value": "rgba(255, 255, 255, 0.05)",
          "count": 7,
          "usage": [
            "border",
            "background"
          ]
        },
        {
          "value": "rgb(26, 26, 26) rgb(26, 26, 26) rgb(26, 26, 26) rgba(0, 0, 0, 0)",
          "count": 6,
          "usage": [
            "border"
          ]
        },
        {
          "value": "rgba(148, 163, 184, 0.24)",
          "count": 6,
          "usage": [
            "border"
          ]
        },
        {
          "value": "rgb(15, 118, 110)",
          "count": 6,
          "usage": [
            "text",
            "border"
          ]
        },
        {
          "value": "rgba(255, 255, 255, 0.03)",
          "count": 4,
          "usage": [
            "background"
          ]
        },
        {
          "value": "rgba(148, 163, 184, 0.9)",
          "count": 4,
          "usage": [
            "border"
          ]
        },
        {
          "value": "rgb(229, 231, 235)",
          "count": 4,
          "usage": [
            "border"
          ]
        },
        {
          "value": "rgba(0, 102, 204, 0.08)",
          "count": 3,
          "usage": [
            "background"
          ]
        },
        {
          "value": "rgba(37, 99, 235, 0.08)",
          "count": 3,
          "usage": [
            "background"
          ]
        },
        {
          "value": "rgb(51, 65, 85)",
          "count": 3,
          "usage": [
            "text"
          ]
        },
        {
          "value": "rgba(255, 255, 255, 0.84)",
          "count": 3,
          "usage": [
            "background"
          ]
        },
        {
          "value": "rgba(148, 163, 184, 0.22)",
          "count": 3,
          "usage": [
            "border"
          ]
        },
        {
          "value": "rgba(255, 255, 255, 0.16)",
          "count": 3,
          "usage": [
            "border"
          ]
        },
        {
          "value": "rgba(226, 232, 240, 0.86) rgb(37, 99, 235) rgb(37, 99, 235)",
          "count": 3,
          "usage": [
            "border"
          ]
        },
        {
          "value": "rgba(226, 232, 240, 0.9)",
          "count": 3,
          "usage": [
            "border"
          ]
        },
        {
          "value": "rgba(255, 255, 255, 0.1)",
          "count": 3,
          "usage": [
            "border"
          ]
        },
        {
          "value": "rgb(26, 26, 26) rgb(26, 26, 26) rgb(229, 231, 235)",
          "count": 2,
          "usage": [
            "border"
          ]
        },
        {
          "value": "rgb(117, 117, 117)",
          "count": 2,
          "usage": [
            "text",
            "border"
          ]
        },
        {
          "value": "rgb(229, 231, 235) rgb(26, 26, 26) rgb(26, 26, 26)",
          "count": 2,
          "usage": [
            "border"
          ]
        },
        {
          "value": "rgba(255, 255, 255, 0.8)",
          "count": 2,
          "usage": [
            "text",
            "border"
          ]
        },
        {
          "value": "rgb(30, 41, 59)",
          "count": 2,
          "usage": [
            "background"
          ]
        },
        {
          "value": "rgb(158, 158, 158)",
          "count": 2,
          "usage": [
            "text",
            "border"
          ]
        },
        {
          "value": "rgba(37, 99, 235, 0.28)",
          "count": 2,
          "usage": [
            "border"
          ]
        },
        {
          "value": "rgba(226, 232, 240, 0.9) rgb(26, 26, 26) rgb(26, 26, 26)",
          "count": 2,
          "usage": [
            "border"
          ]
        },
        {
          "value": "rgba(255, 255, 255, 0.6)",
          "count": 2,
          "usage": [
            "text",
            "border"
          ]
        },
        {
          "value": "rgba(255, 255, 255, 0.85)",
          "count": 1,
          "usage": [
            "background"
          ]
        },
        {
          "value": "rgb(26, 26, 26) rgb(26, 26, 26) rgba(71, 85, 105, 0.15)",
          "count": 1,
          "usage": [
            "border"
          ]
        },
        {
          "value": "rgba(15, 23, 42, 0.4)",
          "count": 1,
          "usage": [
            "background"
          ]
        },
        {
          "value": "rgba(59, 130, 246, 0.15)",
          "count": 1,
          "usage": [
            "background"
          ]
        },
        {
          "value": "rgba(59, 130, 246, 0.3)",
          "count": 1,
          "usage": [
            "border"
          ]
        },
        {
          "value": "rgb(209, 213, 219)",
          "count": 1,
          "usage": [
            "border"
          ]
        }
      ],
      "totalUnique": 66,
      "groups": [
        {
          "representative": "rgb(26, 26, 26)",
          "members": [
            "rgb(26, 26, 26)",
            "rgb(26, 26, 26) rgb(26, 26, 26) rgb(26, 26, 26) rgba(0, 0, 0, 0)",
            "rgb(26, 26, 26) rgb(26, 26, 26) rgb(229, 231, 235)",
            "rgb(26, 26, 26) rgb(26, 26, 26) rgba(71, 85, 105, 0.15)",
            "rgb(26, 26, 26) rgb(26, 26, 26) rgba(255, 255, 255, 0.1)",
            "rgb(26, 26, 26) rgba(255, 255, 255, 0.05) rgb(26, 26, 26) rgb(26, 26, 26)",
            "rgb(26, 26, 26) rgb(26, 26, 26) rgba(148, 163, 184, 0.16)"
          ]
        },
        {
          "representative": "rgb(255, 255, 255)",
          "members": [
            "rgb(255, 255, 255)",
            "rgb(245, 246, 247)",
            "rgba(255, 255, 255, 0.4)",
            "rgba(255, 255, 255, 0.7)",
            "rgba(255, 255, 255, 0.05)",
            "rgba(255, 255, 255, 0.03)",
            "rgba(255, 255, 255, 0.84)",
            "rgba(255, 255, 255, 0.16)",
            "rgba(255, 255, 255, 0.1)",
            "rgba(255, 255, 255, 0.8)",
            "rgba(255, 255, 255, 0.6)",
            "rgba(255, 255, 255, 0.85)",
            "rgba(255, 255, 255, 0.76)",
            "rgb(250, 251, 252)",
            "rgba(255, 255, 255, 0.1) rgb(245, 246, 247) rgb(245, 246, 247)"
          ]
        },
        {
          "representative": "rgba(241, 245, 249, 0.7)",
          "members": [
            "rgba(241, 245, 249, 0.7)",
            "rgba(241, 245, 249, 0.5)"
          ]
        },
        {
          "representative": "rgb(37, 99, 235)",
          "members": [
            "rgb(37, 99, 235)",
            "rgba(37, 99, 235, 0.08)",
            "rgba(37, 99, 235, 0.28)",
            "rgba(37, 99, 235, 0.2)",
            "rgba(37, 99, 235, 0.72)"
          ]
        },
        {
          "representative": "rgb(0, 102, 204)",
          "members": [
            "rgb(0, 102, 204)",
            "rgba(0, 102, 204, 0.08)"
          ]
        },
        {
          "representative": "rgb(71, 85, 105)",
          "members": [
            "rgb(71, 85, 105)"
          ]
        },
        {
          "representative": "rgb(100, 116, 139)",
          "members": [
            "rgb(100, 116, 139)"
          ]
        },
        {
          "representative": "rgb(15, 23, 42)",
          "members": [
            "rgb(15, 23, 42)",
            "rgba(15, 23, 42, 0.4)",
            "rgb(0, 21, 41)"
          ]
        },
        {
          "representative": "rgb(80, 80, 80)",
          "members": [
            "rgb(80, 80, 80)"
          ]
        },
        {
          "representative": "rgb(96, 165, 250)",
          "members": [
            "rgb(96, 165, 250)"
          ]
        },
        {
          "representative": "rgb(52, 211, 153)",
          "members": [
            "rgb(52, 211, 153)"
          ]
        },
        {
          "representative": "rgb(0, 0, 0)",
          "members": [
            "rgb(0, 0, 0)"
          ]
        },
        {
          "representative": "rgb(203, 213, 225)",
          "members": [
            "rgb(203, 213, 225)",
            "rgb(209, 213, 219)"
          ]
        },
        {
          "representative": "rgb(180, 83, 9)",
          "members": [
            "rgb(180, 83, 9)"
          ]
        },
        {
          "representative": "rgb(16, 185, 129)",
          "members": [
            "rgb(16, 185, 129)"
          ]
        },
        {
          "representative": "rgba(148, 163, 184, 0.24)",
          "members": [
            "rgba(148, 163, 184, 0.24)",
            "rgba(148, 163, 184, 0.9)",
            "rgba(148, 163, 184, 0.22)"
          ]
        },
        {
          "representative": "rgb(15, 118, 110)",
          "members": [
            "rgb(15, 118, 110)"
          ]
        },
        {
          "representative": "rgb(229, 231, 235)",
          "members": [
            "rgb(229, 231, 235)",
            "rgba(226, 232, 240, 0.86) rgb(37, 99, 235) rgb(37, 99, 235)",
            "rgba(226, 232, 240, 0.9)",
            "rgb(229, 231, 235) rgb(26, 26, 26) rgb(26, 26, 26)",
            "rgba(226, 232, 240, 0.9) rgb(26, 26, 26) rgb(26, 26, 26)",
            "rgb(229, 231, 235) rgb(26, 26, 26)"
          ]
        },
        {
          "representative": "rgb(51, 65, 85)",
          "members": [
            "rgb(51, 65, 85)"
          ]
        },
        {
          "representative": "rgb(117, 117, 117)",
          "members": [
            "rgb(117, 117, 117)"
          ]
        }
      ]
    },
    "images": {
      "total": 5,
      "missingAlt": [],
      "oversized": [
        {
          "src": "https://ifinsta.com/static/logos/ifinsta-text.1101c3ebd272.svg?v=6a12c7b77024",
          "selector": "header.ifinsta-guest-header > div.ifinsta-guest-header__container > a.ifinsta-guest-header__brand > img.w-5.h-5",
          "naturalWidth": 300,
          "displayWidth": 100,
          "ratio": 3
        },
        {
          "src": "https://ifinsta.com/media/36/b8/b84940866cecfb47_d28d4771.jpg",
          "selector": "#discoverProducts > a.welcome-discover-card > div.welcome-discover-card__media > img",
          "naturalWidth": 1111,
          "displayWidth": 231,
          "ratio": 4.8
        },
        {
          "src": "https://ifinsta.com/media/36/c6/c66e5f1320f41901_90c78daf.jpg",
          "selector": "#discoverProducts > a.welcome-discover-card > div.welcome-discover-card__media > img",
          "naturalWidth": 1122,
          "displayWidth": 231,
          "ratio": 4.9
        },
        {
          "src": "https://ifinsta.com/media/36/34/348a07d93c62d3e3_c32a6850.jpg",
          "selector": "#discoverProducts > a.welcome-discover-card > div.welcome-discover-card__media > img",
          "naturalWidth": 1022,
          "displayWidth": 231,
          "ratio": 4.4
        }
      ],
      "missingDimensions": [
        {
          "src": "https://ifinsta.com/static/logos/ifinsta-text.1101c3ebd272.svg?v=6a12c7b77024",
          "selector": "header.ifinsta-guest-header > div.ifinsta-guest-header__container > a.ifinsta-guest-header__brand > img.w-5.h-5"
        },
        {
          "src": "https://ifinsta.com/media/36/b8/b84940866cecfb47_d28d4771.jpg",
          "selector": "#discoverProducts > a.welcome-discover-card > div.welcome-discover-card__media > img"
        },
        {
          "src": "https://ifinsta.com/media/36/c6/c66e5f1320f41901_90c78daf.jpg",
          "selector": "#discoverProducts > a.welcome-discover-card > div.welcome-discover-card__media > img"
        },
        {
          "src": "https://ifinsta.com/media/36/34/348a07d93c62d3e3_c32a6850.jpg",
          "selector": "#discoverProducts > a.welcome-discover-card > div.welcome-discover-card__media > img"
        },
        {
          "src": "https://ifinsta.com/static/logos/ifinsta-text-white.f537994d0072.svg?v=6a12c7b77024",
          "selector": "div.ifinsta-guest-footer__container > div.ifinsta-guest-footer__grid > div.ifinsta-guest-footer__brand > img.w-8.h-8"
        }
      ],
      "lazyLoaded": 3,
      "eagerLoaded": 2
    },
    "forms": {
      "total": 6,
      "withLabels": 6,
      "withoutLabels": 0,
      "violations": []
    },
    "interactiveElements": {
      "total": 40,
      "violations": [
        {
          "element": "a.ifinsta-visually-hidden",
          "selector": "a.ifinsta-visually-hidden",
          "issue": "undersized",
          "width": 1,
          "height": 1
        },
        {
          "element": "a.ifinsta-guest-header__brand",
          "selector": "header.ifinsta-guest-header > div.ifinsta-guest-header__container > a.ifinsta-guest-header__brand",
          "issue": "undersized",
          "width": 100,
          "height": 32
        },
        {
          "element": "button.ifinsta-guest-header__menu-toggle",
          "selector": "header.ifinsta-guest-header > div.ifinsta-guest-header__container > button.ifinsta-guest-header__menu-toggle",
          "issue": "undersized",
          "width": 40,
          "height": 40
        },
        {
          "element": "button.ifinsta-guest-mobile-menu__close",
          "selector": "#guest-mobile-menu > div.ifinsta-guest-mobile-menu__panel > div.ifinsta-guest-mobile-menu__header > button.ifinsta-guest-mobile-menu__close",
          "issue": "undersized",
          "width": 40,
          "height": 43
        },
        {
          "element": "button.dfilter__chip.dfilter__chip--active",
          "selector": "#discoverFilters > div.dfilter__group > div.dfilter__chips > button.dfilter__chip.dfilter__chip--active",
          "issue": "undersized",
          "width": 49,
          "height": 36
        },
        {
          "element": "button.dfilter__chip",
          "selector": "#discoverFilters > div.dfilter__group > div.dfilter__chips > button.dfilter__chip",
          "issue": "undersized",
          "width": 119,
          "height": 36
        },
        {
          "element": "button.dfilter__sort-btn.dfilter__sort-btn--active",
          "selector": "#discoverFilters > div.dfilter__group > div.dfilter__sort > button.dfilter__sort-btn.dfilter__sort-btn--active",
          "issue": "undersized",
          "width": 83,
          "height": 36
        },
        {
          "element": "button.dfilter__sort-btn",
          "selector": "#discoverFilters > div.dfilter__group > div.dfilter__sort > button.dfilter__sort-btn",
          "issue": "undersized",
          "width": 80,
          "height": 36
        },
        {
          "element": "button.dfilter__sort-btn",
          "selector": "#discoverFilters > div.dfilter__group > div.dfilter__sort > button.dfilter__sort-btn",
          "issue": "undersized",
          "width": 81,
          "height": 36
        },
        {
          "element": "a.welcome-feature__link",
          "selector": "div.ifinsta-guest-container > div.welcome-features__grid > article.welcome-feature > a.welcome-feature__link",
          "issue": "undersized",
          "width": 97,
          "height": 24
        },
        {
          "element": "a.welcome-feature__link",
          "selector": "div.ifinsta-guest-container > div.welcome-features__grid > article.welcome-feature > a.welcome-feature__link",
          "issue": "undersized",
          "width": 97,
          "height": 24
        },
        {
          "element": "a.welcome-feature__link",
          "selector": "div.ifinsta-guest-container > div.welcome-features__grid > article.welcome-feature > a.welcome-feature__link",
          "issue": "undersized",
          "width": 97,
          "height": 24
        },
        {
          "element": "a.welcome-features__link",
          "selector": "section.welcome-features > div.ifinsta-guest-container > div.welcome-features__footer > a.welcome-features__link",
          "issue": "undersized",
          "width": 183,
          "height": 24
        },
        {
          "element": "a.ifinsta-guest-footer__social-link",
          "selector": "div.ifinsta-guest-footer__grid > div.ifinsta-guest-footer__brand > div.ifinsta-guest-footer__social > a.ifinsta-guest-footer__social-link",
          "issue": "undersized",
          "width": 40,
          "height": 40
        },
        {
          "element": "a.ifinsta-guest-footer__social-link",
          "selector": "div.ifinsta-guest-footer__grid > div.ifinsta-guest-footer__brand > div.ifinsta-guest-footer__social > a.ifinsta-guest-footer__social-link",
          "issue": "undersized",
          "width": 40,
          "height": 40
        },
        {
          "element": "a.ifinsta-guest-footer__social-link",
          "selector": "div.ifinsta-guest-footer__grid > div.ifinsta-guest-footer__brand > div.ifinsta-guest-footer__social > a.ifinsta-guest-footer__social-link",
          "issue": "undersized",
          "width": 40,
          "height": 40
        },
        {
          "element": "a",
          "selector": "div.ifinsta-guest-footer__column > ul.ifinsta-guest-footer__list > li > a",
          "issue": "undersized",
          "width": 56,
          "height": 20
        },
        {
          "element": "a",
          "selector": "div.ifinsta-guest-footer__column > ul.ifinsta-guest-footer__list > li > a",
          "issue": "undersized",
          "width": 45,
          "height": 20
        },
        {
          "element": "a",
          "selector": "div.ifinsta-guest-footer__column > ul.ifinsta-guest-footer__list > li > a",
          "issue": "undersized",
          "width": 101,
          "height": 20
        },
        {
          "element": "a",
          "selector": "div.ifinsta-guest-footer__column > ul.ifinsta-guest-footer__list > li > a",
          "issue": "undersized",
          "width": 62,
          "height": 20
        },
        {
          "element": "a",
          "selector": "div.ifinsta-guest-footer__column > ul.ifinsta-guest-footer__list > li > a",
          "issue": "undersized",
          "width": 79,
          "height": 20
        },
        {
          "element": "a",
          "selector": "div.ifinsta-guest-footer__column > ul.ifinsta-guest-footer__list > li > a",
          "issue": "undersized",
          "width": 72,
          "height": 20
        },
        {
          "element": "a",
          "selector": "div.ifinsta-guest-footer__column > ul.ifinsta-guest-footer__list > li > a",
          "issue": "undersized",
          "width": 129,
          "height": 20
        },
        {
          "element": "a",
          "selector": "div.ifinsta-guest-footer__column > ul.ifinsta-guest-footer__list > li > a",
          "issue": "undersized",
          "width": 40,
          "height": 20
        },
        {
          "element": "a",
          "selector": "div.ifinsta-guest-footer__column > ul.ifinsta-guest-footer__list > li > a",
          "issue": "undersized",
          "width": 88,
          "height": 20
        },
        {
          "element": "a",
          "selector": "div.ifinsta-guest-footer__column > ul.ifinsta-guest-footer__list > li > a",
          "issue": "undersized",
          "width": 107,
          "height": 20
        }
      ]
    }
  },
  "screenshots": [],
  "recommendations": [
    "37 color contrast violation(s) detected ΓÇö fix for WCAG AA compliance (minimum 4.5:1 ratio for normal text)",
    "4 oversized image(s) ΓÇö compress and serve in modern formats (WebP/AVIF)",
    "31 undersized touch target(s) ΓÇö increase to minimum 48x48px for mobile usability"
  ],
  "overallVerdict": "fail"
}

======================================================================
Orchestration completed successfully
======================================================================
